Component: ARM Compiler 5.06 update 5 (build 528) Tool: armlink [4d35e2]

==============================================================================

Section Cross References

    main.o(i.ActionStart_Task) refers to main.o(.data) for Sta_Handler
    main.o(i.ActionStart_Task) refers to main.o(.bss) for recover_state
    main.o(i.CAN1_IRQ) refers to rm_motor.o(i.RM_Rx) for RM_Rx
    main.o(i.CAN2_IRQ) refers to rm_motor.o(i.RM_Rx) for RM_Rx
    main.o(i.Control_Task) refers to strncpy.o(.text) for strncpy
    main.o(i.Control_Task) refers to atoi.o(.text) for atoi
    main.o(i.Control_Task) refers to chassis.o(i.omni) for omni
    main.o(i.Control_Task) refers to tasks.o(i.vTaskDelay) for vTaskDelay
    main.o(i.Control_Task) refers to main.o(.bss) for com_buf
    main.o(i.Control_Task) refers to main.o(.data) for target_speed
    main.o(i.Hand_Task) refers to init.o(i.USARTx_Rx) for USARTx_Rx
    main.o(i.Hand_Task) refers to tasks.o(i.vTaskDelay) for vTaskDelay
    main.o(i.Hand_Task) refers to main.o(.bss) for com_buf
    main.o(i.Test_Task) refers to init.o(i.Uart_Printf) for Uart_Printf
    main.o(i.Test_Task) refers to tasks.o(i.vTaskDelay) for vTaskDelay
    main.o(i.Test_Task) refers to main.o(.data) for PushMotora
    main.o(i.Test_Task) refers to main.o(.bss) for Rx_event
    main.o(i.main) refers to delay.o(i.delay_init) for delay_init
    main.o(i.main) refers to init_simplify.o(i.GPIO_init) for GPIO_init
    main.o(i.main) refers to rm_motor.o(i.RM_Init) for RM_Init
    main.o(i.main) refers to dm_motor.o(i.DM_Motor_Init) for DM_Motor_Init
    main.o(i.main) refers to init.o(i.Uartx_Init) for Uartx_Init
    main.o(i.main) refers to pid.o(i.pid_init) for pid_init
    main.o(i.main) refers to free.o(i.FreeRtos_Mode) for FreeRtos_Mode
    main.o(i.main) refers to main.o(.data) for CAN2_RM_BUF
    main.o(i.main) refers to main.o(i.CAN2_IRQ) for CAN2_IRQ
    main.o(i.main) refers to init.o(.data) for CAN2_RX1_IRQ
    main.o(i.main) refers to main.o(i.CAN1_IRQ) for CAN1_IRQ
    main.o(i.main) refers to main.o(.bss) for pids1
    main.o(i.motor_Task) refers to tasks.o(i.xTaskGetTickCount) for xTaskGetTickCount
    main.o(i.motor_Task) refers to dflt_clz.o(x$fpl$dflt) for __aeabi_i2d
    main.o(i.motor_Task) refers to pid.o(i.Pid_PlaceSerialSpeed) for Pid_PlaceSerialSpeed
    main.o(i.motor_Task) refers to dfix.o(x$fpl$dfix) for __aeabi_d2iz
    main.o(i.motor_Task) refers to pid.o(i.pid_speed_current) for pid_speed_current
    main.o(i.motor_Task) refers to rm_motor.o(i.RM_Tx) for RM_Tx
    main.o(i.motor_Task) refers to tasks.o(i.xTaskDelayUntil) for xTaskDelayUntil
    main.o(i.motor_Task) refers to main.o(.data) for PushMotora
    main.o(i.motor_Task) refers to main.o(.bss) for pids1
    main.o(.data) refers to main.o(i.Test_Task) for Test_Task
    main.o(.data) refers to main.o(i.Hand_Task) for Hand_Task
    main.o(.data) refers to main.o(i.Control_Task) for Control_Task
    main.o(.data) refers to main.o(i.motor_Task) for motor_Task
    system_at32f403a_407.o(i.system_core_clock_update) refers to at32f403a_407_crm.o(i.crm_sysclk_switch_status_get) for crm_sysclk_switch_status_get
    system_at32f403a_407.o(i.system_core_clock_update) refers to system_at32f403a_407.o(.data) for system_core_clock
    system_at32f403a_407.o(i.system_core_clock_update) refers to system_at32f403a_407.o(.constdata) for sys_ahb_div_table
    at32f403a_407_clock.o(i.system_clock_config) refers to at32f403a_407_crm.o(i.crm_reset) for crm_reset
    at32f403a_407_clock.o(i.system_clock_config) refers to at32f403a_407_crm.o(i.crm_clock_source_enable) for crm_clock_source_enable
    at32f403a_407_clock.o(i.system_clock_config) refers to at32f403a_407_crm.o(i.crm_hext_stable_wait) for crm_hext_stable_wait
    at32f403a_407_clock.o(i.system_clock_config) refers to at32f403a_407_crm.o(i.crm_pll_config) for crm_pll_config
    at32f403a_407_clock.o(i.system_clock_config) refers to at32f403a_407_crm.o(i.crm_hext_clock_div_set) for crm_hext_clock_div_set
    at32f403a_407_clock.o(i.system_clock_config) refers to at32f403a_407_crm.o(i.crm_flag_get) for crm_flag_get
    at32f403a_407_clock.o(i.system_clock_config) refers to at32f403a_407_crm.o(i.crm_ahb_div_set) for crm_ahb_div_set
    at32f403a_407_clock.o(i.system_clock_config) refers to at32f403a_407_crm.o(i.crm_apb2_div_set) for crm_apb2_div_set
    at32f403a_407_clock.o(i.system_clock_config) refers to at32f403a_407_crm.o(i.crm_apb1_div_set) for crm_apb1_div_set
    at32f403a_407_clock.o(i.system_clock_config) refers to at32f403a_407_crm.o(i.crm_auto_step_mode_enable) for crm_auto_step_mode_enable
    at32f403a_407_clock.o(i.system_clock_config) refers to at32f403a_407_crm.o(i.crm_sysclk_switch) for crm_sysclk_switch
    at32f403a_407_clock.o(i.system_clock_config) refers to at32f403a_407_crm.o(i.crm_sysclk_switch_status_get) for crm_sysclk_switch_status_get
[...]
    TMR7_GLOBAL_IRQHandler                   0x080003eb   Thumb Code     0  startup_at32f403a_407.o(.text)
    TMR8_BRK_TMR12_IRQHandler                0x080003eb   Thumb Code     0  startup_at32f403a_407.o(.text)
    TMR8_CH_IRQHandler                       0x080003eb   Thumb Code     0  startup_at32f403a_407.o(.text)
    TMR8_OVF_TMR13_IRQHandler                0x080003eb   Thumb Code     0  startup_at32f403a_407.o(.text)
    TMR8_TRG_HALL_TMR14_IRQHandler           0x080003eb   Thumb Code     0  startup_at32f403a_407.o(.text)
    UART8_IRQHandler                         0x080003eb   Thumb Code     0  startup_at32f403a_407.o(.text)
    USBFSWakeUp_IRQHandler                   0x080003eb   Thumb Code     0  startup_at32f403a_407.o(.text)
    USBFS_H_CAN1_TX_IRQHandler               0x080003eb   Thumb Code     0  startup_at32f403a_407.o(.text)
    USBFS_MAPH_IRQHandler                    0x080003eb   Thumb Code     0  startup_at32f403a_407.o(.text)
    USBFS_MAPL_IRQHandler                    0x080003eb   Thumb Code     0  startup_at32f403a_407.o(.text)
    WWDT_IRQHandler                          0x080003eb   Thumb Code     0  startup_at32f403a_407.o(.text)
    XMC_IRQHandler                           0x080003eb   Thumb Code     0  startup_at32f403a_407.o(.text)
    __user_initial_stackheap                 0x080003ed   Thumb Code     0  startup_at32f403a_407.o(.text)
    __use_no_semihosting                     0x08000411   Thumb Code     2  use_no_semi_2.o(.text)
    vsprintf                                 0x08000415   Thumb Code    32  vsprintf.o(.text)
    __2printf                                0x08000439   Thumb Code    20  __2printf.o(.text)
    __2sprintf                               0x08000451   Thumb Code    38  __2sprintf.o(.text)
    _printf_pre_padding                      0x0800047d   Thumb Code    44  _printf_pad.o(.text)
    _printf_post_padding                     0x080004a9   Thumb Code    34  _printf_pad.o(.text)
    _printf_int_dec                          0x080004cd   Thumb Code   104  _printf_dec.o(.text)
    __printf                                 0x08000545   Thumb Code   388  __printf_flags_ss_wp.o(.text)
    atoi                                     0x080006cd   Thumb Code    26  atoi.o(.text)
    strcpy                                   0x080006e7   Thumb Code    72  strcpy.o(.text)
    strlen                                   0x0800072f   Thumb Code    62  strlen.o(.text)
    __aeabi_memclr4                          0x0800076d   Thumb Code     0  rt_memclr_w.o(.text)
    __aeabi_memclr8                          0x0800076d   Thumb Code     0  rt_memclr_w.o(.text)
    __rt_memclr_w                            0x0800076d   Thumb Code    78  rt_memclr_w.o(.text)
    _memset_w                                0x08000771   Thumb Code     0  rt_memclr_w.o(.text)
    strncpy                                  0x080007bb   Thumb Code    86  strncpy.o(.text)
    strcmp                                   0x08000811   Thumb Code   128  strcmpv7m.o(.text)
    __use_two_region_memory                  0x08000891   Thumb Code     2  heapauxi.o(.text)
    __rt_heap_escrow                         0x08000893   Thumb Code     2  heapauxi.o(.text)
    __rt_heap_expand                         0x08000895   Thumb Code     2  heapauxi.o(.text)
    __I$use$semihosting                      0x08000897   Thumb Code     0  use_no_semi.o(.text)
    __use_no_semihosting_swi                 0x08000897   Thumb Code     2  use_no_semi.o(.text)
    __aeabi_errno_addr                       0x08000899   Thumb Code     8  rt_errno_addr_intlibspace.o(.text)
    __errno$intlibspace                      0x08000899   Thumb Code     0  rt_errno_addr_intlibspace.o(.text)
    __rt_errno_addr$intlibspace              0x08000899   Thumb Code     0  rt_errno_addr_intlibspace.o(.text)
    __read_errno                             0x080008a1   Thumb Code    10  _rserrno.o(.text)
    __set_errno                              0x080008ab   Thumb Code    12  _rserrno.o(.text)
    _printf_truncate_signed                  0x080008b7   Thumb Code    18  _printf_truncate.o(.text)
    _printf_truncate_unsigned                0x080008c9   Thumb Code    18  _printf_truncate.o(.text)
    _printf_str                              0x080008db   Thumb Code    82  _printf_str.o(.text)
    _printf_int_common                       0x0800092d   Thumb Code   178  _printf_intcommon.o(.text)
    _printf_charcount                        0x080009df   Thumb Code    40  _printf_charcount.o(.text)
    __lib_sel_fp_printf                      0x08000a07   Thumb Code     2  _printf_fp_dec.o(.text)
    _printf_fp_dec_real                      0x08000bb9   Thumb Code   620  _printf_fp_dec.o(.text)
    _printf_fp_hex_real                      0x08000e25   Thumb Code   756  _printf_fp_hex.o(.text)
    _printf_char_common                      0x0800112b   Thumb Code    32  _printf_char_common.o(.text)
    _sputc                                   0x08001151   Thumb Code    10  _sputc.o(.text)
    _printf_char_file                        0x0800115d   Thumb Code    32  _printf_char_file.o(.text)
    _printf_wctomb                           0x08001181   Thumb Code   182  _printf_wctomb.o(.text)
    _printf_longlong_dec                     0x0800123d   Thumb Code   108  _printf_longlong_dec.o(.text)
    _printf_longlong_oct                     0x080012b9   Thumb Code    66  _printf_oct_int_ll.o(.text)
    _printf_int_oct                          0x080012fb   Thumb Code    24  _printf_oct_int_ll.o(.text)
    _printf_ll_oct                           0x08001313   Thumb Code    12  _printf_oct_int_ll.o(.text)
    _printf_longlong_hex                     0x08001329   Thumb Code    86  _printf_hex_int_ll_ptr.o(.text)
    _printf_int_hex                          0x0800137f   Thumb Code    28  _printf_hex_int_ll_ptr.o(.text)
    _printf_ll_hex                           0x0800139b   Thumb Code    12  _printf_hex_int_ll_ptr.o(.text)
    _printf_hex_ptr                          0x080013a7   Thumb Code    18  _printf_hex_int_ll_ptr.o(.text)
    strtol                                   0x080013bd   Thumb Code   112  strtol.o(.text)
    __aeabi_memclr                           0x0800142d   Thumb Code     0  rt_memclr.o(.text)
    __rt_memclr                              0x0800142d   Thumb Code    68  rt_memclr.o(.text)
    _memset                                  0x08001431   Thumb Code     0  rt_memclr.o(.text)
    __user_libspace                          0x08001471   Thumb Code     8  libspace.o(.text)
    __user_perproc_libspace                  0x08001471   Thumb Code     0  libspace.o(.text)
    __user_perthread_libspace                0x08001471   Thumb Code     0  libspace.o(.text)
    __rt_ctype_table                         0x08001479   Thumb Code    16  rt_ctype_table.o(.text)
    __rt_locale                              0x08001489   Thumb Code     8  rt_locale_intlibspace.o(.text)
    _ll_udiv10                               0x08001491   Thumb Code   138  lludiv10.o(.text)
    _printf_fp_infnan                        0x0800151d   Thumb Code   112  _printf_fp_infnan.o(.text)
    _printf_cs_common                        0x0800159d   Thumb Code    20  _printf_char.o(.text)
    _printf_char                             0x080015b1   Thumb Code    16  _printf_char.o(.text)
    _printf_string                           0x080015c1   Thumb Code     8  _printf_char.o(.text)
    _printf_lcs_common                       0x080015c9   Thumb Code    20  _printf_wchar.o(.text)
    _printf_wchar                            0x080015dd   Thumb Code    16  _printf_wchar.o(.text)
    _printf_wstring                          0x080015ed   Thumb Code     8  _printf_wchar.o(.text)
    _strtoul                                 0x080015f5   Thumb Code   158  _strtoul.o(.text)
    _btod_etento                             0x08001695   Thumb Code   224  bigflt0.o(.text)
    ferror                                   0x08001779   Thumb Code     8  ferror.o(.text)
    _wcrtomb                                 0x08001781   Thumb Code    64  _wcrtomb.o(.text)
    __user_setup_stackheap                   0x080017c1   Thumb Code    74  sys_stackheap_outer.o(.text)
    _chval                                   0x0800180b   Thumb Code    28  _chval.o(.text)
    exit                                     0x08001827   Thumb Code    18  exit.o(.text)
    _btod_d2e                                0x08001839   Thumb Code    62  btod.o(CL$$btod_d2e)
    _d2e_denorm_low                          0x08001877   Thumb Code    70  btod.o(CL$$btod_d2e_denorm_low)
    _d2e_norm_op1                            0x080018bd   Thumb Code    96  btod.o(CL$$btod_d2e_norm_op1)
    __btod_div_common                        0x0800191d   Thumb Code   696  btod.o(CL$$btod_div_common)
    _e2e                                     0x08001c55   Thumb Code   220  btod.o(CL$$btod_e2e)
    _btod_ediv                               0x08001d31   Thumb Code    42  btod.o(CL$$btod_ediv)
    _btod_emul                               0x08001d5b   Thumb Code    42  btod.o(CL$$btod_emul)
    __btod_mult_common                       0x08001d85   Thumb Code   580  btod.o(CL$$btod_mult_common)
    BusFault_Handler                         0x08001fc9   Thumb Code     4  at32f403a_407_int.o(i.BusFault_Handler)
    CAN1_IRQ                                 0x08001fcd   Thumb Code    16  main.o(i.CAN1_IRQ)
    CAN1_RX1_IRQHandler                      0x08001fdd   Thumb Code   316  init.o(i.CAN1_RX1_IRQHandler)
    CAN2_IRQ                                 0x08002131   Thumb Code    16  main.o(i.CAN2_IRQ)
    CAN2_RX0_IRQHandler                      0x08002141   Thumb Code   316  init.o(i.CAN2_RX0_IRQHandler)
    CAN2_RX1_IRQHandler                      0x08002295   Thumb Code   336  init.o(i.CAN2_RX1_IRQHandler)
    Can_Init                                 0x08002401   Thumb Code   470  init.o(i.Can_Init)
    Can_Tx                                   0x080025e5   Thumb Code   600  init.o(i.Can_Tx)
    Control_Task                             0x08002845   Thumb Code   298  main.o(i.Control_Task)
    DMA1_Channel1_IRQHandler                 0x08002985   Thumb Code    80  dma_usart.o(i.DMA1_Channel1_IRQHandler)
    DMA1_Channel2_IRQHandler                 0x080029e5   Thumb Code    80  dma_usart.o(i.DMA1_Channel2_IRQHandler)
    DMA1_Channel3_IRQHandler                 0x08002a45   Thumb Code    84  dma_usart.o(i.DMA1_Channel3_IRQHandler)
    DMA1_Channel4_IRQHandler                 0x08002aa9   Thumb Code    84  dma_usart.o(i.DMA1_Channel4_IRQHandler)
    DMA1_Channel5_IRQHandler                 0x08002b0d   Thumb Code    84  dma_usart.o(i.DMA1_Channel5_IRQHandler)
    DMA1_Channel6_IRQHandler                 0x08002b71   Thumb Code    84  dma_usart.o(i.DMA1_Channel6_IRQHandler)
    DMA1_Channel7_IRQHandler                 0x08002bd5   Thumb Code    84  dma_usart.o(i.DMA1_Channel7_IRQHandler)
    DM_Motor_Init                            0x08002c39   Thumb Code   184  dm_motor.o(i.DM_Motor_Init)
    DM_Motor_Rx                              0x08002d15   Thumb Code   588  dm_motor.o(i.DM_Motor_Rx)
    DebugMon_Handler                         0x08002fc9   Thumb Code     2  at32f403a_407_int.o(i.DebugMon_Handler)
    FreeRtos_Mode                            0x08002fcd   Thumb Code   228  free.o(i.FreeRtos_Mode)
    GPIO_init                                0x080030b9   Thumb Code   206  init_simplify.o(i.GPIO_init)
    Get_UART_SendFunc                        0x08003189   Thumb Code    50  init.o(i.Get_UART_SendFunc)
    Gpio_Init                                0x080031d9   Thumb Code   314  init.o(i.Gpio_Init)
    Hand_Task                                0x0800332d   Thumb Code    20  main.o(i.Hand_Task)
    HardFault_Handler                        0x08003345   Thumb Code     4  at32f403a_407_int.o(i.HardFault_Handler)
    MemManage_Handler                        0x08003349   Thumb Code     4  at32f403a_407_int.o(i.MemManage_Handler)
    NMI_Handler                              0x0800334d   Thumb Code     2  at32f403a_407_int.o(i.NMI_Handler)
    Nvic_Init                                0x0800334f   Thumb Code    20  init.o(i.Nvic_Init)
    Pid                                      0x08003365   Thumb Code   468  pid.o(i.Pid)
    Pid_PlaceSerialSpeed                     0x0800353d   Thumb Code   326  pid.o(i.Pid_PlaceSerialSpeed)
    RM_Init                                  0x08003685   Thumb Code   116  rm_motor.o(i.RM_Init)
    RM_Rx                                    0x08003711   Thumb Code   382  rm_motor.o(i.RM_Rx)
    RM_Tx                                    0x0800389d   Thumb Code    96  rm_motor.o(i.RM_Tx)
    SysTick_Handler                          0x080038fd   Thumb Code    46  port.o(i.SysTick_Handler)
    SystemInit                               0x08003931   Thumb Code   100  system_at32f403a_407.o(i.SystemInit)
    Test_Task                                0x080039a1   Thumb Code   190  main.o(i.Test_Task)
    UART4_IRQHandler                         0x08003aa5   Thumb Code   196  init.o(i.UART4_IRQHandler)
    UART4_SendByte                           0x08003b8d   Thumb Code    28  init.o(i.UART4_SendByte)
    UART5_IRQHandler                         0x08003bad   Thumb Code   196  init.o(i.UART5_IRQHandler)
    UART5_SendByte                           0x08003c95   Thumb Code    28  init.o(i.UART5_SendByte)
    UART7_IRQHandler                         0x08003cb5   Thumb Code   196  init.o(i.UART7_IRQHandler)
    UART7_SendByte                           0x08003d9d   Thumb Code    28  init.o(i.UART7_SendByte)
    USART1_IRQHandler                        0x08003dbd   Thumb Code   222  usart.o(i.USART1_IRQHandler)
    USART1_SendByte                          0x08003eb9   Thumb Code    28  init.o(i.USART1_SendByte)
    USART2_IRQHandler                        0x08003ed9   Thumb Code   196  init.o(i.USART2_IRQHandler)
    USART2_SendByte                          0x08003fc1   Thumb Code    28  init.o(i.USART2_SendByte)
    USART3_IRQHandler                        0x08003fe1   Thumb Code   196  init.o(i.USART3_IRQHandler)
    USART3_SendByte                          0x080040c9   Thumb Code    28  init.o(i.USART3_SendByte)
    USART6_IRQHandler                        0x080040e9   Thumb Code   196  init.o(i.USART6_IRQHandler)
    USART6_SendByte                          0x080041d1   Thumb Code    28  init.o(i.USART6_SendByte)
    USARTx_Rx                                0x080041f1   Thumb Code   380  init.o(i.USARTx_Rx)
    USBFS_L_CAN1_RX0_IRQHandler              0x080043a5   Thumb Code   346  init.o(i.USBFS_L_CAN1_RX0_IRQHandler)
    Uart_Printf                              0x0800451d   Thumb Code    46  init.o(i.Uart_Printf)
    Uart_SendString                          0x0800454b   Thumb Code    30  init.o(i.Uart_SendString)
    Uartx_Init                               0x08004569   Thumb Code   746  init.o(i.Uartx_Init)
    UsageFault_Handler                       0x08004879   Thumb Code     4  at32f403a_407_int.o(i.UsageFault_Handler)
    __ARM_fpclassify                         0x0800487d   Thumb Code    48  fpclassify.o(i.__ARM_fpclassify)
    __hardfp_cos                             0x080048b1   Thumb Code   180  cos.o(i.__hardfp_cos)
    __hardfp_sin                             0x08004979   Thumb Code   180  sin.o(i.__hardfp_sin)
    __ieee754_rem_pio2                       0x08004a41   Thumb Code   938  rred.o(i.__ieee754_rem_pio2)
    __kernel_cos                             0x08004e79   Thumb Code   322  cos_i.o(i.__kernel_cos)
    __kernel_poly                            0x08004fe9   Thumb Code   248  poly.o(i.__kernel_poly)
    __kernel_sin                             0x080050e1   Thumb Code   280  sin_i.o(i.__kernel_sin)
    __mathlib_dbl_infnan                     0x08005211   Thumb Code    20  dunder.o(i.__mathlib_dbl_infnan)
    __mathlib_dbl_invalid                    0x08005229   Thumb Code    24  dunder.o(i.__mathlib_dbl_invalid)
    __mathlib_dbl_underflow                  0x08005249   Thumb Code    24  dunder.o(i.__mathlib_dbl_underflow)
    _is_digit                                0x08005269   Thumb Code    14  __printf_wp.o(i._is_digit)
    _sys_exit                                0x08005277   Thumb Code     4  usart.o(i._sys_exit)
    can_base_init                            0x0800527b   Thumb Code   188  at32f403a_407_can.o(i.can_base_init)
    can_baudrate_set                         0x08005337   Thumb Code   146  at32f403a_407_can.o(i.can_baudrate_set)
    can_filter_init                          0x080053c9   Thumb Code   356  at32f403a_407_can.o(i.can_filter_init)
    can_flag_clear                           0x0800552d   Thumb Code   118  at32f403a_407_can.o(i.can_flag_clear)
    can_interrupt_enable                     0x080055a9   Thumb Code    18  at32f403a_407_can.o(i.can_interrupt_enable)
    can_message_receive                      0x080055bb   Thumb Code   240  at32f403a_407_can.o(i.can_message_receive)
    can_message_transmit                     0x080056ab   Thumb Code   312  at32f403a_407_can.o(i.can_message_transmit)
    can_receive_fifo_release                 0x080057e3   Thumb Code    26  at32f403a_407_can.o(i.can_receive_fifo_release)
    can_transmit_status_get                  0x080057fd   Thumb Code   108  at32f403a_407_can.o(i.can_transmit_status_get)
    crm_ahb_div_set                          0x08005869   Thumb Code    14  at32f403a_407_crm.o(i.crm_ahb_div_set)
    crm_apb1_div_set                         0x0800587d   Thumb Code    14  at32f403a_407_crm.o(i.crm_apb1_div_set)
    crm_apb2_div_set                         0x08005891   Thumb Code    14  at32f403a_407_crm.o(i.crm_apb2_div_set)
    crm_auto_step_mode_enable                0x080058a5   Thumb Code    34  at32f403a_407_crm.o(i.crm_auto_step_mode_enable)
    crm_clock_source_enable                  0x080058cd   Thumb Code    90  at32f403a_407_crm.o(i.crm_clock_source_enable)
    crm_clocks_freq_get                      0x0800592d   Thumb Code   268  at32f403a_407_crm.o(i.crm_clocks_freq_get)
    crm_flag_get                             0x08005a59   Thumb Code    42  at32f403a_407_crm.o(i.crm_flag_get)
    crm_hext_clock_div_set                   0x08005a89   Thumb Code    14  at32f403a_407_crm.o(i.crm_hext_clock_div_set)
    crm_hext_stable_wait                     0x08005a9d   Thumb Code    46  at32f403a_407_crm.o(i.crm_hext_stable_wait)
    crm_periph_clock_enable                  0x08005acd   Thumb Code    62  at32f403a_407_crm.o(i.crm_periph_clock_enable)
    crm_pll_config                           0x08005b11   Thumb Code   118  at32f403a_407_crm.o(i.crm_pll_config)
    crm_reset                                0x08005b8d   Thumb Code    80  at32f403a_407_crm.o(i.crm_reset)
    crm_sysclk_switch                        0x08005be5   Thumb Code    14  at32f403a_407_crm.o(i.crm_sysclk_switch)
    crm_sysclk_switch_status_get             0x08005bf9   Thumb Code    10  at32f403a_407_crm.o(i.crm_sysclk_switch_status_get)
    delay_init                               0x08005c09   Thumb Code    42  delay.o(i.delay_init)
    dma_channel_enable                       0x08005c45   Thumb Code    10  at32f403a_407_dma.o(i.dma_channel_enable)
    dma_data_number_get                      0x08005c4f   Thumb Code     8  at32f403a_407_dma.o(i.dma_data_number_get)
    dma_flag_clear                           0x08005c59   Thumb Code    22  at32f403a_407_dma.o(i.dma_flag_clear)
    dma_flag_get                             0x08005c79   Thumb Code    36  at32f403a_407_dma.o(i.dma_flag_get)
    fabs                                     0x08005ca5   Thumb Code    24  fabs.o(i.fabs)
    fputc                                    0x08005cbd   Thumb Code    24  usart.o(i.fputc)
    gpio_default_para_init                   0x08005cd9   Thumb Code    22  at32f403a_407_gpio.o(i.gpio_default_para_init)
    gpio_init                                0x08005cef   Thumb Code   168  at32f403a_407_gpio.o(i.gpio_init)
    main                                     0x08005d99   Thumb Code   340  main.o(i.main)
    motor_Task                               0x08005f4d   Thumb Code   876  main.o(i.motor_Task)
    nvic_irq_enable                          0x080062ed   Thumb Code   190  at32f403a_407_misc.o(i.nvic_irq_enable)
    omni                                     0x080063b5   Thumb Code   490  chassis.o(i.omni)
    pid_init                                 0x080065c9   Thumb Code    70  pid.o(i.pid_init)
    pid_speed_current                        0x08006615   Thumb Code   196  pid.o(i.pid_speed_current)
    pvPortMalloc                             0x08006b15   Thumb Code   338  heap_4.o(i.pvPortMalloc)
    pxPortInitialiseStack                    0x08006c81   Thumb Code    38  port.o(i.pxPortInitialiseStack)
    system_clock_config                      0x08006cad   Thumb Code   112  at32f403a_407_clock.o(i.system_clock_config)
    system_core_clock_update                 0x08006d1d   Thumb Code   222  system_at32f403a_407.o(i.system_core_clock_update)
    systick_clock_source_config              0x08006e15   Thumb Code    40  at32f403a_407_misc.o(i.systick_clock_source_config)
    uart_init                                0x08006e3d   Thumb Code   160  usart.o(i.uart_init)
    uint_to_float                            0x08006eed   Thumb Code    52  dm_motor.o(i.uint_to_float)
    usart_data_receive                       0x08006f21   Thumb Code     8  at32f403a_407_usart.o(i.usart_data_receive)
    usart_data_transmit                      0x08006f29   Thumb Code     8  at32f403a_407_usart.o(i.usart_data_transmit)
    usart_enable                             0x08006f31   Thumb Code    10  at32f403a_407_usart.o(i.usart_enable)
    usart_flag_clear                         0x08006f3b   Thumb Code    18  at32f403a_407_usart.o(i.usart_flag_clear)
    usart_flag_get                           0x08006f4d   Thumb Code    16  at32f403a_407_usart.o(i.usart_flag_get)
    usart_init                               0x08006f5d   Thumb Code   120  at32f403a_407_usart.o(i.usart_init)
    usart_interrupt_enable                   0x08006fe5   Thumb Code    54  at32f403a_407_usart.o(i.usart_interrupt_enable)
    usart_receiver_enable                    0x0800701b   Thumb Code    10  at32f403a_407_usart.o(i.usart_receiver_enable)
    usart_transmitter_enable                 0x08007025   Thumb Code    10  at32f403a_407_usart.o(i.usart_transmitter_enable)
    uxListRemove                             0x0800702f   Thumb Code    40  list.o(i.uxListRemove)
    vListInitialise                          0x08007057   Thumb Code    26  list.o(i.vListInitialise)
    vListInitialiseItem                      0x08007071   Thumb Code     6  list.o(i.vListInitialiseItem)
    vListInsert                              0x08007077   Thumb Code    52  list.o(i.vListInsert)
    vListInsertEnd                           0x080070ab   Thumb Code    24  list.o(i.vListInsertEnd)
    vPortEnterCritical                       0x080070c5   Thumb Code    76  port.o(i.vPortEnterCritical)
    vPortExitCritical                        0x08007119   Thumb Code    56  port.o(i.vPortExitCritical)
    vPortFree                                0x08007155   Thumb Code   150  heap_4.o(i.vPortFree)
    vPortSetupTimerInterrupt                 0x080071f9   Thumb Code    36  port.o(i.vPortSetupTimerInterrupt)
    vTaskDelay                               0x08007221   Thumb Code    82  tasks.o(i.vTaskDelay)
    vTaskStartScheduler                      0x0800727d   Thumb Code   112  tasks.o(i.vTaskStartScheduler)
    vTaskSuspendAll                          0x0800730d   Thumb Code    12  tasks.o(i.vTaskSuspendAll)
    vTaskSwitchContext                       0x0800731d   Thumb Code   118  tasks.o(i.vTaskSwitchContext)
    xPortStartScheduler                      0x080073a9   Thumb Code   330  port.o(i.xPortStartScheduler)
    xTaskCreate                              0x08007511   Thumb Code    96  tasks.o(i.xTaskCreate)
    xTaskDelayUntil                          0x08007571   Thumb Code   202  tasks.o(i.xTaskDelayUntil)
    xTaskGetTickCount                        0x08007649   Thumb Code     6  tasks.o(i.xTaskGetTickCount)
    xTaskIncrementTick                       0x08007655   Thumb Code   282  tasks.o(i.xTaskIncrementTick)
    xTaskResumeAll                           0x0800779d   Thumb Code   224  tasks.o(i.xTaskResumeAll)
    _get_lc_numeric                          0x080078a1   Thumb Code    44  lc_numeric_c.o(locale$$code)
    _get_lc_ctype                            0x080078cd   Thumb Code    44  lc_ctype_c.o(locale$$code)
    __aeabi_dneg                             0x080078f9   Thumb Code     0  basic.o(x$fpl$basic)
    _dneg                                    0x080078f9   Thumb Code     6  basic.o(x$fpl$basic)
    __aeabi_fneg                             0x080078ff   Thumb Code     0  basic.o(x$fpl$basic)
    _fneg                                    0x080078ff   Thumb Code     6  basic.o(x$fpl$basic)
    _dabs                                    0x08007905   Thumb Code     6  basic.o(x$fpl$basic)
    _fabs                                    0x0800790b   Thumb Code     6  basic.o(x$fpl$basic)
    __aeabi_d2f                              0x08007911   Thumb Code     0  d2f.o(x$fpl$d2f)
    _d2f                                     0x08007911   Thumb Code    98  d2f.o(x$fpl$d2f)
    __aeabi_dadd                             0x08007975   Thumb Code     0  daddsub_clz.o(x$fpl$dadd)
    _dadd                                    0x08007975   Thumb Code   332  daddsub_clz.o(x$fpl$dadd)
    __fpl_dcmp_Inf                           0x08007ac5   Thumb Code    24  dcmpi.o(x$fpl$dcmpinf)
    __aeabi_ddiv                             0x08007add   Thumb Code     0  ddiv.o(x$fpl$ddiv)
    _ddiv                                    0x08007add   Thumb Code   552  ddiv.o(x$fpl$ddiv)
    __aeabi_cdcmpeq                          0x08007d8d   Thumb Code     0  deqf.o(x$fpl$deqf)
    _dcmpeq                                  0x08007d8d   Thumb Code   120  deqf.o(x$fpl$deqf)
    __aeabi_d2iz                             0x08007e05   Thumb Code     0  dfix.o(x$fpl$dfix)
    _dfix                                    0x08007e05   Thumb Code    94  dfix.o(x$fpl$dfix)
    __aeabi_i2d                              0x08007e63   Thumb Code     0  dflt_clz.o(x$fpl$dflt)
    _dflt                                    0x08007e63   Thumb Code    46  dflt_clz.o(x$fpl$dflt)
    __aeabi_ui2d                             0x08007e91   Thumb Code     0  dflt_clz.o(x$fpl$dfltu)
    _dfltu                                   0x08007e91   Thumb Code    38  dflt_clz.o(x$fpl$dfltu)
    __aeabi_cdcmple                          0x08007eb9   Thumb Code     0  dleqf.o(x$fpl$dleqf)
    _dcmple                                  0x08007eb9   Thumb Code   120  dleqf.o(x$fpl$dleqf)
    __fpl_dcmple_InfNaN                      0x08007f1b   Thumb Code     0  dleqf.o(x$fpl$dleqf)
    __aeabi_dmul                             0x08007f31   Thumb Code     0  dmul.o(x$fpl$dmul)
    _dmul                                    0x08007f31   Thumb Code   332  dmul.o(x$fpl$dmul)
    __fpl_dnaninf                            0x08008085   Thumb Code   156  dnaninf.o(x$fpl$dnaninf)
    __fpl_dretinf                            0x08008121   Thumb Code    12  dretinf.o(x$fpl$dretinf)
    __aeabi_cdrcmple                         0x0800812d   Thumb Code     0  drleqf.o(x$fpl$drleqf)
    _drcmple                                 0x0800812d   Thumb Code   108  drleqf.o(x$fpl$drleqf)
    __aeabi_drsub                            0x08008199   Thumb Code     0  daddsub_clz.o(x$fpl$drsb)
    _drsb                                    0x08008199   Thumb Code    22  daddsub_clz.o(x$fpl$drsb)
    __aeabi_dsub                             0x080081b1   Thumb Code     0  daddsub_clz.o(x$fpl$dsub)
    _dsub                                    0x080081b1   Thumb Code   464  daddsub_clz.o(x$fpl$dsub)
    __aeabi_f2d                              0x08008385   Thumb Code     0  f2d.o(x$fpl$f2d)
    _f2d                                     0x08008385   Thumb Code    86  f2d.o(x$fpl$f2d)
    __fpl_fnaninf                            0x080083db   Thumb Code   140  fnaninf.o(x$fpl$fnaninf)
    _fp_init                                 0x08008467   Thumb Code    10  fpinit.o(x$fpl$fpinit)
    __fplib_config_fpu_vfp                   0x0800846f   Thumb Code     0  fpinit.o(x$fpl$fpinit)
    __fplib_config_pureend_doubles           0x0800846f   Thumb Code     0  fpinit.o(x$fpl$fpinit)
    __fpl_fretinf                            0x08008471   Thumb Code    10  fretinf.o(x$fpl$fretinf)
    _printf_fp_dec                           0x0800847b   Thumb Code     4  printf1.o(x$fpl$printf1)
    _printf_fp_hex                           0x0800847f   Thumb Code     4  printf2.o(x$fpl$printf2)
    __I$use$fp                               0x08008482   Number         0  usenofp.o(x$fpl$usenofp)
    Region$$Table$$Base                      0x080086dc   Number         0  anon$$obj.o(Region$$Table)
    Region$$Table$$Limit                     0x080086fc   Number         0  anon$$obj.o(Region$$Table)
    __ctype                                  0x08008725   Data           0  lc_ctype_c.o(locale$$data)
    target_speed                             0x20000000   Data           2  main.o(.data)
    target_angle                             0x20000002   Data           2  main.o(.data)
    CAN2_RM_BUF                              0x20000004   Data         224  main.o(.data)
    CAN1_DM_BUF                              0x200000e8   Data         160  main.o(.data)
    PushMotora                               0x20000188   Data         224  main.o(.data)
    Hand_Task_Handler                        0x20000268   Data           4  main.o(.data)
    Test_Task_Handler                        0x2000026c   Data           4  main.o(.data)
    Control_Task_Handler                     0x20000270   Data           4  main.o(.data)
    ActionStart_Task_Handler                 0x20000274   Data           4  main.o(.data)
    motor_Task_Handler                       0x20000278   Data           4  main.o(.data)
    Sta_Handler                              0x2000027c   Data           8  main.o(.data)
    R1_Task                                  0x20000284   Data         208  main.o(.data)
    onmi_speed                               0x20000354   Data           1  main.o(.data)
    onmi_angle                               0x20000355   Data           1  main.o(.data)
    system_core_clock                        0x20000358   Data           4  system_at32f403a_407.o(.data)
    pxCurrentTCB                             0x2000035c   Data           4  tasks.o(.data)
    uxTopUsedPriority                        0x20000394   Data           4  tasks.o(.data)
    RX2                                      0x200003c8   Data           1  init.o(.data)
    RX3                                      0x200003c9   Data           1  init.o(.data)
    RX4                                      0x200003ca   Data           1  init.o(.data)
    RX5                                      0x200003cb   Data           1  init.o(.data)
    RX6                                      0x200003cc   Data           1  init.o(.data)
    RX7                                      0x200003cd   Data           1  init.o(.data)
    Rx2_data_bit                             0x200003ce   Data           1  init.o(.data)
    USART2_IDLE_IRQ                          0x200003d0   Data           4  init.o(.data)
    USART2_RX_IRQ                            0x200003d4   Data           4  init.o(.data)
    Rx3_data_bit                             0x200003d8   Data           1  init.o(.data)
    USART3_IDLE_IRQ                          0x200003dc   Data           4  init.o(.data)
    USART3_RX_IRQ                            0x200003e0   Data           4  init.o(.data)
    Rx4_data_bit                             0x200003e4   Data           1  init.o(.data)
    USART4_IDLE_IRQ                          0x200003e8   Data           4  init.o(.data)
    USART4_RX_IRQ                            0x200003ec   Data           4  init.o(.data)
    Rx5_data_bit                             0x200003f0   Data           1  init.o(.data)
    USART5_IDLE_IRQ                          0x200003f4   Data           4  init.o(.data)
    USART5_RX_IRQ                            0x200003f8   Data           4  init.o(.data)
    Rx6_data_bit                             0x200003fc   Data           1  init.o(.data)
    USART6_IDLE_IRQ                          0x20000400   Data           4  init.o(.data)
    USART6_RX_IRQ                            0x20000404   Data           4  init.o(.data)
    Rx7_data_bit                             0x20000408   Data           1  init.o(.data)
    USART7_IDLE_IRQ                          0x2000040c   Data           4  init.o(.data)
    USART7_RX_IRQ                            0x20000410   Data           4  init.o(.data)
    CAN1_RX0_AIM_LEN                         0x20000414   Data           1  init.o(.data)
    CAN1_RX1_AIM_LEN                         0x20000415   Data           1  init.o(.data)
    CAN2_RX0_AIM_LEN                         0x20000416   Data           1  init.o(.data)
    CAN2_RX1_AIM_LEN                         0x20000417   Data           1  init.o(.data)
    CAN1_RX_ID0                              0x20000418   Data           4  init.o(.data)
    CAN1_LEN0                                0x2000041c   Data           1  init.o(.data)
    CAN1_RX0_IRQ                             0x20000420   Data           4  init.o(.data)
    CAN1_RX_ID1                              0x20000424   Data           4  init.o(.data)
    CAN1_LEN1                                0x20000428   Data           1  init.o(.data)
    CAN2_RX_ID0                              0x2000042c   Data           4  init.o(.data)
    CAN2_LEN0                                0x20000430   Data           1  init.o(.data)
    CAN2_RX_ID1                              0x20000434   Data           4  init.o(.data)
    CAN2_LEN1                                0x20000438   Data           1  init.o(.data)
    CAN2_RX1_IRQ                             0x2000043c   Data           4  init.o(.data)
    dma_data_rx_p1                           0x20000440   Data           4  dma_usart.o(.data)
    dma_data_rx_p2                           0x20000444   Data           4  dma_usart.o(.data)
    dma_data_rx_p3                           0x20000448   Data           4  dma_usart.o(.data)
    dma_data_rx_p4                           0x2000044c   Data           4  dma_usart.o(.data)
    dma_data_rx_p5                           0x20000450   Data           4  dma_usart.o(.data)
    dma_data_rx_p6                           0x20000454   Data           4  dma_usart.o(.data)
    dma_data_rx_p7                           0x20000458   Data           4  dma_usart.o(.data)
    dma_data_rx_len1                         0x2000045c   Data           4  dma_usart.o(.data)
    dma_data_rx_len2                         0x20000460   Data           4  dma_usart.o(.data)
    dma_data_rx_len3                         0x20000464   Data           4  dma_usart.o(.data)
    dma_data_rx_len4                         0x20000468   Data           4  dma_usart.o(.data)
    dma_data_rx_len5                         0x2000046c   Data           4  dma_usart.o(.data)
    dma_data_rx_len6                         0x20000470   Data           4  dma_usart.o(.data)
    dma_data_rx_len7                         0x20000474   Data           4  dma_usart.o(.data)
    DMA_TX1                                  0x20000478   Data           1  dma_usart.o(.data)
    DMA_TX2                                  0x20000479   Data           1  dma_usart.o(.data)
    DMA_TX3                                  0x2000047a   Data           1  dma_usart.o(.data)
    DMA_TX4                                  0x2000047b   Data           1  dma_usart.o(.data)
    DMA_TX5                                  0x2000047c   Data           1  dma_usart.o(.data)
    DMA_TX6                                  0x2000047d   Data           1  dma_usart.o(.data)
    DMA_TX7                                  0x2000047e   Data           1  dma_usart.o(.data)
    RS485_Delay                              0x20000480   Data           2  dma_usart.o(.data)
    RM_Rx_Data                               0x20000484   Data           4  rm_motor.o(.data)
    RM_Rx_Len                                0x20000488   Data           1  rm_motor.o(.data)
    RM_CANx                                  0x20000489   Data           1  rm_motor.o(.data)
    DM_Rx_Data                               0x2000048c   Data           4  dm_motor.o(.data)
    DM_Rx_Len                                0x20000490   Data           1  dm_motor.o(.data)
    DM_CANx                                  0x20000491   Data           1  dm_motor.o(.data)
    DM_Motor_Mode                            0x20000492   Data           2  dm_motor.o(.data)
    __stdout                                 0x20000494   Data           4  usart.o(.data)
    USART_RX_STA                             0x20000498   Data           2  usart.o(.data)
    DMA_RX1                                  0x2000049a   Data           1  usart.o(.data)
    Rx_event                                 0x200004a4   Data          16  main.o(.bss)
    com_buf                                  0x200004b4   Data          16  main.o(.bss)
    pids1                                    0x200004c4   Data          40  main.o(.bss)
    pidp1                                    0x200004ec   Data          40  main.o(.bss)
    pids2                                    0x20000514   Data          40  main.o(.bss)
    pidp2                                    0x2000053c   Data          40  main.o(.bss)
    pids3                                    0x20000564   Data          40  main.o(.bss)
    pidp3                                    0x2000058c   Data          40  main.o(.bss)
    pid4                                     0x200005b4   Data          40  main.o(.bss)
    pid5                                     0x200005dc   Data          40  main.o(.bss)
    pid6                                     0x20000604   Data          40  main.o(.bss)
    pid7                                     0x2000062c   Data          40  main.o(.bss)
    pid8                                     0x20000654   Data          40  main.o(.bss)
    pid1                                     0x2000067c   Data          48  main.o(.bss)
    lift_state                               0x200006ac   Data          20  main.o(.bss)
    down_state                               0x200006c0   Data          20  main.o(.bss)
    recover_state                            0x200006d4   Data          20  main.o(.bss)
    USART2_BUF                               0x200027b0   Data         129  init.o(.bss)
    USART3_BUF                               0x20002831   Data         129  init.o(.bss)
    USART4_BUF                               0x200028b2   Data         129  init.o(.bss)
    USART5_BUF                               0x20002933   Data         129  init.o(.bss)
    USART6_BUF                               0x200029b4   Data         129  init.o(.bss)
    USART7_BUF                               0x20002a35   Data         129  init.o(.bss)
    CAN1_DATA_BUF0                           0x20002ab6   Data         129  init.o(.bss)
    CAN1_DATA_BUF1                           0x20002b37   Data         129  init.o(.bss)
    CAN2_DATA_BUF0                           0x20002bb8   Data         129  init.o(.bss)
    CAN2_DATA_BUF1                           0x20002c39   Data         129  init.o(.bss)
    CAN1_RX_BUF0                             0x20002cba   Data         128  init.o(.bss)
    CAN1_RX_BUF1                             0x20002d3a   Data         128  init.o(.bss)
    CAN2_RX_BUF0                             0x20002dba   Data         128  init.o(.bss)
    CAN2_RX_BUF1                             0x20002e3a   Data         256  init.o(.bss)
    de_gpio                                  0x20002f3c   Data          12  init.o(.bss)
    dma_data_tx1                             0x20002f48   Data         256  dma_usart.o(.bss)
    dma_data_rx1                             0x20003048   Data         256  dma_usart.o(.bss)
    dma_data_tx2                             0x20003148   Data         256  dma_usart.o(.bss)
    dma_data_rx2                             0x20003248   Data         256  dma_usart.o(.bss)
    dma_data_tx3                             0x20003348   Data         256  dma_usart.o(.bss)
    dma_data_rx3                             0x20003448   Data         256  dma_usart.o(.bss)
    dma_data_tx4                             0x20003548   Data         256  dma_usart.o(.bss)
    dma_data_rx4                             0x20003648   Data         256  dma_usart.o(.bss)
    dma_data_tx5                             0x20003748   Data         256  dma_usart.o(.bss)
    dma_data_rx5                             0x20003848   Data         256  dma_usart.o(.bss)
    dma_data_tx6                             0x20003948   Data         256  dma_usart.o(.bss)
    dma_data_rx6                             0x20003a48   Data         256  dma_usart.o(.bss)
    dma_data_tx7                             0x20003b48   Data         256  dma_usart.o(.bss)
    dma_data_rx7                             0x20003c48   Data         256  dma_usart.o(.bss)
    dma_de_gpio                              0x20003d48   Data          28  dma_usart.o(.bss)
    USART_RX_BUF                             0x20003d6e   Data         200  usart.o(.bss)
    __libspace_start                         0x20003e38   Data          96  libspace.o(.bss)
    __temporary_stack_top$libspace           0x20003e98   Data           0  libspace.o(.bss)



==============================================================================

Memory Map of the image

  Image Entry point : 0x08000185

  Load Region LR_IROM1 (Base: 0x08000000, Size: 0x00008ccc, Max: 0x00100000, ABSOLUTE, COMPRESSED[0x00008928])

    Execution Region ER_IROM1 (Exec base: 0x08000000, Load base: 0x08000000, Size: 0x00008828, Max: 0x00100000, ABSOLUTE)

    Exec Addr    Load Addr    Size         Type   Attr      Idx    E Section Name        Object

    0x08000000   0x08000000   0x00000184   Data   RO          503    RESET               startup_at32f403a_407.o
    0x08000184   0x08000184   0x00000008   Code   RO         7176  * !!!main             c_w.l(__main.o)
    0x0800018c   0x0800018c   0x00000034   Code   RO         7735    !!!scatter          c_w.l(__scatter.o)
    0x080001c0   0x080001c0   0x0000005a   Code   RO         7733    !!dczerorl2         c_w.l(__dczerorl2.o)
    0x0800021a   0x0800021a   0x00000002   PAD
    0x0800021c   0x0800021c   0x0000001c   Code   RO         7737    !!handler_zi        c_w.l(__scatter_zi.o)
    0x08000238   0x08000238   0x00000000   Code   RO         7153    .ARM.Collect$$_printf_percent$$00000000  c_w.l(_printf_percent.o)
    0x08000238   0x08000238   0x00000006   Code   RO         7418    .ARM.Collect$$_printf_percent$$00000001  c_w.l(_printf_n.o)
    0x0800023e   0x0800023e   0x00000006   Code   RO         7420    .ARM.Collect$$_printf_percent$$00000002  c_w.l(_printf_p.o)
    0x08000244   0x08000244   0x00000006   Code   RO         7149    .ARM.Collect$$_printf_percent$$00000003  c_w.l(_printf_f.o)
    0x0800024a   0x0800024a   0x00000006   Code   RO         7150    .ARM.Collect$$_printf_percent$$00000004  c_w.l(_printf_e.o)
    0x08000250   0x08000250   0x00000006   Code   RO         7151    .ARM.Collect$$_printf_percent$$00000005  c_w.l(_printf_g.o)
    0x08000256   0x08000256   0x00000006   Code   RO         7152    .ARM.Collect$$_printf_percent$$00000006  c_w.l(_printf_a.o)
    0x0800025c   0x0800025c   0x0000000a   Code   RO         7428    .ARM.Collect$$_printf_percent$$00000007  c_w.l(_printf_ll.o)
    0x08000266   0x08000266   0x00000006   Code   RO         7422    .ARM.Collect$$_printf_percent$$00000008  c_w.l(_printf_i.o)
    0x0800026c   0x0800026c   0x00000006   Code   RO         7148    .ARM.Collect$$_printf_percent$$00000009  c_w.l(_printf_d.o)
    0x08000272   0x08000272   0x00000006   Code   RO         7423    .ARM.Collect$$_printf_percent$$0000000A  c_w.l(_printf_u.o)
    0x08000278   0x08000278   0x00000006   Code   RO         7421    .ARM.Collect$$_printf_percent$$0000000B  c_w.l(_printf_o.o)
    0x0800027e   0x0800027e   0x00000006   Code   RO         7419    .ARM.Collect$$_printf_percent$$0000000C  c_w.l(_printf_x.o)
    0x08000284   0x08000284   0x00000006   Code   RO         7425    .ARM.Collect$$_printf_percent$$0000000D  c_w.l(_printf_lli.o)
    0x0800028a   0x0800028a   0x00000006   Code   RO         7426    .ARM.Collect$$_printf_percent$$0000000E  c_w.l(_printf_lld.o)
    0x08000290   0x08000290   0x00000006   Code   RO         7427    .ARM.Collect$$_printf_percent$$0000000F  c_w.l(_printf_llu.o)
    0x08000296   0x08000296   0x00000006   Code   RO         7432    .ARM.Collect$$_printf_percent$$00000010  c_w.l(_printf_llo.o)
    0x0800029c   0x0800029c   0x00000006   Code   RO         7433    .ARM.Collect$$_printf_percent$$00000011  c_w.l(_printf_llx.o)
    0x080002a2   0x080002a2   0x0000000a   Code   RO         7429    .ARM.Collect$$_printf_percent$$00000012  c_w.l(_printf_l.o)
    0x080002ac   0x080002ac   0x00000006   Code   RO         7416    .ARM.Collect$$_printf_percent$$00000013  c_w.l(_printf_c.o)
    0x080002b2   0x080002b2   0x00000006   Code   RO         7417    .ARM.Collect$$_printf_percent$$00000014  c_w.l(_printf_s.o)
    0x080002b8   0x080002b8   0x00000006   Code   RO         7430    .ARM.Collect$$_printf_percent$$00000015  c_w.l(_printf_lc.o)
    0x080002be   0x080002be   0x00000006   Code   RO         7431    .ARM.Collect$$_printf_percent$$00000016  c_w.l(_printf_ls.o)
    0x080002c4   0x080002c4   0x00000004   Code   RO         7424    .ARM.Collect$$_printf_percent$$00000017  c_w.l(_printf_percent_end.o)
    0x080002c8   0x080002c8   0x00000002   Code   RO         7670    .ARM.Collect$$libinit$$00000000  c_w.l(libinit.o)
    0x080002ca   0x080002ca   0x00000004   Code   RO         7440    .ARM.Collect$$libinit$$00000001  c_w.l(libinit2.o)
    0x080002ce   0x080002ce   0x00000000   Code   RO         7443    .ARM.Collect$$libinit$$00000004  c_w.l(libinit2.o)
    0x080002ce   0x080002ce   0x00000000   Code   RO         7446    .ARM.Collect$$libinit$$0000000A  c_w.l(libinit2.o)
    0x080002ce   0x080002ce   0x00000000   Code   RO         7448    .ARM.Collect$$libinit$$0000000C  c_w.l(libinit2.o)
    0x080002ce   0x080002ce   0x00000000   Code   RO         7450    .ARM.Collect$$libinit$$0000000E  c_w.l(libinit2.o)
    0x080002ce   0x080002ce   0x00000006   Code   RO         7451    .ARM.Collect$$libinit$$0000000F  c_w.l(libinit2.o)
    0x080002d4   0x080002d4   0x00000000   Code   RO         7453    .ARM.Collect$$libinit$$00000011  c_w.l(libinit2.o)
    0x080002d4   0x080002d4   0x0000000c   Code   RO         7454    .ARM.Collect$$libinit$$00000012  c_w.l(libinit2.o)
    0x080002e0   0x080002e0   0x00000000   Code   RO         7455    .ARM.Collect$$libinit$$00000013  c_w.l(libinit2.o)
    0x080002e0   0x080002e0   0x00000000   Code   RO         7457    .ARM.Collect$$libinit$$00000015  c_w.l(libinit2.o)
    0x080002e0   0x080002e0   0x0000000a   Code   RO         7458    .ARM.Collect$$libinit$$00000016  c_w.l(libinit2.o)
    0x080002ea   0x080002ea   0x00000000   Code   RO         7459    .ARM.Collect$$libinit$$00000017  c_w.l(libinit2.o)
    0x080002ea   0x080002ea   0x00000000   Code   RO         7461    .ARM.Collect$$libinit$$00000019  c_w.l(libinit2.o)
    0x080002ea   0x080002ea   0x00000000   Code   RO         7463    .ARM.Collect$$libinit$$0000001B  c_w.l(libinit2.o)
    0x080002ea   0x080002ea   0x00000000   Code   RO         7465    .ARM.Collect$$libinit$$0000001D  c_w.l(libinit2.o)
    0x080002ea   0x080002ea   0x00000000   Code   RO         7467    .ARM.Collect$$libinit$$0000001F  c_w.l(libinit2.o)
    0x080002ea   0x080002ea   0x00000000   Code   RO         7469    .ARM.Collect$$libinit$$00000021  c_w.l(libinit2.o)
    0x080002ea   0x080002ea   0x00000000   Code   RO         7471    .ARM.Collect$$libinit$$00000023  c_w.l(libinit2.o)
    0x080002ea   0x080002ea   0x00000000   Code   RO         7473    .ARM.Collect$$libinit$$00000025  c_w.l(libinit2.o)
    0x080002ea   0x080002ea   0x00000000   Code   RO         7477    .ARM.Collect$$libinit$$0000002C  c_w.l(libinit2.o)
    0x080002ea   0x080002ea   0x00000000   Code   RO         7479    .ARM.Collect$$libinit$$0000002E  c_w.l(libinit2.o)
    0x080002ea   0x080002ea   0x00000000   Code   RO         7481    .ARM.Collect$$libinit$$00000030  c_w.l(libinit2.o)
    0x080002ea   0x080002ea   0x00000000   Code   RO         7483    .ARM.Collect$$libinit$$00000032  c_w.l(libinit2.o)
    0x080002ea   0x080002ea   0x00000002   Code   RO         7484    .ARM.Collect$$libinit$$00000033  c_w.l(libinit2.o)
    0x080002ec   0x080002ec   0x00000002   Code   RO         7730    .ARM.Collect$$libshutdown$$00000000  c_w.l(libshutdown.o)
    0x080002ee   0x080002ee   0x00000000   Code   RO         7684    .ARM.Collect$$libshutdown$$00000002  c_w.l(libshutdown2.o)
    0x080002ee   0x080002ee   0x00000000   Code   RO         7686    .ARM.Collect$$libshutdown$$00000004  c_w.l(libshutdown2.o)
    0x080002ee   0x080002ee   0x00000000   Code   RO         7689    .ARM.Collect$$libshutdown$$00000007  c_w.l(libshutdown2.o)
    0x080002ee   0x080002ee   0x00000000   Code   RO         7692    .ARM.Collect$$libshutdown$$0000000A  c_w.l(libshutdown2.o)
    0x080002ee   0x080002ee   0x00000000   Code   RO         7694    .ARM.Collect$$libshutdown$$0000000C  c_w.l(libshutdown2.o)
    0x080002ee   0x080002ee   0x00000000   Code   RO         7697    .ARM.Collect$$libshutdown$$0000000F  c_w.l(libshutdown2.o)
    0x080002ee   0x080002ee   0x00000002   Code   RO         7698    .ARM.Collect$$libshutdown$$00000010  c_w.l(libshutdown2.o)
    0x080002f0   0x080002f0   0x00000000   Code   RO         7324    .ARM.Collect$$rtentry$$00000000  c_w.l(__rtentry.o)
    0x080002f0   0x080002f0   0x00000000   Code   RO         7553    .ARM.Collect$$rtentry$$00000002  c_w.l(__rtentry2.o)
    0x080002f0   0x080002f0   0x00000006   Code   RO         7565    .ARM.Collect$$rtentry$$00000004  c_w.l(__rtentry4.o)
    0x080002f6   0x080002f6   0x00000000   Code   RO         7555    .ARM.Collect$$rtentry$$00000009  c_w.l(__rtentry2.o)
    0x080002f6   0x080002f6   0x00000004   Code   RO         7556    .ARM.Collect$$rtentry$$0000000A  c_w.l(__rtentry2.o)
    0x080002fa   0x080002fa   0x00000000   Code   RO         7558    .ARM.Collect$$rtentry$$0000000C  c_w.l(__rtentry2.o)
    0x080002fa   0x080002fa   0x00000008   Code   RO         7559    .ARM.Collect$$rtentry$$0000000D  c_w.l(__rtentry2.o)
    0x08000302   0x08000302   0x00000002   Code   RO         7673    .ARM.Collect$$rtexit$$00000000  c_w.l(rtexit.o)
    0x08000304   0x08000304   0x00000000   Code   RO         7704    .ARM.Collect$$rtexit$$00000002  c_w.l(rtexit2.o)
    0x08000304   0x08000304   0x00000004   Code   RO         7705    .ARM.Collect$$rtexit$$00000003  c_w.l(rtexit2.o)
    0x08000308   0x08000308   0x00000006   Code   RO         7706    .ARM.Collect$$rtexit$$00000004  c_w.l(rtexit2.o)
    0x0800030e   0x0800030e   0x00000002   PAD
    0x08000310   0x08000310   0x000000be   Code   RO         4540    .emb_text           port.o
    0x080003ce   0x080003ce   0x00000002   PAD
    0x080003d0   0x080003d0   0x00000040   Code   RO          504    .text               startup_at32f403a_407.o
    0x08000410   0x08000410   0x00000002   Code   RO         7048    .text               c_w.l(use_no_semi_2.o)
    0x08000412   0x08000412   0x00000002   PAD
    0x08000414   0x08000414   0x00000024   Code   RO         7110    .text               c_w.l(vsprintf.o)
    0x08000438   0x08000438   0x00000018   Code   RO         7114    .text               c_w.l(__2printf.o)
    0x08000450   0x08000450   0x0000002c   Code   RO         7116    .text               c_w.l(__2sprintf.o)
    0x0800047c   0x0800047c   0x0000004e   Code   RO         7124    .text               c_w.l(_printf_pad.o)
    0x080004ca   0x080004ca   0x00000002   PAD
    0x080004cc   0x080004cc   0x00000078   Code   RO         7126    .text               c_w.l(_printf_dec.o)
    0x08000544   0x08000544   0x00000188   Code   RO         7145    .text               c_w.l(__printf_flags_ss_wp.o)
    0x080006cc   0x080006cc   0x0000001a   Code   RO         7154    .text               c_w.l(atoi.o)
    0x080006e6   0x080006e6   0x00000048   Code   RO         7156    .text               c_w.l(strcpy.o)
    0x0800072e   0x0800072e   0x0000003e   Code   RO         7158    .text               c_w.l(strlen.o)
    0x0800076c   0x0800076c   0x0000004e   Code   RO         7168    .text               c_w.l(rt_memclr_w.o)
    0x080007ba   0x080007ba   0x00000056   Code   RO         7170    .text               c_w.l(strncpy.o)
    0x08000810   0x08000810   0x00000080   Code   RO         7172    .text               c_w.l(strcmpv7m.o)
    0x08000890   0x08000890   0x00000006   Code   RO         7174    .text               c_w.l(heapauxi.o)
    0x08000896   0x08000896   0x00000002   Code   RO         7320    .text               c_w.l(use_no_semi.o)
    0x08000898   0x08000898   0x00000008   Code   RO         7333    .text               c_w.l(rt_errno_addr_intlibspace.o)
    0x080008a0   0x080008a0   0x00000016   Code   RO         7361    .text               c_w.l(_rserrno.o)
    0x080008b6   0x080008b6   0x00000024   Code   RO         7363    .text               c_w.l(_printf_truncate.o)
    0x080008da   0x080008da   0x00000052   Code   RO         7365    .text               c_w.l(_printf_str.o)
    0x0800092c   0x0800092c   0x000000b2   Code   RO         7367    .text               c_w.l(_printf_intcommon.o)
    0x080009de   0x080009de   0x00000028   Code   RO         7369    .text               c_w.l(_printf_charcount.o)
    0x08000a06   0x08000a06   0x0000041e   Code   RO         7371    .text               c_w.l(_printf_fp_dec.o)
    0x08000e24   0x08000e24   0x000002fc   Code   RO         7373    .text               c_w.l(_printf_fp_hex.o)
    0x08001120   0x08001120   0x00000030   Code   RO         7376    .text               c_w.l(_printf_char_common.o)
    0x08001150   0x08001150   0x0000000a   Code   RO         7378    .text               c_w.l(_sputc.o)
    0x0800115a   0x0800115a   0x00000002   PAD
    0x0800115c   0x0800115c   0x00000024   Code   RO         7382    .text               c_w.l(_printf_char_file.o)
    0x08001180   0x08001180   0x000000bc   Code   RO         7384    .text               c_w.l(_printf_wctomb.o)
    0x0800123c   0x0800123c   0x0000007c   Code   RO         7387    .text               c_w.l(_printf_longlong_dec.o)
    0x080012b8   0x080012b8   0x00000070   Code   RO         7393    .text               c_w.l(_printf_oct_int_ll.o)
    0x08001328   0x08001328   0x00000094   Code   RO         7413    .text               c_w.l(_printf_hex_int_ll_ptr.o)
    0x080013bc   0x080013bc   0x00000070   Code   RO         7434    .text               c_w.l(strtol.o)
    0x0800142c   0x0800142c   0x00000044   Code   RO         7436    .text               c_w.l(rt_memclr.o)
    0x08001470   0x08001470   0x00000008   Code   RO         7549    .text               c_w.l(libspace.o)
    0x08001478   0x08001478   0x00000010   Code   RO         7567    .text               c_w.l(rt_ctype_table.o)
    0x08001488   0x08001488   0x00000008   Code   RO         7572    .text               c_w.l(rt_locale_intlibspace.o)
    0x08001490   0x08001490   0x0000008a   Code   RO         7582    .text               c_w.l(lludiv10.o)
    0x0800151a   0x0800151a   0x00000002   PAD
    0x0800151c   0x0800151c   0x00000080   Code   RO         7584    .text               c_w.l(_printf_fp_infnan.o)
    0x0800159c   0x0800159c   0x0000002c   Code   RO         7588    .text               c_w.l(_printf_char.o)
    0x080015c8   0x080015c8   0x0000002c   Code   RO         7590    .text               c_w.l(_printf_wchar.o)
    0x080015f4   0x080015f4   0x0000009e   Code   RO         7592    .text               c_w.l(_strtoul.o)
    0x08001692   0x08001692   0x00000002   PAD
    0x08001694   0x08001694   0x000000e4   Code   RO         7594    .text               c_w.l(bigflt0.o)
    0x08001778   0x08001778   0x00000008   Code   RO         7619    .text               c_w.l(ferror.o)
    0x08001780   0x08001780   0x00000040   Code   RO         7623    .text               c_w.l(_wcrtomb.o)
    0x080017c0   0x080017c0   0x0000004a   Code   RO         7644    .text               c_w.l(sys_stackheap_outer.o)
    0x0800180a   0x0800180a   0x0000001c   Code   RO         7650    .text               c_w.l(_chval.o)
    0x08001826   0x08001826   0x00000012   Code   RO         7655    .text               c_w.l(exit.o)
    0x08001838   0x08001838   0x0000003e   Code   RO         7597    CL$$btod_d2e        c_w.l(btod.o)
    0x08001876   0x08001876   0x00000046   Code   RO         7599    CL$$btod_d2e_denorm_low  c_w.l(btod.o)
    0x080018bc   0x080018bc   0x00000060   Code   RO         7598    CL$$btod_d2e_norm_op1  c_w.l(btod.o)
    0x0800191c   0x0800191c   0x00000338   Code   RO         7607    CL$$btod_div_common  c_w.l(btod.o)
    0x08001c54   0x08001c54   0x000000dc   Code   RO         7604    CL$$btod_e2e        c_w.l(btod.o)
    0x08001d30   0x08001d30   0x0000002a   Code   RO         7601    CL$$btod_ediv       c_w.l(btod.o)
    0x08001d5a   0x08001d5a   0x0000002a   Code   RO         7600    CL$$btod_emul       c_w.l(btod.o)
    0x08001d84   0x08001d84   0x00000244   Code   RO         7606    CL$$btod_mult_common  c_w.l(btod.o)
    0x08001fc8   0x08001fc8   0x00000004   Code   RO          447    i.BusFault_Handler  at32f403a_407_int.o
    0x08001fcc   0x08001fcc   0x00000010   Code   RO            5    i.CAN1_IRQ          main.o
    0x08001fdc   0x08001fdc   0x00000154   Code   RO         4689    i.CAN1_RX1_IRQHandler  init.o
    0x08002130   0x08002130   0x00000010   Code   RO            6    i.CAN2_IRQ          main.o
    0x08002140   0x08002140   0x00000154   Code   RO         4690    i.CAN2_RX0_IRQHandler  init.o
    0x08002294   0x08002294   0x0000016c   Code   RO         4691    i.CAN2_RX1_IRQHandler  init.o
    0x08002400   0x08002400   0x000001e4   Code   RO         4692    i.Can_Init          init.o
    0x080025e4   0x080025e4   0x00000260   Code   RO         4694    i.Can_Tx            init.o
    0x08002844   0x08002844   0x00000140   Code   RO            7    i.Control_Task      main.o
    0x08002984   0x08002984   0x00000060   Code   RO         5012    i.DMA1_Channel1_IRQHandler  dma_usart.o
    0x080029e4   0x080029e4   0x00000060   Code   RO         5013    i.DMA1_Channel2_IRQHandler  dma_usart.o
    0x08002a44   0x08002a44   0x00000064   Code   RO         5014    i.DMA1_Channel3_IRQHandler  dma_usart.o
    0x08002aa8   0x08002aa8   0x00000064   Code   RO         5015    i.DMA1_Channel4_IRQHandler  dma_usart.o
    0x08002b0c   0x08002b0c   0x00000064   Code   RO         5016    i.DMA1_Channel5_IRQHandler  dma_usart.o
    0x08002b70   0x08002b70   0x00000064   Code   RO         5017    i.DMA1_Channel6_IRQHandler  dma_usart.o
    0x08002bd4   0x08002bd4   0x00000064   Code   RO         5018    i.DMA1_Channel7_IRQHandler  dma_usart.o
    0x08002c38   0x08002c38   0x000000dc   Code   RO         5894    i.DM_Motor_Init     dm_motor.o
    0x08002d14   0x08002d14   0x000002b4   Code   RO         5895    i.DM_Motor_Rx       dm_motor.o
    0x08002fc8   0x08002fc8   0x00000002   Code   RO          448    i.DebugMon_Handler  at32f403a_407_int.o
    0x08002fca   0x08002fca   0x00000002   PAD
    0x08002fcc   0x08002fcc   0x000000ec   Code   RO         6245    i.FreeRtos_Mode     free.o
    0x080030b8   0x080030b8   0x000000ce   Code   RO         5506    i.GPIO_init         init_simplify.o
    0x08003186   0x08003186   0x00000002   PAD
    0x08003188   0x08003188   0x00000050   Code   RO         4699    i.Get_UART_SendFunc  init.o
    0x080031d8   0x080031d8   0x00000154   Code   RO         4700    i.Gpio_Init         init.o
    0x0800332c   0x0800332c   0x00000018   Code   RO            8    i.Hand_Task         main.o
    0x08003344   0x08003344   0x00000004   Code   RO          449    i.HardFault_Handler  at32f403a_407_int.o
    0x08003348   0x08003348   0x00000004   Code   RO          450    i.MemManage_Handler  at32f403a_407_int.o
    0x0800334c   0x0800334c   0x00000002   Code   RO          451    i.NMI_Handler       at32f403a_407_int.o
    0x0800334e   0x0800334e   0x00000014   Code   RO         4703    i.Nvic_Init         init.o
    0x08003362   0x08003362   0x00000002   PAD
    0x08003364   0x08003364   0x000001d8   Code   RO         5250    i.Pid               pid.o
    0x0800353c   0x0800353c   0x00000146   Code   RO         5251    i.Pid_PlaceSerialSpeed  pid.o
    0x08003682   0x08003682   0x00000002   PAD
    0x08003684   0x08003684   0x0000008c   Code   RO         5342    i.RM_Init           rm_motor.o
    0x08003710   0x08003710   0x0000018c   Code   RO         5344    i.RM_Rx             rm_motor.o
    0x0800389c   0x0800389c   0x00000060   Code   RO         5345    i.RM_Tx             rm_motor.o
    0x080038fc   0x080038fc   0x00000034   Code   RO         4541    i.SysTick_Handler   port.o
    0x08003930   0x08003930   0x00000070   Code   RO          275    i.SystemInit        system_at32f403a_407.o
    0x080039a0   0x080039a0   0x00000104   Code   RO            9    i.Test_Task         main.o
    0x08003aa4   0x08003aa4   0x000000e8   Code   RO         4711    i.UART4_IRQHandler  init.o
    0x08003b8c   0x08003b8c   0x00000020   Code   RO         4712    i.UART4_SendByte    init.o
    0x08003bac   0x08003bac   0x000000e8   Code   RO         4713    i.UART5_IRQHandler  init.o
    0x08003c94   0x08003c94   0x00000020   Code   RO         4714    i.UART5_SendByte    init.o
    0x08003cb4   0x08003cb4   0x000000e8   Code   RO         4715    i.UART7_IRQHandler  init.o
    0x08003d9c   0x08003d9c   0x00000020   Code   RO         4716    i.UART7_SendByte    init.o
    0x08003dbc   0x08003dbc   0x000000fc   Code   RO         6942    i.USART1_IRQHandler  usart.o
    0x08003eb8   0x08003eb8   0x00000020   Code   RO         4717    i.USART1_SendByte   init.o
    0x08003ed8   0x08003ed8   0x000000e8   Code   RO         4718    i.USART2_IRQHandler  init.o
    0x08003fc0   0x08003fc0   0x00000020   Code   RO         4719    i.USART2_SendByte   init.o
    0x08003fe0   0x08003fe0   0x000000e8   Code   RO         4720    i.USART3_IRQHandler  init.o
    0x080040c8   0x080040c8   0x00000020   Code   RO         4721    i.USART3_SendByte   init.o
    0x080040e8   0x080040e8   0x000000e8   Code   RO         4722    i.USART6_IRQHandler  init.o
    0x080041d0   0x080041d0   0x00000020   Code   RO         4723    i.USART6_SendByte   init.o
    0x080041f0   0x080041f0   0x000001b4   Code   RO         4724    i.USARTx_Rx         init.o
    0x080043a4   0x080043a4   0x00000178   Code   RO         4726    i.USBFS_L_CAN1_RX0_IRQHandler  init.o
    0x0800451c   0x0800451c   0x0000002e   Code   RO         4728    i.Uart_Printf       init.o
    0x0800454a   0x0800454a   0x0000001e   Code   RO         4733    i.Uart_SendString   init.o
    0x08004568   0x08004568   0x00000310   Code   RO         4734    i.Uartx_Init        init.o
    0x08004878   0x08004878   0x00000004   Code   RO          452    i.UsageFault_Handler  at32f403a_407_int.o
    0x0800487c   0x0800487c   0x00000030   Code   RO         7517    i.__ARM_fpclassify  m_wm.l(fpclassify.o)
    0x080048ac   0x080048ac   0x00000004   PAD
    0x080048b0   0x080048b0   0x000000c8   Code   RO         7252    i.__hardfp_cos      m_wm.l(cos.o)
    0x08004978   0x08004978   0x000000c8   Code   RO         7296    i.__hardfp_sin      m_wm.l(sin.o)
    0x08004a40   0x08004a40   0x00000438   Code   RO         7536    i.__ieee754_rem_pio2  m_wm.l(rred.o)
    0x08004e78   0x08004e78   0x00000170   Code   RO         7500    i.__kernel_cos      m_wm.l(cos_i.o)
    0x08004fe8   0x08004fe8   0x000000f8   Code   RO         7533    i.__kernel_poly     m_wm.l(poly.o)
    0x080050e0   0x080050e0   0x00000130   Code   RO         7541    i.__kernel_sin      m_wm.l(sin_i.o)
    0x08005210   0x08005210   0x00000014   Code   RO         7504    i.__mathlib_dbl_infnan  m_wm.l(dunder.o)
    0x08005224   0x08005224   0x00000004   PAD
    0x08005228   0x08005228   0x00000020   Code   RO         7506    i.__mathlib_dbl_invalid  m_wm.l(dunder.o)
    0x08005248   0x08005248   0x00000020   Code   RO         7509    i.__mathlib_dbl_underflow  m_wm.l(dunder.o)
    0x08005268   0x08005268   0x0000000e   Code   RO         7138    i._is_digit         c_w.l(__printf_wp.o)
    0x08005276   0x08005276   0x00000004   Code   RO         6943    i._sys_exit         usart.o
    0x0800527a   0x0800527a   0x000000bc   Code   RO          907    i.can_base_init     at32f403a_407_can.o
    0x08005336   0x08005336   0x00000092   Code   RO          909    i.can_baudrate_set  at32f403a_407_can.o
    0x080053c8   0x080053c8   0x00000164   Code   RO          916    i.can_filter_init   at32f403a_407_can.o
    0x0800552c   0x0800552c   0x0000007c   Code   RO          917    i.can_flag_clear    at32f403a_407_can.o
    0x080055a8   0x080055a8   0x00000012   Code   RO          919    i.can_interrupt_enable  at32f403a_407_can.o
    0x080055ba   0x080055ba   0x000000f0   Code   RO          920    i.can_message_receive  at32f403a_407_can.o
    0x080056aa   0x080056aa   0x00000138   Code   RO          921    i.can_message_transmit  at32f403a_407_can.o
    0x080057e2   0x080057e2   0x0000001a   Code   RO          924    i.can_receive_fifo_release  at32f403a_407_can.o
    0x080057fc   0x080057fc   0x0000006c   Code   RO          929    i.can_transmit_status_get  at32f403a_407_can.o
    0x08005868   0x08005868   0x00000014   Code   RO         1166    i.crm_ahb_div_set   at32f403a_407_crm.o
    0x0800587c   0x0800587c   0x00000014   Code   RO         1167    i.crm_apb1_div_set  at32f403a_407_crm.o
    0x08005890   0x08005890   0x00000014   Code   RO         1168    i.crm_apb2_div_set  at32f403a_407_crm.o
    0x080058a4   0x080058a4   0x00000028   Code   RO         1169    i.crm_auto_step_mode_enable  at32f403a_407_crm.o
    0x080058cc   0x080058cc   0x00000060   Code   RO         1175    i.crm_clock_source_enable  at32f403a_407_crm.o
    0x0800592c   0x0800592c   0x0000012c   Code   RO         1176    i.crm_clocks_freq_get  at32f403a_407_crm.o
    0x08005a58   0x08005a58   0x00000030   Code   RO         1178    i.crm_flag_get      at32f403a_407_crm.o
    0x08005a88   0x08005a88   0x00000014   Code   RO         1180    i.crm_hext_clock_div_set  at32f403a_407_crm.o
    0x08005a9c   0x08005a9c   0x0000002e   Code   RO         1181    i.crm_hext_stable_wait  at32f403a_407_crm.o
    0x08005aca   0x08005aca   0x00000002   PAD
    0x08005acc   0x08005acc   0x00000044   Code   RO         1188    i.crm_periph_clock_enable  at32f403a_407_crm.o
    0x08005b10   0x08005b10   0x0000007c   Code   RO         1191    i.crm_pll_config    at32f403a_407_crm.o
    0x08005b8c   0x08005b8c   0x00000058   Code   RO         1192    i.crm_reset         at32f403a_407_crm.o
    0x08005be4   0x08005be4   0x00000014   Code   RO         1195    i.crm_sysclk_switch  at32f403a_407_crm.o
    0x08005bf8   0x08005bf8   0x00000010   Code   RO         1196    i.crm_sysclk_switch_status_get  at32f403a_407_crm.o
    0x08005c08   0x08005c08   0x0000003c   Code   RO         7005    i.delay_init        delay.o
    0x08005c44   0x08005c44   0x0000000a   Code   RO         1526    i.dma_channel_enable  at32f403a_407_dma.o
    0x08005c4e   0x08005c4e   0x00000008   Code   RO         1527    i.dma_data_number_get  at32f403a_407_dma.o
    0x08005c56   0x08005c56   0x00000002   PAD
    0x08005c58   0x08005c58   0x00000020   Code   RO         1530    i.dma_flag_clear    at32f403a_407_dma.o
    0x08005c78   0x08005c78   0x0000002c   Code   RO         1531    i.dma_flag_get      at32f403a_407_dma.o
    0x08005ca4   0x08005ca4   0x00000018   Code   RO         7266    i.fabs              m_wm.l(fabs.o)
    0x08005cbc   0x08005cbc   0x0000001c   Code   RO         6944    i.fputc             usart.o
    0x08005cd8   0x08005cd8   0x00000016   Code   RO         1992    i.gpio_default_para_init  at32f403a_407_gpio.o
    0x08005cee   0x08005cee   0x000000a8   Code   RO         1996    i.gpio_init         at32f403a_407_gpio.o
    0x08005d96   0x08005d96   0x00000002   PAD
    0x08005d98   0x08005d98   0x000001b4   Code   RO           10    i.main              main.o
    0x08005f4c   0x08005f4c   0x000003a0   Code   RO           11    i.motor_Task        main.o
    0x080062ec   0x080062ec   0x000000c8   Code   RO         2314    i.nvic_irq_enable   at32f403a_407_misc.o
    0x080063b4   0x080063b4   0x00000214   Code   RO         6647    i.omni              chassis.o
    0x080065c8   0x080065c8   0x0000004c   Code   RO         5253    i.pid_init          pid.o
    0x08006614   0x08006614   0x000000c4   Code   RO         5258    i.pid_speed_current  pid.o
    0x080066d8   0x080066d8   0x00000098   Code   RO         4243    i.prvAddCurrentTaskToDelayedList  tasks.o
    0x08006770   0x08006770   0x000000b4   Code   RO         4244    i.prvAddNewTaskToReadyList  tasks.o
    0x08006824   0x08006824   0x00000048   Code   RO         4245    i.prvCheckTasksWaitingTermination  tasks.o
    0x0800686c   0x0800686c   0x00000012   Code   RO         4246    i.prvDeleteTCB      tasks.o
    0x0800687e   0x0800687e   0x00000002   PAD
    0x08006880   0x08006880   0x0000007c   Code   RO         4617    i.prvHeapInit       heap_4.o
    0x080068fc   0x080068fc   0x00000028   Code   RO         4247    i.prvIdleTask       tasks.o
    0x08006924   0x08006924   0x000000ae   Code   RO         4248    i.prvInitialiseNewTask  tasks.o
    0x080069d2   0x080069d2   0x00000002   PAD
    0x080069d4   0x080069d4   0x00000068   Code   RO         4249    i.prvInitialiseTaskLists  tasks.o
    0x08006a3c   0x08006a3c   0x00000068   Code   RO         4618    i.prvInsertBlockIntoFreeList  heap_4.o
    0x08006aa4   0x08006aa4   0x00000030   Code   RO         4250    i.prvResetNextTaskUnblockTime  tasks.o
    0x08006ad4   0x08006ad4   0x00000040   Code   RO         4542    i.prvTaskExitError  port.o
    0x08006b14   0x08006b14   0x0000016c   Code   RO         4619    i.pvPortMalloc      heap_4.o
    0x08006c80   0x08006c80   0x0000002c   Code   RO         4543    i.pxPortInitialiseStack  port.o
    0x08006cac   0x08006cac   0x00000070   Code   RO          413    i.system_clock_config  at32f403a_407_clock.o
    0x08006d1c   0x08006d1c   0x000000f8   Code   RO          276    i.system_core_clock_update  system_at32f403a_407.o
    0x08006e14   0x08006e14   0x00000028   Code   RO         2319    i.systick_clock_source_config  at32f403a_407_misc.o
    0x08006e3c   0x08006e3c   0x000000b0   Code   RO         6945    i.uart_init         usart.o
    0x08006eec   0x08006eec   0x00000034   Code   RO         5898    i.uint_to_float     dm_motor.o
    0x08006f20   0x08006f20   0x00000008   Code   RO         3233    i.usart_data_receive  at32f403a_407_usart.o
    0x08006f28   0x08006f28   0x00000008   Code   RO         3234    i.usart_data_transmit  at32f403a_407_usart.o
    0x08006f30   0x08006f30   0x0000000a   Code   RO         3237    i.usart_enable      at32f403a_407_usart.o
    0x08006f3a   0x08006f3a   0x00000012   Code   RO         3238    i.usart_flag_clear  at32f403a_407_usart.o
    0x08006f4c   0x08006f4c   0x00000010   Code   RO         3239    i.usart_flag_get    at32f403a_407_usart.o
    0x08006f5c   0x08006f5c   0x00000088   Code   RO         3241    i.usart_init        at32f403a_407_usart.o
    0x08006fe4   0x08006fe4   0x00000036   Code   RO         3242    i.usart_interrupt_enable  at32f403a_407_usart.o
    0x0800701a   0x0800701a   0x0000000a   Code   RO         3248    i.usart_receiver_enable  at32f403a_407_usart.o
    0x08007024   0x08007024   0x0000000a   Code   RO         3255    i.usart_transmitter_enable  at32f403a_407_usart.o
    0x0800702e   0x0800702e   0x00000028   Code   RO         3927    i.uxListRemove      list.o
    0x08007056   0x08007056   0x0000001a   Code   RO         3928    i.vListInitialise   list.o
    0x08007070   0x08007070   0x00000006   Code   RO         3929    i.vListInitialiseItem  list.o
    0x08007076   0x08007076   0x00000034   Code   RO         3930    i.vListInsert       list.o
    0x080070aa   0x080070aa   0x00000018   Code   RO         3931    i.vListInsertEnd    list.o
    0x080070c2   0x080070c2   0x00000002   PAD
    0x080070c4   0x080070c4   0x00000054   Code   RO         4545    i.vPortEnterCritical  port.o
    0x08007118   0x08007118   0x0000003c   Code   RO         4546    i.vPortExitCritical  port.o
    0x08007154   0x08007154   0x000000a4   Code   RO         4620    i.vPortFree         heap_4.o
    0x080071f8   0x080071f8   0x00000028   Code   RO         4547    i.vPortSetupTimerInterrupt  port.o
    0x08007220   0x08007220   0x0000005c   Code   RO         4258    i.vTaskDelay        tasks.o
    0x0800727c   0x0800727c   0x00000090   Code   RO         4270    i.vTaskStartScheduler  tasks.o
    0x0800730c   0x0800730c   0x00000010   Code   RO         4272    i.vTaskSuspendAll   tasks.o
    0x0800731c   0x0800731c   0x0000008c   Code   RO         4273    i.vTaskSwitchContext  tasks.o
    0x080073a8   0x080073a8   0x00000168   Code   RO         4549    i.xPortStartScheduler  port.o
    0x08007510   0x08007510   0x00000060   Code   RO         4276    i.xTaskCreate       tasks.o
    0x08007570   0x08007570   0x000000d8   Code   RO         4277    i.xTaskDelayUntil   tasks.o
    0x08007648   0x08007648   0x0000000c   Code   RO         4283    i.xTaskGetTickCount  tasks.o
    0x08007654   0x08007654   0x00000148   Code   RO         4285    i.xTaskIncrementTick  tasks.o
    0x0800779c   0x0800779c   0x00000104   Code   RO         4287    i.xTaskResumeAll    tasks.o
    0x080078a0   0x080078a0   0x0000002c   Code   RO         7626    locale$$code        c_w.l(lc_numeric_c.o)
    0x080078cc   0x080078cc   0x0000002c   Code   RO         7653    locale$$code        c_w.l(lc_ctype_c.o)
    0x080078f8   0x080078f8   0x00000018   Code   RO         7178    x$fpl$basic         fz_wm.l(basic.o)
    0x08007910   0x08007910   0x00000062   Code   RO         7180    x$fpl$d2f           fz_wm.l(d2f.o)
    0x08007972   0x08007972   0x00000002   PAD
    0x08007974   0x08007974   0x00000150   Code   RO         7182    x$fpl$dadd          fz_wm.l(daddsub_clz.o)
    0x08007ac4   0x08007ac4   0x00000018   Code   RO         7485    x$fpl$dcmpinf       fz_wm.l(dcmpi.o)
    0x08007adc   0x08007adc   0x000002b0   Code   RO         7189    x$fpl$ddiv          fz_wm.l(ddiv.o)
    0x08007d8c   0x08007d8c   0x00000078   Code   RO         7192    x$fpl$deqf          fz_wm.l(deqf.o)
    0x08007e04   0x08007e04   0x0000005e   Code   RO         7194    x$fpl$dfix          fz_wm.l(dfix.o)
    0x08007e62   0x08007e62   0x0000002e   Code   RO         7203    x$fpl$dflt          fz_wm.l(dflt_clz.o)
    0x08007e90   0x08007e90   0x00000026   Code   RO         7202    x$fpl$dfltu         fz_wm.l(dflt_clz.o)
    0x08007eb6   0x08007eb6   0x00000002   PAD
    0x08007eb8   0x08007eb8   0x00000078   Code   RO         7208    x$fpl$dleqf         fz_wm.l(dleqf.o)
    0x08007f30   0x08007f30   0x00000154   Code   RO         7210    x$fpl$dmul          fz_wm.l(dmul.o)
    0x08008084   0x08008084   0x0000009c   Code   RO         7487    x$fpl$dnaninf       fz_wm.l(dnaninf.o)
    0x08008120   0x08008120   0x0000000c   Code   RO         7489    x$fpl$dretinf       fz_wm.l(dretinf.o)
    0x0800812c   0x0800812c   0x0000006c   Code   RO         7212    x$fpl$drleqf        fz_wm.l(drleqf.o)
    0x08008198   0x08008198   0x00000016   Code   RO         7183    x$fpl$drsb          fz_wm.l(daddsub_clz.o)
    0x080081ae   0x080081ae   0x00000002   PAD
    0x080081b0   0x080081b0   0x000001d4   Code   RO         7184    x$fpl$dsub          fz_wm.l(daddsub_clz.o)
    0x08008384   0x08008384   0x00000056   Code   RO         7214    x$fpl$f2d           fz_wm.l(f2d.o)
    0x080083da   0x080083da   0x0000008c   Code   RO         7493    x$fpl$fnaninf       fz_wm.l(fnaninf.o)
    0x08008466   0x08008466   0x0000000a   Code   RO         7639    x$fpl$fpinit        fz_wm.l(fpinit.o)
    0x08008470   0x08008470   0x0000000a   Code   RO         7495    x$fpl$fretinf       fz_wm.l(fretinf.o)
    0x0800847a   0x0800847a   0x00000004   Code   RO         7216    x$fpl$printf1       fz_wm.l(printf1.o)
    0x0800847e   0x0800847e   0x00000004   Code   RO         7218    x$fpl$printf2       fz_wm.l(printf2.o)
    0x08008482   0x08008482   0x00000000   Code   RO         7499    x$fpl$usenofp       fz_wm.l(usenofp.o)
    0x08008482   0x08008482   0x00000010   Data   RO          277    .constdata          system_at32f403a_407.o
    0x08008492   0x08008492   0x00000028   Data   RO         1200    .constdata          at32f403a_407_crm.o
    0x080084ba   0x080084ba   0x00000011   Data   RO         7146    .constdata          c_w.l(__printf_flags_ss_wp.o)
    0x080084cb   0x080084cb   0x00000026   Data   RO         7374    .constdata          c_w.l(_printf_fp_hex.o)
    0x080084f1   0x080084f1   0x00000003   PAD
    0x080084f4   0x080084f4   0x00000008   Data   RO         7385    .constdata          c_w.l(_printf_wctomb.o)
    0x080084fc   0x080084fc   0x00000028   Data   RO         7414    .constdata          c_w.l(_printf_hex_int_ll_ptr.o)
    0x08008524   0x08008524   0x00000004   PAD
    0x08008528   0x08008528   0x00000030   Data   RO         7501    .constdata          m_wm.l(cos_i.o)
    0x08008558   0x08008558   0x000000c8   Data   RO         7538    .constdata          m_wm.l(rred.o)
    0x08008620   0x08008620   0x00000028   Data   RO         7542    .constdata          m_wm.l(sin_i.o)
    0x08008648   0x08008648   0x00000094   Data   RO         7595    .constdata          c_w.l(bigflt0.o)
    0x080086dc   0x080086dc   0x00000020   Data   RO         7731    Region$$Table       anon$$obj.o
    0x080086fc   0x080086fc   0x0000001c   Data   RO         7625    locale$$data        c_w.l(lc_numeric_c.o)
    0x08008718   0x08008718   0x00000110   Data   RO         7652    locale$$data        c_w.l(lc_ctype_c.o)


    Execution Region RW_IRAM1 (Exec base: 0x20000000, Load base: 0x08008828, Size: 0x00004498, Max: 0x00038000, ABSOLUTE, COMPRESSED[0x00000100])

    Exec Addr    Load Addr    Size         Type   Attr      Idx    E Section Name        Object

    0x20000000   COMPRESSED   0x00000356   Data   RW           13    .data               main.o
    0x20000356   COMPRESSED   0x00000002   PAD
    0x20000358   COMPRESSED   0x00000004   Data   RW          278    .data               system_at32f403a_407.o
    0x2000035c   COMPRESSED   0x00000040   Data   RW         4290    .data               tasks.o
    0x2000039c   COMPRESSED   0x0000000c   Data   RW         4550    .data               port.o
    0x200003a8   COMPRESSED   0x00000020   Data   RW         4626    .data               heap_4.o
    0x200003c8   COMPRESSED   0x00000078   Data   RW         4736    .data               init.o
    0x20000440   COMPRESSED   0x00000042   Data   RW         5028    .data               dma_usart.o
    0x20000482   COMPRESSED   0x00000002   PAD
    0x20000484   COMPRESSED   0x00000006   Data   RW         5349    .data               rm_motor.o
    0x2000048a   COMPRESSED   0x00000002   PAD
    0x2000048c   COMPRESSED   0x00000008   Data   RW         5899    .data               dm_motor.o
    0x20000494   COMPRESSED   0x00000007   Data   RW         6947    .data               usart.o
    0x2000049b   COMPRESSED   0x00000001   PAD
    0x2000049c   COMPRESSED   0x00000008   Data   RW         7009    .data               delay.o
    0x200004a4        -       0x00000244   Zero   RW           12    .bss                main.o
    0x200006e8        -       0x000000c8   Zero   RW         4289    .bss                tasks.o
    0x200007b0        -       0x00002000   Zero   RW         4625    .bss                heap_4.o
    0x200027b0        -       0x00000798   Zero   RW         4735    .bss                init.o
    0x20002f48        -       0x00000e1c   Zero   RW         5027    .bss                dma_usart.o
    0x20003d64        -       0x0000000a   Zero   RW         5348    .bss                rm_motor.o
    0x20003d6e        -       0x000000c8   Zero   RW         6946    .bss                usart.o
    0x20003e36   COMPRESSED   0x00000002   PAD
    0x20003e38        -       0x00000060   Zero   RW         7550    .bss                c_w.l(libspace.o)
    0x20003e98        -       0x00000200   Zero   RW          502    HEAP                startup_at32f403a_407.o
    0x20004098        -       0x00000400   Zero   RW          501    STACK               startup_at32f403a_407.o


==============================================================================

Image component sizes


      Code (inc. data)   RO Data    RW Data    ZI Data      Debug   Object Name

      1518         24          0          0          0       6939   at32f403a_407_can.o
       112          0          0          0          0        586   at32f403a_407_clock.o
       926        112         40          0          0       8909   at32f403a_407_crm.o
        94         18          0          0          0       2687   at32f403a_407_dma.o
       190          0          0          0          0       1781   at32f403a_407_gpio.o
        20          0          0          0          0       2849   at32f403a_407_int.o
       240         10          0          0          0      31807   at32f403a_407_misc.o
       270         16          0          0          0       6055   at32f403a_407_usart.o
       532         42          0          0          0       1403   chassis.o
         0          0          0          0          0       7260   croutine.o
        60         18          0          8          0       1013   delay.o
       964        140          0          8          0       2959   dm_motor.o
       692        112          0         66       3612       6371   dma_usart.o
         0          0          0          0          0       5992   event_groups.o
       236          8          0          0          0       1104   free.o
       756         74          0         32       8192       6967   heap_4.o
      5864        530          0        120       1944      24475   init.o
       206         10          0          0          0        708   init_simplify.o
       148          0          0          0          0       3222   list.o
      2000        244          0        854        580      78334   main.o
      1070         10          0          0          0       4424   pid.o
       894         78          0         12          0      10652   port.o
       632         38          0          6         10       2833   rm_motor.o
        64         26        388          0       1536        824   startup_at32f403a_407.o
       360         38         16          4          0      56344   system_at32f403a_407.o
      2092        290          0         64        200      21993   tasks.o
       460         50          0          7        200       4322   usart.o

    ----------------------------------------------------------------------
     20422       1888        476       1188      16276     302813   Object Totals
         0          0         32          0          0          0   (incl. Generated)
        22          0          0          7          2          0   (incl. Padding)

    ----------------------------------------------------------------------

      Code (inc. data)   RO Data    RW Data    ZI Data      Debug   Library Member Name

        24          4          0          0          0         84   __2printf.o
        44          6          0          0          0         84   __2sprintf.o
        90          0          0          0          0          0   __dczerorl2.o
         8          0          0          0          0         68   __main.o
       392          4         17          0          0         92   __printf_flags_ss_wp.o
        14          0          0          0          0         68   __printf_wp.o
         0          0          0          0          0          0   __rtentry.o
        12          0          0          0          0          0   __rtentry2.o
         6          0          0          0          0          0   __rtentry4.o
        52          8          0          0          0          0   __scatter.o
        28          0          0          0          0          0   __scatter_zi.o
        28          0          0          0          0         68   _chval.o
         6          0          0          0          0          0   _printf_a.o
         6          0          0          0          0          0   _printf_c.o
        44          0          0          0          0        108   _printf_char.o
        48          6          0          0          0         96   _printf_char_common.o
        36          4          0          0          0         80   _printf_char_file.o
        40          0          0          0          0         68   _printf_charcount.o
         6          0          0          0          0          0   _printf_d.o
       120         16          0          0          0         92   _printf_dec.o
         6          0          0          0          0          0   _printf_e.o
         6          0          0          0          0          0   _printf_f.o
      1054          0          0          0          0        216   _printf_fp_dec.o
       764          8         38          0          0        100   _printf_fp_hex.o
       128         16          0          0          0         84   _printf_fp_infnan.o
         6          0          0          0          0          0   _printf_g.o
       148          4         40          0          0        160   _printf_hex_int_ll_ptr.o
         6          0          0          0          0          0   _printf_i.o
       178          0          0          0          0         88   _printf_intcommon.o
        10          0          0          0          0          0   _printf_l.o
         6          0          0          0          0          0   _printf_lc.o
        10          0          0          0          0          0   _printf_ll.o
         6          0          0          0          0          0   _printf_lld.o
         6          0          0          0          0          0   _printf_lli.o
         6          0          0          0          0          0   _printf_llo.o
         6          0          0          0          0          0   _printf_llu.o
         6          0          0          0          0          0   _printf_llx.o
       124         16          0          0          0         92   _printf_longlong_dec.o
         6          0          0          0          0          0   _printf_ls.o
         6          0          0          0          0          0   _printf_n.o
         6          0          0          0          0          0   _printf_o.o
       112         10          0          0          0        124   _printf_oct_int_ll.o
         6          0          0          0          0          0   _printf_p.o
        78          0          0          0          0        108   _printf_pad.o
         0          0          0          0          0          0   _printf_percent.o
         4          0          0          0          0          0   _printf_percent_end.o
         6          0          0          0          0          0   _printf_s.o
        82          0          0          0          0         80   _printf_str.o
        36          0          0          0          0         84   _printf_truncate.o
         6          0          0          0          0          0   _printf_u.o
        44          0          0          0          0        108   _printf_wchar.o
       188          6          8          0          0         92   _printf_wctomb.o
         6          0          0          0          0          0   _printf_x.o
        22          0          0          0          0        100   _rserrno.o
        10          0          0          0          0         68   _sputc.o
       158          0          0          0          0         92   _strtoul.o
        64          0          0          0          0         92   _wcrtomb.o
        26          0          0          0          0         80   atoi.o
       228          4        148          0          0         96   bigflt0.o
      1936        128          0          0          0        672   btod.o
        18          0          0          0          0         80   exit.o
         8          0          0          0          0         68   ferror.o
         6          0          0          0          0        152   heapauxi.o
        44         10        272          0          0         76   lc_ctype_c.o
        44         10         28          0          0         76   lc_numeric_c.o
         2          0          0          0          0          0   libinit.o
        34          0          0          0          0          0   libinit2.o
         2          0          0          0          0          0   libshutdown.o
         2          0          0          0          0          0   libshutdown2.o
         8          4          0          0         96         68   libspace.o
       138          0          0          0          0         80   lludiv10.o
        16          4          0          0          0         76   rt_ctype_table.o
         8          4          0          0          0         68   rt_errno_addr_intlibspace.o
         8          4          0          0          0         68   rt_locale_intlibspace.o
        68          0          0          0          0         68   rt_memclr.o
        78          0          0          0          0         80   rt_memclr_w.o
         2          0          0          0          0          0   rtexit.o
        10          0          0          0          0          0   rtexit2.o
       128          0          0          0          0         68   strcmpv7m.o
        72          0          0          0          0         80   strcpy.o
        62          0          0          0          0         76   strlen.o
        86          0          0          0          0         76   strncpy.o
       112          0          0          0          0         88   strtol.o
        74          0          0          0          0         80   sys_stackheap_outer.o
         2          0          0          0          0         68   use_no_semi.o
         2          0          0          0          0         68   use_no_semi_2.o
        36          4          0          0          0         76   vsprintf.o
        24          0          0          0          0        164   basic.o
        98          4          0          0          0        140   d2f.o
       826         16          0          0          0        492   daddsub_clz.o
        24          0          0          0          0        116   dcmpi.o
       688        140          0          0          0        256   ddiv.o
       120          4          0          0          0        140   deqf.o
        94          4          0          0          0        140   dfix.o
        84          0          0          0          0        232   dflt_clz.o
       120          4          0          0          0        140   dleqf.o
       340         12          0          0          0        152   dmul.o
       156          4          0          0          0        140   dnaninf.o
        12          0          0          0          0        116   dretinf.o
       108          0          0          0          0        128   drleqf.o
        86          4          0          0          0        132   f2d.o
       140          4          0          0          0        132   fnaninf.o
        10          0          0          0          0        116   fpinit.o
        10          0          0          0          0        116   fretinf.o
         4          0          0          0          0        116   printf1.o
         4          0          0          0          0        116   printf2.o
         0          0          0          0          0          0   usenofp.o
       200         20          0          0          0        164   cos.o
       368         46         48          0          0        200   cos_i.o
        84         16          0          0          0        372   dunder.o
        24          0          0          0          0        124   fabs.o
        48          0          0          0          0        124   fpclassify.o
       248          0          0          0          0        152   poly.o
      1080        142        200          0          0        188   rred.o
       200         20          0          0          0        164   sin.o
       304         24         40          0          0        208   sin_i.o

    ----------------------------------------------------------------------
     13112        744        846          0         96       9864   Library Totals
        28          0          7          0          0          0   (incl. Padding)

    ----------------------------------------------------------------------

      Code (inc. data)   RO Data    RW Data    ZI Data      Debug   Library Name

      7580        280        551          0         96       5084   c_w.l
      2948        196          0          0          0       3084   fz_wm.l
      2556        268        288          0          0       1696   m_wm.l

    ----------------------------------------------------------------------
     13112        744        846          0         96       9864   Library Totals

    ----------------------------------------------------------------------

==============================================================================


      Code (inc. data)   RO Data    RW Data    ZI Data      Debug   

     33534       2632       1322       1188      16372     293317   Grand Totals
     33534       2632       1322        256      16372     293317   ELF Image Totals (compressed)
     33534       2632       1322        256          0          0   ROM Totals

==============================================================================

    Total RO  Size (Code + RO Data)                34856 (  34.04kB)
    Total RW  Size (RW Data + ZI Data)             17560 (  17.15kB)
    Total ROM Size (Code + RO Data + RW Data)      35112 (  34.29kB)

==============================================================================

