Component: ARM Compiler 5.06 update 5 (build 528) Tool: armlink [4d35e2]

==============================================================================

Section Cross References

    startup_stm32f10x_md.o(STACK) refers (Special) to heapauxi.o(.text) for __use_two_region_memory
    startup_stm32f10x_md.o(HEAP) refers (Special) to heapauxi.o(.text) for __use_two_region_memory
    startup_stm32f10x_md.o(RESET) refers (Special) to heapauxi.o(.text) for __use_two_region_memory
    startup_stm32f10x_md.o(RESET) refers to startup_stm32f10x_md.o(STACK) for __initial_sp
    startup_stm32f10x_md.o(RESET) refers to startup_stm32f10x_md.o(.text) for Reset_Handler
    startup_stm32f10x_md.o(RESET) refers to stm32f10x_it.o(i.NMI_Handler) for NMI_Handler
    startup_stm32f10x_md.o(RESET) refers to stm32f10x_it.o(i.HardFault_Handler) for HardFault_Handler
    startup_stm32f10x_md.o(RESET) refers to stm32f10x_it.o(i.MemManage_Handler) for MemManage_Handler
    startup_stm32f10x_md.o(RESET) refers to stm32f10x_it.o(i.BusFault_Handler) for BusFault_Handler
    startup_stm32f10x_md.o(RESET) refers to stm32f10x_it.o(i.UsageFault_Handler) for UsageFault_Handler
    startup_stm32f10x_md.o(RESET) refers to stm32f10x_it.o(i.SVC_Handler) for SVC_Handler
    startup_stm32f10x_md.o(RESET) refers to stm32f10x_it.o(i.DebugMon_Handler) for DebugMon_Handler
    startup_stm32f10x_md.o(RESET) refers to stm32f10x_it.o(i.PendSV_Handler) for PendSV_Handler
    startup_stm32f10x_md.o(RESET) refers to stm32f10x_it.o(i.SysTick_Handler) for SysTick_Handler
    startup_stm32f10x_md.o(RESET) refers to can.o(i.USB_LP_CAN1_RX0_IRQHandler) for USB_LP_CAN1_RX0_IRQHandler
    startup_stm32f10x_md.o(RESET) refers to main.o(i.TIM2_IRQHandler) for TIM2_IRQHandler
    startup_stm32f10x_md.o(RESET) refers to main.o(i.TIM3_IRQHandler) for TIM3_IRQHandler
    startup_stm32f10x_md.o(.text) refers (Special) to heapauxi.o(.text) for __use_two_region_memory
    startup_stm32f10x_md.o(.text) refers to system_stm32f10x.o(i.SystemInit) for SystemInit
    startup_stm32f10x_md.o(.text) refers to __main.o(!!!main) for __main
    startup_stm32f10x_md.o(.text) refers to startup_stm32f10x_md.o(HEAP) for Heap_Mem
    startup_stm32f10x_md.o(.text) refers to startup_stm32f10x_md.o(STACK) for Stack_Mem
    system_stm32f10x.o(i.SetSysClock) refers to system_stm32f10x.o(i.SetSysClockTo72) for SetSysClockTo72
    system_stm32f10x.o(i.SystemCoreClockUpdate) refers to system_stm32f10x.o(.data) for SystemCoreClock
    system_stm32f10x.o(i.SystemInit) refers to system_stm32f10x.o(i.SetSysClock) for SetSysClock
    stm32f10x_adc.o(i.ADC_DeInit) refers to stm32f10x_rcc.o(i.RCC_APB2PeriphResetCmd) for RCC_APB2PeriphResetCmd
    stm32f10x_bkp.o(i.BKP_DeInit) refers to stm32f10x_rcc.o(i.RCC_BackupResetCmd) for RCC_BackupResetCmd
    stm32f10x_can.o(i.CAN_DeInit) refers to stm32f10x_rcc.o(i.RCC_APB1PeriphResetCmd) for RCC_APB1PeriphResetCmd
    stm32f10x_can.o(i.CAN_GetITStatus) refers to stm32f10x_can.o(i.CheckITStatus) for CheckITStatus
    stm32f10x_cec.o(i.CEC_DeInit) refers to stm32f10x_rcc.o(i.RCC_APB1PeriphResetCmd) for RCC_APB1PeriphResetCmd
    stm32f10x_dac.o(i.DAC_DeInit) refers to stm32f10x_rcc.o(i.RCC_APB1PeriphResetCmd) for RCC_APB1PeriphResetCmd
    stm32f10x_flash.o(i.FLASH_EnableWriteProtection) refers to stm32f10x_flash.o(i.FLASH_WaitForLastOperation) for FLASH_WaitForLastOperation
    stm32f10x_flash.o(i.FLASH_EraseAllBank1Pages) refers to stm32f10x_flash.o(i.FLASH_WaitForLastBank1Operation) for FLASH_WaitForLastBank1Operation
    stm32f10x_flash.o(i.FLASH_EraseAllPages) refers to stm32f10x_flash.o(i.FLASH_WaitForLastOperation) for FLASH_WaitForLastOperation
    stm32f10x_flash.o(i.FLASH_EraseOptionBytes) refers to stm32f10x_flash.o(i.FLASH_GetReadOutProtectionStatus) for FLASH_GetReadOutProtectionStatus
    stm32f10x_flash.o(i.FLASH_EraseOptionBytes) refers to stm32f10x_flash.o(i.FLASH_WaitForLastOperation) for FLASH_WaitForLastOperation
    stm32f10x_flash.o(i.FLASH_ErasePage) refers to stm32f10x_flash.o(i.FLASH_WaitForLastOperation) for FLASH_WaitForLastOperation
    stm32f10x_flash.o(i.FLASH_ProgramHalfWord) refers to stm32f10x_flash.o(i.FLASH_WaitForLastOperation) for FLASH_WaitForLastOperation
    stm32f10x_flash.o(i.FLASH_ProgramOptionByteData) refers to stm32f10x_flash.o(i.FLASH_WaitForLastOperation) for FLASH_WaitForLastOperation
    stm32f10x_flash.o(i.FLASH_ProgramWord) refers to stm32f10x_flash.o(i.FLASH_WaitForLastOperation) for FLASH_WaitForLastOperation
    stm32f10x_flash.o(i.FLASH_ReadOutProtection) refers to stm32f10x_flash.o(i.FLASH_WaitForLastOperation) for FLASH_WaitForLastOperation
    stm32f10x_flash.o(i.FLASH_UserOptionByteConfig) refers to stm32f10x_flash.o(i.FLASH_WaitForLastOperation) for FLASH_WaitForLastOperation
    stm32f10x_flash.o(i.FLASH_WaitForLastBank1Operation) refers to stm32f10x_flash.o(i.FLASH_GetBank1Status) for FLASH_GetBank1Status
[...]
    locale$$code                             0x080040f0   Section       44  lc_numeric_c.o(locale$$code)
    locale$$code                             0x0800411c   Section       44  lc_ctype_c.o(locale$$code)
    x$fpl$d2f                                0x08004148   Section       98  d2f.o(x$fpl$d2f)
    x$fpl$dadd                               0x080041ac   Section      336  daddsub_clz.o(x$fpl$dadd)
    _dadd1                                   0x080041bd   Thumb Code     0  daddsub_clz.o(x$fpl$dadd)
    x$fpl$dcheck1                            0x080042fc   Section       16  dcheck1.o(x$fpl$dcheck1)
    x$fpl$dcmpinf                            0x0800430c   Section       24  dcmpi.o(x$fpl$dcmpinf)
    x$fpl$ddiv                               0x08004324   Section      688  ddiv.o(x$fpl$ddiv)
    ddiv_entry                               0x0800432b   Thumb Code     0  ddiv.o(x$fpl$ddiv)
    x$fpl$dfix                               0x080045d4   Section       94  dfix.o(x$fpl$dfix)
    x$fpl$dflt                               0x08004632   Section       46  dflt_clz.o(x$fpl$dflt)
    x$fpl$dfltu                              0x08004660   Section       38  dflt_clz.o(x$fpl$dfltu)
    x$fpl$dleqf                              0x08004688   Section      120  dleqf.o(x$fpl$dleqf)
    x$fpl$dmul                               0x08004700   Section      340  dmul.o(x$fpl$dmul)
    x$fpl$dnaninf                            0x08004854   Section      156  dnaninf.o(x$fpl$dnaninf)
    x$fpl$dretinf                            0x080048f0   Section       12  dretinf.o(x$fpl$dretinf)
    x$fpl$drleqf                             0x080048fc   Section      108  drleqf.o(x$fpl$drleqf)
    x$fpl$drsb                               0x08004968   Section       22  daddsub_clz.o(x$fpl$drsb)
    x$fpl$dsub                               0x08004980   Section      468  daddsub_clz.o(x$fpl$dsub)
    _dsub1                                   0x08004991   Thumb Code     0  daddsub_clz.o(x$fpl$dsub)
    x$fpl$f2d                                0x08004b54   Section       86  f2d.o(x$fpl$f2d)
    x$fpl$fadd                               0x08004bac   Section      196  faddsub_clz.o(x$fpl$fadd)
    _fadd1                                   0x08004bbb   Thumb Code     0  faddsub_clz.o(x$fpl$fadd)
    x$fpl$fcheck1                            0x08004c70   Section       12  fcheck1.o(x$fpl$fcheck1)
    x$fpl$fcmpinf                            0x08004c7c   Section       24  fcmpi.o(x$fpl$fcmpinf)
    x$fpl$fdiv                               0x08004c94   Section      388  fdiv.o(x$fpl$fdiv)
    _fdiv1                                   0x08004c95   Thumb Code     0  fdiv.o(x$fpl$fdiv)
    x$fpl$feqf                               0x08004e18   Section      104  feqf.o(x$fpl$feqf)
    x$fpl$ffix                               0x08004e80   Section       54  ffix.o(x$fpl$ffix)
    x$fpl$ffixu                              0x08004eb8   Section       62  ffixu.o(x$fpl$ffixu)
    x$fpl$fflt                               0x08004ef8   Section       48  fflt_clz.o(x$fpl$fflt)
    x$fpl$ffltu                              0x08004f28   Section       38  fflt_clz.o(x$fpl$ffltu)
    x$fpl$fleqf                              0x08004f50   Section      104  fleqf.o(x$fpl$fleqf)
    x$fpl$fmul                               0x08004fb8   Section      258  fmul.o(x$fpl$fmul)
    x$fpl$fnaninf                            0x080050ba   Section      140  fnaninf.o(x$fpl$fnaninf)
    x$fpl$fretinf                            0x08005146   Section       10  fretinf.o(x$fpl$fretinf)
    x$fpl$frleqf                             0x08005150   Section       98  frleqf.o(x$fpl$frleqf)
    x$fpl$frnd                               0x080051b4   Section       96  frnd.o(x$fpl$frnd)
    x$fpl$frsb                               0x08005214   Section       20  faddsub_clz.o(x$fpl$frsb)
    x$fpl$fsub                               0x08005228   Section      234  faddsub_clz.o(x$fpl$fsub)
    _fsub1                                   0x08005237   Thumb Code     0  faddsub_clz.o(x$fpl$fsub)
    x$fpl$printf1                            0x08005312   Section        4  printf1.o(x$fpl$printf1)
    x$fpl$printf2                            0x08005316   Section        4  printf2.o(x$fpl$printf2)
    x$fpl$retnan                             0x0800531a   Section      100  retnan.o(x$fpl$retnan)
    x$fpl$scalbn                             0x0800537e   Section       92  scalbn.o(x$fpl$scalbn)
    x$fpl$scalbnf                            0x080053da   Section       76  scalbnf.o(x$fpl$scalbnf)
    x$fpl$trapveneer                         0x08005426   Section       48  trapv.o(x$fpl$trapveneer)
    x$fpl$usenofp                            0x08005456   Section        0  usenofp.o(x$fpl$usenofp)
    .constdata                               0x08005458   Section       48  expf.o(.constdata)
    twotokover4top                           0x08005458   Data          16  expf.o(.constdata)
    twotokover4bot                           0x08005468   Data          16  expf.o(.constdata)
    twotokover4all                           0x08005478   Data          16  expf.o(.constdata)
    .constdata                               0x08005488   Section        8  _printf_wctomb.o(.constdata)
    initial_mbstate                          0x08005488   Data           8  _printf_wctomb.o(.constdata)
    .constdata                               0x08005490   Section       40  _printf_hex_int_ll_ptr.o(.constdata)
    uc_hextab                                0x08005490   Data          20  _printf_hex_int_ll_ptr.o(.constdata)
    lc_hextab                                0x080054a4   Data          20  _printf_hex_int_ll_ptr.o(.constdata)
    .constdata                               0x080054b8   Section       17  __printf_flags_ss_wp.o(.constdata)
    maptable                                 0x080054b8   Data          17  __printf_flags_ss_wp.o(.constdata)
    .constdata                               0x080054d0   Section       48  cos_i.o(.constdata)
    C                                        0x080054d0   Data          48  cos_i.o(.constdata)
    .constdata                               0x08005500   Section      200  rred.o(.constdata)
    pio2s                                    0x08005500   Data          48  rred.o(.constdata)
    twooverpi                                0x08005530   Data         152  rred.o(.constdata)
    .constdata                               0x080055c8   Section       40  sin_i.o(.constdata)
    S                                        0x080055c8   Data          40  sin_i.o(.constdata)
    .constdata                               0x080055f0   Section       38  _printf_fp_hex.o(.constdata)
    lc_hextab                                0x080055f0   Data          19  _printf_fp_hex.o(.constdata)
    uc_hextab                                0x08005603   Data          19  _printf_fp_hex.o(.constdata)
    .constdata                               0x08005618   Section      148  bigflt0.o(.constdata)
    tenpwrs_x                                0x08005618   Data          60  bigflt0.o(.constdata)
    tenpwrs_i                                0x08005654   Data          64  bigflt0.o(.constdata)
    locale$$data                             0x080056cc   Section       28  lc_numeric_c.o(locale$$data)
    __lcnum_c_name                           0x080056d0   Data           2  lc_numeric_c.o(locale$$data)
    __lcnum_c_start                          0x080056d8   Data           0  lc_numeric_c.o(locale$$data)
    __lcnum_c_point                          0x080056e4   Data           0  lc_numeric_c.o(locale$$data)
    __lcnum_c_thousands                      0x080056e6   Data           0  lc_numeric_c.o(locale$$data)
    __lcnum_c_grouping                       0x080056e7   Data           0  lc_numeric_c.o(locale$$data)
    locale$$data                             0x080056e8   Section      272  lc_ctype_c.o(locale$$data)
    __lcnum_c_end                            0x080056e8   Data           0  lc_numeric_c.o(locale$$data)
    __lcctype_c_name                         0x080056ec   Data           2  lc_ctype_c.o(locale$$data)
    __lcctype_c_start                        0x080056f4   Data           0  lc_ctype_c.o(locale$$data)
    __lcctype_c_end                          0x080057f8   Data           0  lc_ctype_c.o(locale$$data)
    .data                                    0x20000000   Section       20  stm32f10x_rcc.o(.data)
    APBAHBPrescTable                         0x20000000   Data          16  stm32f10x_rcc.o(.data)
    ADCPrescTable                            0x20000010   Data           4  stm32f10x_rcc.o(.data)
    .data                                    0x20000014   Section        8  can.o(.data)
    last_angle                               0x20000014   Data           2  can.o(.data)
    total_angle                              0x20000018   Data           4  can.o(.data)
    .data                                    0x2000001c   Section       16  omni.o(.data)
    last_target                              0x2000001c   Data           4  omni.o(.data)
    last_target1                             0x20000020   Data           4  omni.o(.data)
    last_target2                             0x20000024   Data           4  omni.o(.data)
    last_target3                             0x20000028   Data           4  omni.o(.data)
    .data                                    0x2000002c   Section       16  main.o(.data)
    .bss                                     0x2000003c   Section      560  main.o(.bss)
    .bss                                     0x2000026c   Section       96  libspace.o(.bss)
    HEAP                                     0x200002d0   Section      512  startup_stm32f10x_md.o(HEAP)
    Heap_Mem                                 0x200002d0   Data         512  startup_stm32f10x_md.o(HEAP)
    STACK                                    0x200004d0   Section     1024  startup_stm32f10x_md.o(STACK)
    Stack_Mem                                0x200004d0   Data        1024  startup_stm32f10x_md.o(STACK)
    __initial_sp                             0x200008d0   Data           0  startup_stm32f10x_md.o(STACK)

    Global Symbols

    Symbol Name                              Value     Ov Type        Size  Object(Section)

    BuildAttributes$$THM_ISAv4$P$D$K$B$S$PE$A:L22UL41UL21$X:L11$S22US41US21$IEEE1$IW$USESV6$~STKCKD$USESV7$~SHL$OTIME$ROPI$IEEEX$EBA8$UX$STANDARDLIB$REQ8$PRES8$EABIv2 0x00000000   Number         0  anon$$obj.o ABSOLUTE
    __ARM_use_no_argv                        0x00000000   Number         0  main.o ABSOLUTE
    _printf_flags                            0x00000000   Number         0  printf_stubs.o ABSOLUTE
    _printf_return_value                     0x00000000   Number         0  printf_stubs.o ABSOLUTE
    _printf_sizespec                         0x00000000   Number         0  printf_stubs.o ABSOLUTE
    _printf_widthprec                        0x00000000   Number         0  printf_stubs.o ABSOLUTE
    __ARM_exceptions_init                     - Undefined Weak Reference
    __alloca_initialize                       - Undefined Weak Reference
    __arm_preinit_                            - Undefined Weak Reference
    __cpp_initialize__aeabi_                  - Undefined Weak Reference
    __cxa_finalize                            - Undefined Weak Reference
    __sigvec_lookup                           - Undefined Weak Reference
    _atexit_init                              - Undefined Weak Reference
    _call_atexit_fns                          - Undefined Weak Reference
    _clock_init                               - Undefined Weak Reference
    _fp_trap_init                             - Undefined Weak Reference
    _fp_trap_shutdown                         - Undefined Weak Reference
    _get_lc_collate                           - Undefined Weak Reference
    _get_lc_monetary                          - Undefined Weak Reference
    _get_lc_time                              - Undefined Weak Reference
    _getenv_init                              - Undefined Weak Reference
    _handle_redirection                       - Undefined Weak Reference
    _init_alloc                               - Undefined Weak Reference
    _init_user_alloc                          - Undefined Weak Reference
    _initio                                   - Undefined Weak Reference
    _printf_mbtowc                            - Undefined Weak Reference
    _printf_wc                                - Undefined Weak Reference
    _rand_init                                - Undefined Weak Reference
    _signal_finish                            - Undefined Weak Reference
    _signal_init                              - Undefined Weak Reference
    _terminate_alloc                          - Undefined Weak Reference
    _terminate_user_alloc                     - Undefined Weak Reference
    _terminateio                              - Undefined Weak Reference
    __Vectors_Size                           0x000000ec   Number         0  startup_stm32f10x_md.o ABSOLUTE
    __Vectors                                0x08000000   Data           4  startup_stm32f10x_md.o(RESET)
    __Vectors_End                            0x080000ec   Data           0  startup_stm32f10x_md.o(RESET)
    __main                                   0x080000ed   Thumb Code     8  __main.o(!!!main)
    __scatterload                            0x080000f5   Thumb Code     0  __scatter.o(!!!scatter)
    __scatterload_rt2                        0x080000f5   Thumb Code    44  __scatter.o(!!!scatter)
    __scatterload_rt2_thumb_only             0x080000f5   Thumb Code     0  __scatter.o(!!!scatter)
    __scatterload_null                       0x08000103   Thumb Code     0  __scatter.o(!!!scatter)
    __scatterload_copy                       0x08000129   Thumb Code    26  __scatter_copy.o(!!handler_copy)
    __scatterload_zeroinit                   0x08000145   Thumb Code    28  __scatter_zi.o(!!handler_zi)
    _printf_n                                0x08000161   Thumb Code     0  _printf_n.o(.ARM.Collect$$_printf_percent$$00000001)
    _printf_percent                          0x08000161   Thumb Code     0  _printf_percent.o(.ARM.Collect$$_printf_percent$$00000000)
    _printf_p                                0x08000167   Thumb Code     0  _printf_p.o(.ARM.Collect$$_printf_percent$$00000002)
    _printf_f                                0x0800016d   Thumb Code     0  _printf_f.o(.ARM.Collect$$_printf_percent$$00000003)
    _printf_e                                0x08000173   Thumb Code     0  _printf_e.o(.ARM.Collect$$_printf_percent$$00000004)
    _printf_g                                0x08000179   Thumb Code     0  _printf_g.o(.ARM.Collect$$_printf_percent$$00000005)
    _printf_a                                0x0800017f   Thumb Code     0  _printf_a.o(.ARM.Collect$$_printf_percent$$00000006)
    _printf_ll                               0x08000185   Thumb Code     0  _printf_ll.o(.ARM.Collect$$_printf_percent$$00000007)
    _printf_i                                0x0800018f   Thumb Code     0  _printf_i.o(.ARM.Collect$$_printf_percent$$00000008)
    _printf_d                                0x08000195   Thumb Code     0  _printf_d.o(.ARM.Collect$$_printf_percent$$00000009)
    _printf_u                                0x0800019b   Thumb Code     0  _printf_u.o(.ARM.Collect$$_printf_percent$$0000000A)
    _printf_o                                0x080001a1   Thumb Code     0  _printf_o.o(.ARM.Collect$$_printf_percent$$0000000B)
    _printf_x                                0x080001a7   Thumb Code     0  _printf_x.o(.ARM.Collect$$_printf_percent$$0000000C)
    _printf_lli                              0x080001ad   Thumb Code     0  _printf_lli.o(.ARM.Collect$$_printf_percent$$0000000D)
    _printf_lld                              0x080001b3   Thumb Code     0  _printf_lld.o(.ARM.Collect$$_printf_percent$$0000000E)
    _printf_llu                              0x080001b9   Thumb Code     0  _printf_llu.o(.ARM.Collect$$_printf_percent$$0000000F)
    _printf_llo                              0x080001bf   Thumb Code     0  _printf_llo.o(.ARM.Collect$$_printf_percent$$00000010)
    _printf_llx                              0x080001c5   Thumb Code     0  _printf_llx.o(.ARM.Collect$$_printf_percent$$00000011)
    _printf_l                                0x080001cb   Thumb Code     0  _printf_l.o(.ARM.Collect$$_printf_percent$$00000012)
    _printf_c                                0x080001d5   Thumb Code     0  _printf_c.o(.ARM.Collect$$_printf_percent$$00000013)
    _printf_s                                0x080001db   Thumb Code     0  _printf_s.o(.ARM.Collect$$_printf_percent$$00000014)
    _printf_lc                               0x080001e1   Thumb Code     0  _printf_lc.o(.ARM.Collect$$_printf_percent$$00000015)
    _printf_ls                               0x080001e7   Thumb Code     0  _printf_ls.o(.ARM.Collect$$_printf_percent$$00000016)
    _printf_percent_end                      0x080001ed   Thumb Code     0  _printf_percent_end.o(.ARM.Collect$$_printf_percent$$00000017)
    __rt_lib_init                            0x080001f1   Thumb Code     0  libinit.o(.ARM.Collect$$libinit$$00000000)
    __rt_lib_init_fp_1                       0x080001f3   Thumb Code     0  libinit2.o(.ARM.Collect$$libinit$$00000002)
    __rt_lib_init_heap_1                     0x080001f3   Thumb Code     0  libinit2.o(.ARM.Collect$$libinit$$0000000A)
    __rt_lib_init_lc_common                  0x080001f3   Thumb Code     0  libinit2.o(.ARM.Collect$$libinit$$0000000F)
    __rt_lib_init_preinit_1                  0x080001f3   Thumb Code     0  libinit2.o(.ARM.Collect$$libinit$$00000004)
    __rt_lib_init_rand_1                     0x080001f3   Thumb Code     0  libinit2.o(.ARM.Collect$$libinit$$0000000E)
    __rt_lib_init_user_alloc_1               0x080001f3   Thumb Code     0  libinit2.o(.ARM.Collect$$libinit$$0000000C)
    __rt_lib_init_lc_collate_1               0x080001f9   Thumb Code     0  libinit2.o(.ARM.Collect$$libinit$$00000011)
    __rt_lib_init_lc_ctype_2                 0x080001f9   Thumb Code     0  libinit2.o(.ARM.Collect$$libinit$$00000012)
    __rt_lib_init_lc_ctype_1                 0x08000205   Thumb Code     0  libinit2.o(.ARM.Collect$$libinit$$00000013)
    __rt_lib_init_lc_monetary_1              0x08000205   Thumb Code     0  libinit2.o(.ARM.Collect$$libinit$$00000015)
    __rt_lib_init_lc_numeric_2               0x08000205   Thumb Code     0  libinit2.o(.ARM.Collect$$libinit$$00000016)
    __rt_lib_init_alloca_1                   0x0800020f   Thumb Code     0  libinit2.o(.ARM.Collect$$libinit$$0000002E)
    __rt_lib_init_argv_1                     0x0800020f   Thumb Code     0  libinit2.o(.ARM.Collect$$libinit$$0000002C)
    __rt_lib_init_atexit_1                   0x0800020f   Thumb Code     0  libinit2.o(.ARM.Collect$$libinit$$0000001B)
    __rt_lib_init_clock_1                    0x0800020f   Thumb Code     0  libinit2.o(.ARM.Collect$$libinit$$00000021)
    __rt_lib_init_cpp_1                      0x0800020f   Thumb Code     0  libinit2.o(.ARM.Collect$$libinit$$00000032)
    __rt_lib_init_exceptions_1               0x0800020f   Thumb Code     0  libinit2.o(.ARM.Collect$$libinit$$00000030)
    __rt_lib_init_fp_trap_1                  0x0800020f   Thumb Code     0  libinit2.o(.ARM.Collect$$libinit$$0000001F)
    __rt_lib_init_getenv_1                   0x0800020f   Thumb Code     0  libinit2.o(.ARM.Collect$$libinit$$00000023)
    __rt_lib_init_lc_numeric_1               0x0800020f   Thumb Code     0  libinit2.o(.ARM.Collect$$libinit$$00000017)
    __rt_lib_init_lc_time_1                  0x0800020f   Thumb Code     0  libinit2.o(.ARM.Collect$$libinit$$00000019)
    __rt_lib_init_return                     0x0800020f   Thumb Code     0  libinit2.o(.ARM.Collect$$libinit$$00000033)
    __rt_lib_init_signal_1                   0x0800020f   Thumb Code     0  libinit2.o(.ARM.Collect$$libinit$$0000001D)
    __rt_lib_init_stdio_1                    0x0800020f   Thumb Code     0  libinit2.o(.ARM.Collect$$libinit$$00000025)
    __rt_lib_shutdown                        0x08000211   Thumb Code     0  libshutdown.o(.ARM.Collect$$libshutdown$$00000000)
    __rt_lib_shutdown_cpp_1                  0x08000213   Thumb Code     0  libshutdown2.o(.ARM.Collect$$libshutdown$$00000002)
    __rt_lib_shutdown_fp_trap_1              0x08000213   Thumb Code     0  libshutdown2.o(.ARM.Collect$$libshutdown$$00000007)
    __rt_lib_shutdown_heap_1                 0x08000213   Thumb Code     0  libshutdown2.o(.ARM.Collect$$libshutdown$$0000000F)
    __rt_lib_shutdown_return                 0x08000213   Thumb Code     0  libshutdown2.o(.ARM.Collect$$libshutdown$$00000010)
    __rt_lib_shutdown_signal_1               0x08000213   Thumb Code     0  libshutdown2.o(.ARM.Collect$$libshutdown$$0000000A)
    __rt_lib_shutdown_stdio_1                0x08000213   Thumb Code     0  libshutdown2.o(.ARM.Collect$$libshutdown$$00000004)
    __rt_lib_shutdown_user_alloc_1           0x08000213   Thumb Code     0  libshutdown2.o(.ARM.Collect$$libshutdown$$0000000C)
    __rt_entry                               0x08000215   Thumb Code     0  __rtentry.o(.ARM.Collect$$rtentry$$00000000)
    __rt_entry_presh_1                       0x08000215   Thumb Code     0  __rtentry2.o(.ARM.Collect$$rtentry$$00000002)
    __rt_entry_sh                            0x08000215   Thumb Code     0  __rtentry4.o(.ARM.Collect$$rtentry$$00000004)
    __rt_entry_li                            0x0800021b   Thumb Code     0  __rtentry2.o(.ARM.Collect$$rtentry$$0000000A)
    __rt_entry_postsh_1                      0x0800021b   Thumb Code     0  __rtentry2.o(.ARM.Collect$$rtentry$$00000009)
    __rt_entry_main                          0x0800021f   Thumb Code     0  __rtentry2.o(.ARM.Collect$$rtentry$$0000000D)
    __rt_entry_postli_1                      0x0800021f   Thumb Code     0  __rtentry2.o(.ARM.Collect$$rtentry$$0000000C)
    __rt_exit                                0x08000227   Thumb Code     0  rtexit.o(.ARM.Collect$$rtexit$$00000000)
    __rt_exit_ls                             0x08000229   Thumb Code     0  rtexit2.o(.ARM.Collect$$rtexit$$00000003)
    __rt_exit_prels_1                        0x08000229   Thumb Code     0  rtexit2.o(.ARM.Collect$$rtexit$$00000002)
    __rt_exit_exit                           0x0800022d   Thumb Code     0  rtexit2.o(.ARM.Collect$$rtexit$$00000004)
    Reset_Handler                            0x08000235   Thumb Code     8  startup_stm32f10x_md.o(.text)
    ADC1_2_IRQHandler                        0x0800024f   Thumb Code     0  startup_stm32f10x_md.o(.text)
    CAN1_RX1_IRQHandler                      0x0800024f   Thumb Code     0  startup_stm32f10x_md.o(.text)
    CAN1_SCE_IRQHandler                      0x0800024f   Thumb Code     0  startup_stm32f10x_md.o(.text)
    DMA1_Channel1_IRQHandler                 0x0800024f   Thumb Code     0  startup_stm32f10x_md.o(.text)
    DMA1_Channel2_IRQHandler                 0x0800024f   Thumb Code     0  startup_stm32f10x_md.o(.text)
    DMA1_Channel3_IRQHandler                 0x0800024f   Thumb Code     0  startup_stm32f10x_md.o(.text)
    DMA1_Channel4_IRQHandler                 0x0800024f   Thumb Code     0  startup_stm32f10x_md.o(.text)
    DMA1_Channel5_IRQHandler                 0x0800024f   Thumb Code     0  startup_stm32f10x_md.o(.text)
    DMA1_Channel6_IRQHandler                 0x0800024f   Thumb Code     0  startup_stm32f10x_md.o(.text)
    DMA1_Channel7_IRQHandler                 0x0800024f   Thumb Code     0  startup_stm32f10x_md.o(.text)
    EXTI0_IRQHandler                         0x0800024f   Thumb Code     0  startup_stm32f10x_md.o(.text)
    EXTI15_10_IRQHandler                     0x0800024f   Thumb Code     0  startup_stm32f10x_md.o(.text)
    EXTI1_IRQHandler                         0x0800024f   Thumb Code     0  startup_stm32f10x_md.o(.text)
    EXTI2_IRQHandler                         0x0800024f   Thumb Code     0  startup_stm32f10x_md.o(.text)
    EXTI3_IRQHandler                         0x0800024f   Thumb Code     0  startup_stm32f10x_md.o(.text)
    EXTI4_IRQHandler                         0x0800024f   Thumb Code     0  startup_stm32f10x_md.o(.text)
    EXTI9_5_IRQHandler                       0x0800024f   Thumb Code     0  startup_stm32f10x_md.o(.text)
    FLASH_IRQHandler                         0x0800024f   Thumb Code     0  startup_stm32f10x_md.o(.text)
    I2C1_ER_IRQHandler                       0x0800024f   Thumb Code     0  startup_stm32f10x_md.o(.text)
    I2C1_EV_IRQHandler                       0x0800024f   Thumb Code     0  startup_stm32f10x_md.o(.text)
    I2C2_ER_IRQHandler                       0x0800024f   Thumb Code     0  startup_stm32f10x_md.o(.text)
    I2C2_EV_IRQHandler                       0x0800024f   Thumb Code     0  startup_stm32f10x_md.o(.text)
    PVD_IRQHandler                           0x0800024f   Thumb Code     0  startup_stm32f10x_md.o(.text)
    RCC_IRQHandler                           0x0800024f   Thumb Code     0  startup_stm32f10x_md.o(.text)
    RTCAlarm_IRQHandler                      0x0800024f   Thumb Code     0  startup_stm32f10x_md.o(.text)
    RTC_IRQHandler                           0x0800024f   Thumb Code     0  startup_stm32f10x_md.o(.text)
    SPI1_IRQHandler                          0x0800024f   Thumb Code     0  startup_stm32f10x_md.o(.text)
    SPI2_IRQHandler                          0x0800024f   Thumb Code     0  startup_stm32f10x_md.o(.text)
    TAMPER_IRQHandler                        0x0800024f   Thumb Code     0  startup_stm32f10x_md.o(.text)
    TIM1_BRK_IRQHandler                      0x0800024f   Thumb Code     0  startup_stm32f10x_md.o(.text)
    TIM1_CC_IRQHandler                       0x0800024f   Thumb Code     0  startup_stm32f10x_md.o(.text)
    TIM1_TRG_COM_IRQHandler                  0x0800024f   Thumb Code     0  startup_stm32f10x_md.o(.text)
    TIM1_UP_IRQHandler                       0x0800024f   Thumb Code     0  startup_stm32f10x_md.o(.text)
    TIM4_IRQHandler                          0x0800024f   Thumb Code     0  startup_stm32f10x_md.o(.text)
    USART1_IRQHandler                        0x0800024f   Thumb Code     0  startup_stm32f10x_md.o(.text)
    USART2_IRQHandler                        0x0800024f   Thumb Code     0  startup_stm32f10x_md.o(.text)
    USART3_IRQHandler                        0x0800024f   Thumb Code     0  startup_stm32f10x_md.o(.text)
    USBWakeUp_IRQHandler                     0x0800024f   Thumb Code     0  startup_stm32f10x_md.o(.text)
    USB_HP_CAN1_TX_IRQHandler                0x0800024f   Thumb Code     0  startup_stm32f10x_md.o(.text)
    WWDG_IRQHandler                          0x0800024f   Thumb Code     0  startup_stm32f10x_md.o(.text)
    __user_initial_stackheap                 0x08000251   Thumb Code     0  startup_stm32f10x_md.o(.text)
    vsprintf                                 0x08000275   Thumb Code    32  vsprintf.o(.text)
    __use_two_region_memory                  0x08000299   Thumb Code     2  heapauxi.o(.text)
    __rt_heap_escrow$2region                 0x0800029b   Thumb Code     2  heapauxi.o(.text)
    __rt_heap_expand$2region                 0x0800029d   Thumb Code     2  heapauxi.o(.text)
    __read_errno                             0x0800029f   Thumb Code    10  _rserrno.o(.text)
    __set_errno                              0x080002a9   Thumb Code    12  _rserrno.o(.text)
    _printf_pre_padding                      0x080002b5   Thumb Code    44  _printf_pad.o(.text)
    _printf_post_padding                     0x080002e1   Thumb Code    34  _printf_pad.o(.text)
    _printf_truncate_signed                  0x08000303   Thumb Code    18  _printf_truncate.o(.text)
    _printf_truncate_unsigned                0x08000315   Thumb Code    18  _printf_truncate.o(.text)
    _printf_str                              0x08000327   Thumb Code    82  _printf_str.o(.text)
    _printf_int_dec                          0x08000379   Thumb Code   104  _printf_dec.o(.text)
    _printf_charcount                        0x080003f1   Thumb Code    40  _printf_charcount.o(.text)
    _printf_char_common                      0x08000423   Thumb Code    32  _printf_char_common.o(.text)
    _sputc                                   0x08000449   Thumb Code    10  _sputc.o(.text)
    _printf_wctomb                           0x08000455   Thumb Code   182  _printf_wctomb.o(.text)
    _printf_longlong_dec                     0x08000511   Thumb Code   108  _printf_longlong_dec.o(.text)
    _printf_longlong_oct                     0x0800058d   Thumb Code    66  _printf_oct_int_ll.o(.text)
    _printf_int_oct                          0x080005cf   Thumb Code    24  _printf_oct_int_ll.o(.text)
    _printf_ll_oct                           0x080005e7   Thumb Code    12  _printf_oct_int_ll.o(.text)
    _printf_longlong_hex                     0x080005fd   Thumb Code    86  _printf_hex_int_ll_ptr.o(.text)
    _printf_int_hex                          0x08000653   Thumb Code    28  _printf_hex_int_ll_ptr.o(.text)
    _printf_ll_hex                           0x0800066f   Thumb Code    12  _printf_hex_int_ll_ptr.o(.text)
    _printf_hex_ptr                          0x0800067b   Thumb Code    18  _printf_hex_int_ll_ptr.o(.text)
    __printf                                 0x08000691   Thumb Code   388  __printf_flags_ss_wp.o(.text)
    __aeabi_errno_addr                       0x08000819   Thumb Code     8  rt_errno_addr_intlibspace.o(.text)
    __errno$intlibspace                      0x08000819   Thumb Code     0  rt_errno_addr_intlibspace.o(.text)
    __rt_errno_addr$intlibspace              0x08000819   Thumb Code     0  rt_errno_addr_intlibspace.o(.text)
    _ll_udiv10                               0x08000821   Thumb Code   138  lludiv10.o(.text)
    _printf_int_common                       0x080008ab   Thumb Code   178  _printf_intcommon.o(.text)
    __lib_sel_fp_printf                      0x0800095d   Thumb Code     2  _printf_fp_dec.o(.text)
    _printf_fp_dec_real                      0x08000b0f   Thumb Code   620  _printf_fp_dec.o(.text)
    _printf_fp_hex_real                      0x08000d7d   Thumb Code   756  _printf_fp_hex.o(.text)
    _printf_cs_common                        0x08001079   Thumb Code    20  _printf_char.o(.text)
    _printf_char                             0x0800108d   Thumb Code    16  _printf_char.o(.text)
    _printf_string                           0x0800109d   Thumb Code     8  _printf_char.o(.text)
    _printf_lcs_common                       0x080010a5   Thumb Code    20  _printf_wchar.o(.text)
    _printf_wchar                            0x080010b9   Thumb Code    16  _printf_wchar.o(.text)
    _printf_wstring                          0x080010c9   Thumb Code     8  _printf_wchar.o(.text)
    _wcrtomb                                 0x080010d1   Thumb Code    64  _wcrtomb.o(.text)
    __user_libspace                          0x08001111   Thumb Code     8  libspace.o(.text)
    __user_perproc_libspace                  0x08001111   Thumb Code     0  libspace.o(.text)
    __user_perthread_libspace                0x08001111   Thumb Code     0  libspace.o(.text)
    __user_setup_stackheap                   0x08001119   Thumb Code    74  sys_stackheap_outer.o(.text)
    __rt_ctype_table                         0x08001165   Thumb Code    16  rt_ctype_table.o(.text)
    __rt_locale                              0x08001175   Thumb Code     8  rt_locale_intlibspace.o(.text)
    _printf_fp_infnan                        0x0800117d   Thumb Code   112  _printf_fp_infnan.o(.text)
    _btod_etento                             0x080011fd   Thumb Code   224  bigflt0.o(.text)
    exit                                     0x080012e1   Thumb Code    18  exit.o(.text)
    strcmp                                   0x080012f5   Thumb Code   128  strcmpv7m.o(.text)
    _sys_exit                                0x08001375   Thumb Code     8  sys_exit.o(.text)
    __I$use$semihosting                      0x08001381   Thumb Code     0  use_no_semi.o(.text)
    __use_no_semihosting_swi                 0x08001381   Thumb Code     2  use_no_semi.o(.text)
    __semihosting_library_function           0x08001383   Thumb Code     0  indicate_semi.o(.text)
    _btod_d2e                                0x08001383   Thumb Code    62  btod.o(CL$$btod_d2e)
    _d2e_denorm_low                          0x080013c1   Thumb Code    70  btod.o(CL$$btod_d2e_denorm_low)
    _d2e_norm_op1                            0x08001407   Thumb Code    96  btod.o(CL$$btod_d2e_norm_op1)
    __btod_div_common                        0x08001467   Thumb Code   696  btod.o(CL$$btod_div_common)
    _e2e                                     0x0800179f   Thumb Code   220  btod.o(CL$$btod_e2e)
    _btod_ediv                               0x0800187b   Thumb Code    42  btod.o(CL$$btod_ediv)
    _btod_emul                               0x080018a5   Thumb Code    42  btod.o(CL$$btod_emul)
    __btod_mult_common                       0x080018cf   Thumb Code   580  btod.o(CL$$btod_mult_common)
    BusFault_Handler                         0x08001b13   Thumb Code     4  stm32f10x_it.o(i.BusFault_Handler)
    CAN_ClearITPendingBit                    0x08001b19   Thumb Code   162  stm32f10x_can.o(i.CAN_ClearITPendingBit)
    CAN_Config                               0x08001bc1   Thumb Code   232  can.o(i.CAN_Config)
    CAN_FilterInit                           0x08001cb1   Thumb Code   258  stm32f10x_can.o(i.CAN_FilterInit)
    CAN_GetITStatus                          0x08001db9   Thumb Code   284  stm32f10x_can.o(i.CAN_GetITStatus)
    CAN_ITConfig                             0x08001ed9   Thumb Code    18  stm32f10x_can.o(i.CAN_ITConfig)
    CAN_Init                                 0x08001eeb   Thumb Code   276  stm32f10x_can.o(i.CAN_Init)
    CAN_Receive                              0x08001fff   Thumb Code   240  stm32f10x_can.o(i.CAN_Receive)
    CAN_SendMessage                          0x080020f1   Thumb Code    60  can.o(i.CAN_SendMessage)
    CAN_Transmit                             0x08002131   Thumb Code   294  stm32f10x_can.o(i.CAN_Transmit)
    CalCurveSPTA                             0x08002257   Thumb Code   406  pid.o(i.CalCurveSPTA)
    CurveObject_Init                         0x080023ff   Thumb Code    28  pid.o(i.CurveObject_Init)
    DebugMon_Handler                         0x0800241b   Thumb Code     2  stm32f10x_it.o(i.DebugMon_Handler)
    Delay_ms                                 0x0800241d   Thumb Code    24  delay.o(i.Delay_ms)
    Delay_us                                 0x08002435   Thumb Code    46  delay.o(i.Delay_us)
    GPIO_Config                              0x08002465   Thumb Code    40  gpio.o(i.GPIO_Config)
    GPIO_Init                                0x08002491   Thumb Code   278  stm32f10x_gpio.o(i.GPIO_Init)
    GPIO_ReadInputDataBit                    0x080025a7   Thumb Code    18  stm32f10x_gpio.o(i.GPIO_ReadInputDataBit)
    HardFault_Handler                        0x080025b9   Thumb Code     4  stm32f10x_it.o(i.HardFault_Handler)
    Key_GetNum                               0x080025bd   Thumb Code   164  key.o(i.Key_GetNum)
    Key_Init                                 0x08002669   Thumb Code    74  key.o(i.Key_Init)
    M3508_Init                               0x080026bd   Thumb Code    18  m3508.o(i.M3508_Init)
    M3508_SetCurrent                         0x080026cf   Thumb Code    74  m3508.o(i.M3508_SetCurrent)
    MemManage_Handler                        0x08002719   Thumb Code     4  stm32f10x_it.o(i.MemManage_Handler)
    NMI_Handler                              0x0800271d   Thumb Code     2  stm32f10x_it.o(i.NMI_Handler)
    NVIC_Init                                0x08002721   Thumb Code   100  misc.o(i.NVIC_Init)
    NVIC_PriorityGroupConfig                 0x08002791   Thumb Code    10  misc.o(i.NVIC_PriorityGroupConfig)
    PID_Calculate                            0x080027a5   Thumb Code   156  pid.o(i.PID_Calculate)
    PID_Init                                 0x08002841   Thumb Code    24  pid.o(i.PID_Init)
    PendSV_Handler                           0x08002859   Thumb Code     2  stm32f10x_it.o(i.PendSV_Handler)
    RCC_APB1PeriphClockCmd                   0x0800285d   Thumb Code    26  stm32f10x_rcc.o(i.RCC_APB1PeriphClockCmd)
    RCC_APB2PeriphClockCmd                   0x0800287d   Thumb Code    26  stm32f10x_rcc.o(i.RCC_APB2PeriphClockCmd)
    RCC_GetClocksFreq                        0x0800289d   Thumb Code   192  stm32f10x_rcc.o(i.RCC_GetClocksFreq)
    ResetCurvePlanning                       0x08002971   Thumb Code    12  pid.o(i.ResetCurvePlanning)
    SCurve_Init                              0x0800297d   Thumb Code    22  m3508.o(i.SCurve_Init)
    SVC_Handler                              0x08002999   Thumb Code     2  stm32f10x_it.o(i.SVC_Handler)
    Serial_Init                              0x0800299d   Thumb Code   178  usart.o(i.Serial_Init)
    Serial_Printf                            0x08002a59   Thumb Code    36  usart.o(i.Serial_Printf)
    Serial_SendByte                          0x08002a7d   Thumb Code    28  usart.o(i.Serial_SendByte)
    Serial_SendString                        0x08002a9d   Thumb Code    26  usart.o(i.Serial_SendString)
    SysTick_Handler                          0x08002ba1   Thumb Code     2  stm32f10x_it.o(i.SysTick_Handler)
    SystemInit                               0x08002ba5   Thumb Code    78  system_stm32f10x.o(i.SystemInit)
    TIM2_IRQHandler                          0x08002c05   Thumb Code    32  main.o(i.TIM2_IRQHandler)
    TIM2_Init                                0x08002c29   Thumb Code    90  timer.o(i.TIM2_Init)
    TIM3_Config                              0x08002c85   Thumb Code    90  timer.o(i.TIM3_Config)
    TIM3_IRQHandler                          0x08002ce9   Thumb Code    60  main.o(i.TIM3_IRQHandler)
    TIM_ClearITPendingBit                    0x08002d45   Thumb Code     6  stm32f10x_tim.o(i.TIM_ClearITPendingBit)
    TIM_Cmd                                  0x08002d4b   Thumb Code    24  stm32f10x_tim.o(i.TIM_Cmd)
    TIM_GetITStatus                          0x08002d63   Thumb Code    34  stm32f10x_tim.o(i.TIM_GetITStatus)
    TIM_ITConfig                             0x08002d85   Thumb Code    18  stm32f10x_tim.o(i.TIM_ITConfig)
    TIM_TimeBaseInit                         0x08002d99   Thumb Code   122  stm32f10x_tim.o(i.TIM_TimeBaseInit)
    USART_Cmd                                0x08002e3d   Thumb Code    24  stm32f10x_usart.o(i.USART_Cmd)
    USART_GetFlagStatus                      0x08002e55   Thumb Code    26  stm32f10x_usart.o(i.USART_GetFlagStatus)
    USART_ITConfig                           0x08002e6f   Thumb Code    74  stm32f10x_usart.o(i.USART_ITConfig)
    USART_Init                               0x08002eb9   Thumb Code   210  stm32f10x_usart.o(i.USART_Init)
    USART_SendData                           0x08002f91   Thumb Code     8  stm32f10x_usart.o(i.USART_SendData)
    USB_LP_CAN1_RX0_IRQHandler               0x08002f99   Thumb Code   122  can.o(i.USB_LP_CAN1_RX0_IRQHandler)
    UsageFault_Handler                       0x0800301d   Thumb Code     4  stm32f10x_it.o(i.UsageFault_Handler)
    __ARM_fpclassify                         0x08003021   Thumb Code    40  fpclassify.o(i.__ARM_fpclassify)
    __ARM_fpclassifyf                        0x08003049   Thumb Code    38  fpclassifyf.o(i.__ARM_fpclassifyf)
    __ieee754_rem_pio2                       0x08003071   Thumb Code   828  rred.o(i.__ieee754_rem_pio2)
    __kernel_cos                             0x080033f9   Thumb Code   230  cos_i.o(i.__kernel_cos)
    __kernel_poly                            0x080034f5   Thumb Code   170  poly.o(i.__kernel_poly)
    __kernel_sin                             0x080035a1   Thumb Code   224  sin_i.o(i.__kernel_sin)
    __mathlib_dbl_infnan                     0x0800368d   Thumb Code     6  dunder.o(i.__mathlib_dbl_infnan)
    __mathlib_dbl_invalid                    0x08003693   Thumb Code    12  dunder.o(i.__mathlib_dbl_invalid)
    __mathlib_dbl_underflow                  0x080036a1   Thumb Code    10  dunder.o(i.__mathlib_dbl_underflow)
    __mathlib_flt_infnan                     0x080036b1   Thumb Code     6  funder.o(i.__mathlib_flt_infnan)
    __mathlib_flt_overflow                   0x080036b7   Thumb Code    10  funder.o(i.__mathlib_flt_overflow)
    __mathlib_flt_underflow                  0x080036c1   Thumb Code    10  funder.o(i.__mathlib_flt_underflow)
    _is_digit                                0x080036cb   Thumb Code    14  __printf_wp.o(i._is_digit)
    candata_process                          0x080036d9   Thumb Code   100  can.o(i.candata_process)
    cos                                      0x08003745   Thumb Code   148  cos.o(i.cos)
    __mathlib_expf                           0x080037e1   Thumb Code     0  expf.o(i.expf)
    expf                                     0x080037e1   Thumb Code   322  expf.o(i.expf)
    float_abs                                0x08003951   Thumb Code    24  math.o(i.float_abs)
    float_limit                              0x08003969   Thumb Code    40  math.o(i.float_limit)
    main                                     0x08003991   Thumb Code   592  main.o(i.main)
    omni                                     0x08003c71   Thumb Code   938  omni.o(i.omni)
    sin                                      0x08004051   Thumb Code   150  sin.o(i.sin)
    _get_lc_numeric                          0x080040f1   Thumb Code    44  lc_numeric_c.o(locale$$code)
    _get_lc_ctype                            0x0800411d   Thumb Code    44  lc_ctype_c.o(locale$$code)
    __aeabi_d2f                              0x08004149   Thumb Code     0  d2f.o(x$fpl$d2f)
    _d2f                                     0x08004149   Thumb Code    98  d2f.o(x$fpl$d2f)
    __aeabi_dadd                             0x080041ad   Thumb Code     0  daddsub_clz.o(x$fpl$dadd)
    _dadd                                    0x080041ad   Thumb Code   332  daddsub_clz.o(x$fpl$dadd)
    __fpl_dcheck_NaN1                        0x080042fd   Thumb Code    10  dcheck1.o(x$fpl$dcheck1)
    __fpl_dcmp_Inf                           0x0800430d   Thumb Code    24  dcmpi.o(x$fpl$dcmpinf)
    __aeabi_ddiv                             0x08004325   Thumb Code     0  ddiv.o(x$fpl$ddiv)
    _ddiv                                    0x08004325   Thumb Code   552  ddiv.o(x$fpl$ddiv)
    __aeabi_d2iz                             0x080045d5   Thumb Code     0  dfix.o(x$fpl$dfix)
    _dfix                                    0x080045d5   Thumb Code    94  dfix.o(x$fpl$dfix)
    __aeabi_i2d                              0x08004633   Thumb Code     0  dflt_clz.o(x$fpl$dflt)
    _dflt                                    0x08004633   Thumb Code    46  dflt_clz.o(x$fpl$dflt)
    __aeabi_ui2d                             0x08004661   Thumb Code     0  dflt_clz.o(x$fpl$dfltu)
    _dfltu                                   0x08004661   Thumb Code    38  dflt_clz.o(x$fpl$dfltu)
    __aeabi_cdcmple                          0x08004689   Thumb Code     0  dleqf.o(x$fpl$dleqf)
    _dcmple                                  0x08004689   Thumb Code   120  dleqf.o(x$fpl$dleqf)
    __fpl_dcmple_InfNaN                      0x080046eb   Thumb Code     0  dleqf.o(x$fpl$dleqf)
    __aeabi_dmul                             0x08004701   Thumb Code     0  dmul.o(x$fpl$dmul)
    _dmul                                    0x08004701   Thumb Code   332  dmul.o(x$fpl$dmul)
    __fpl_dnaninf                            0x08004855   Thumb Code   156  dnaninf.o(x$fpl$dnaninf)
    __fpl_dretinf                            0x080048f1   Thumb Code    12  dretinf.o(x$fpl$dretinf)
    __aeabi_cdrcmple                         0x080048fd   Thumb Code     0  drleqf.o(x$fpl$drleqf)
    _drcmple                                 0x080048fd   Thumb Code   108  drleqf.o(x$fpl$drleqf)
    __aeabi_drsub                            0x08004969   Thumb Code     0  daddsub_clz.o(x$fpl$drsb)
    _drsb                                    0x08004969   Thumb Code    22  daddsub_clz.o(x$fpl$drsb)
    __aeabi_dsub                             0x08004981   Thumb Code     0  daddsub_clz.o(x$fpl$dsub)
    _dsub                                    0x08004981   Thumb Code   464  daddsub_clz.o(x$fpl$dsub)
    __aeabi_f2d                              0x08004b55   Thumb Code     0  f2d.o(x$fpl$f2d)
    _f2d                                     0x08004b55   Thumb Code    86  f2d.o(x$fpl$f2d)
    __aeabi_fadd                             0x08004bad   Thumb Code     0  faddsub_clz.o(x$fpl$fadd)
    _fadd                                    0x08004bad   Thumb Code   196  faddsub_clz.o(x$fpl$fadd)
    __fpl_fcheck_NaN1                        0x08004c71   Thumb Code     6  fcheck1.o(x$fpl$fcheck1)
    __fpl_fcmp_Inf                           0x08004c7d   Thumb Code    24  fcmpi.o(x$fpl$fcmpinf)
    __aeabi_fdiv                             0x08004c95   Thumb Code     0  fdiv.o(x$fpl$fdiv)
    _fdiv                                    0x08004c95   Thumb Code   384  fdiv.o(x$fpl$fdiv)
    __aeabi_cfcmpeq                          0x08004e19   Thumb Code     0  feqf.o(x$fpl$feqf)
    _fcmpeq                                  0x08004e19   Thumb Code   104  feqf.o(x$fpl$feqf)
    __aeabi_f2iz                             0x08004e81   Thumb Code     0  ffix.o(x$fpl$ffix)
    _ffix                                    0x08004e81   Thumb Code    54  ffix.o(x$fpl$ffix)
    __aeabi_f2uiz                            0x08004eb9   Thumb Code     0  ffixu.o(x$fpl$ffixu)
    _ffixu                                   0x08004eb9   Thumb Code    62  ffixu.o(x$fpl$ffixu)
    __aeabi_i2f                              0x08004ef9   Thumb Code     0  fflt_clz.o(x$fpl$fflt)
    _fflt                                    0x08004ef9   Thumb Code    48  fflt_clz.o(x$fpl$fflt)
    __aeabi_ui2f                             0x08004f29   Thumb Code     0  fflt_clz.o(x$fpl$ffltu)
    _ffltu                                   0x08004f29   Thumb Code    38  fflt_clz.o(x$fpl$ffltu)
    __aeabi_cfcmple                          0x08004f51   Thumb Code     0  fleqf.o(x$fpl$fleqf)
    _fcmple                                  0x08004f51   Thumb Code   104  fleqf.o(x$fpl$fleqf)
    __fpl_fcmple_InfNaN                      0x08004fa3   Thumb Code     0  fleqf.o(x$fpl$fleqf)
    __aeabi_fmul                             0x08004fb9   Thumb Code     0  fmul.o(x$fpl$fmul)
    _fmul                                    0x08004fb9   Thumb Code   258  fmul.o(x$fpl$fmul)
    __fpl_fnaninf                            0x080050bb   Thumb Code   140  fnaninf.o(x$fpl$fnaninf)
    __fpl_fretinf                            0x08005147   Thumb Code    10  fretinf.o(x$fpl$fretinf)
    __aeabi_cfrcmple                         0x08005151   Thumb Code     0  frleqf.o(x$fpl$frleqf)
    _frcmple                                 0x08005151   Thumb Code    98  frleqf.o(x$fpl$frleqf)
    _frnd                                    0x080051b5   Thumb Code    96  frnd.o(x$fpl$frnd)
    __aeabi_frsub                            0x08005215   Thumb Code     0  faddsub_clz.o(x$fpl$frsb)
    _frsb                                    0x08005215   Thumb Code    20  faddsub_clz.o(x$fpl$frsb)
    __aeabi_fsub                             0x08005229   Thumb Code     0  faddsub_clz.o(x$fpl$fsub)
    _fsub                                    0x08005229   Thumb Code   234  faddsub_clz.o(x$fpl$fsub)
    _printf_fp_dec                           0x08005313   Thumb Code     4  printf1.o(x$fpl$printf1)
    _printf_fp_hex                           0x08005317   Thumb Code     4  printf2.o(x$fpl$printf2)
    __fpl_return_NaN                         0x0800531b   Thumb Code   100  retnan.o(x$fpl$retnan)
    __ARM_scalbn                             0x0800537f   Thumb Code    92  scalbn.o(x$fpl$scalbn)
    __ARM_scalbnf                            0x080053db   Thumb Code    76  scalbnf.o(x$fpl$scalbnf)
    __fpl_cmpreturn                          0x08005427   Thumb Code    48  trapv.o(x$fpl$trapveneer)
    __I$use$fp                               0x08005456   Number         0  usenofp.o(x$fpl$usenofp)
    Region$$Table$$Base                      0x080056ac   Number         0  anon$$obj.o(Region$$Table)
    Region$$Table$$Limit                     0x080056cc   Number         0  anon$$obj.o(Region$$Table)
    __ctype                                  0x080056f5   Data           0  lc_ctype_c.o(locale$$data)
    target_speed                             0x2000002c   Data           4  main.o(.data)
    target_angle                             0x20000030   Data           4  main.o(.data)
    tim                                      0x20000034   Data           2  main.o(.data)
    can                                      0x20000036   Data           2  main.o(.data)
    system_time_ms                           0x20000038   Data           4  main.o(.data)
    speed_pid                                0x2000003c   Data          40  main.o(.bss)
    speed_pid1                               0x20000064   Data          40  main.o(.bss)
    speed_pid2                               0x2000008c   Data          40  main.o(.bss)
    speed_pid3                               0x200000b4   Data          40  main.o(.bss)
    motor                                    0x200000dc   Data          20  main.o(.bss)
    velocity_planner                         0x200000f0   Data          24  main.o(.bss)
    motor1                                   0x20000108   Data          20  main.o(.bss)
    velocity_planner1                        0x2000011c   Data          24  main.o(.bss)
    motor2                                   0x20000134   Data          20  main.o(.bss)
    velocity_planner2                        0x20000148   Data          24  main.o(.bss)
    motor3                                   0x20000160   Data          20  main.o(.bss)
    velocity_planner3                        0x20000174   Data          24  main.o(.bss)
    Motor                                    0x2000018c   Data          80  main.o(.bss)
    s_curve                                  0x200001dc   Data         144  main.o(.bss)
    __libspace_start                         0x2000026c   Data          96  libspace.o(.bss)
    __temporary_stack_top$libspace           0x200002cc   Data           0  libspace.o(.bss)



==============================================================================

Memory Map of the image

  Image Entry point : 0x080000ed

  Load Region LR_IROM1 (Base: 0x08000000, Size: 0x00005834, Max: 0x00080000, ABSOLUTE)

    Execution Region ER_IROM1 (Exec base: 0x08000000, Load base: 0x08000000, Size: 0x000057f8, Max: 0x00080000, ABSOLUTE)

    Exec Addr    Load Addr    Size         Type   Attr      Idx    E Section Name        Object

    0x08000000   0x08000000   0x000000ec   Data   RO            3    RESET               startup_stm32f10x_md.o
    0x080000ec   0x080000ec   0x00000008   Code   RO         4006  * !!!main             c_w.l(__main.o)
    0x080000f4   0x080000f4   0x00000034   Code   RO         4498    !!!scatter          c_w.l(__scatter.o)
    0x08000128   0x08000128   0x0000001a   Code   RO         4500    !!handler_copy      c_w.l(__scatter_copy.o)
    0x08000142   0x08000142   0x00000002   PAD
    0x08000144   0x08000144   0x0000001c   Code   RO         4502    !!handler_zi        c_w.l(__scatter_zi.o)
    0x08000160   0x08000160   0x00000000   Code   RO         4178    .ARM.Collect$$_printf_percent$$00000000  c_w.l(_printf_percent.o)
    0x08000160   0x08000160   0x00000006   Code   RO         4167    .ARM.Collect$$_printf_percent$$00000001  c_w.l(_printf_n.o)
    0x08000166   0x08000166   0x00000006   Code   RO         4169    .ARM.Collect$$_printf_percent$$00000002  c_w.l(_printf_p.o)
    0x0800016c   0x0800016c   0x00000006   Code   RO         4174    .ARM.Collect$$_printf_percent$$00000003  c_w.l(_printf_f.o)
    0x08000172   0x08000172   0x00000006   Code   RO         4175    .ARM.Collect$$_printf_percent$$00000004  c_w.l(_printf_e.o)
    0x08000178   0x08000178   0x00000006   Code   RO         4176    .ARM.Collect$$_printf_percent$$00000005  c_w.l(_printf_g.o)
    0x0800017e   0x0800017e   0x00000006   Code   RO         4177    .ARM.Collect$$_printf_percent$$00000006  c_w.l(_printf_a.o)
    0x08000184   0x08000184   0x0000000a   Code   RO         4182    .ARM.Collect$$_printf_percent$$00000007  c_w.l(_printf_ll.o)
    0x0800018e   0x0800018e   0x00000006   Code   RO         4171    .ARM.Collect$$_printf_percent$$00000008  c_w.l(_printf_i.o)
    0x08000194   0x08000194   0x00000006   Code   RO         4172    .ARM.Collect$$_printf_percent$$00000009  c_w.l(_printf_d.o)
    0x0800019a   0x0800019a   0x00000006   Code   RO         4173    .ARM.Collect$$_printf_percent$$0000000A  c_w.l(_printf_u.o)
    0x080001a0   0x080001a0   0x00000006   Code   RO         4170    .ARM.Collect$$_printf_percent$$0000000B  c_w.l(_printf_o.o)
    0x080001a6   0x080001a6   0x00000006   Code   RO         4168    .ARM.Collect$$_printf_percent$$0000000C  c_w.l(_printf_x.o)
    0x080001ac   0x080001ac   0x00000006   Code   RO         4179    .ARM.Collect$$_printf_percent$$0000000D  c_w.l(_printf_lli.o)
    0x080001b2   0x080001b2   0x00000006   Code   RO         4180    .ARM.Collect$$_printf_percent$$0000000E  c_w.l(_printf_lld.o)
    0x080001b8   0x080001b8   0x00000006   Code   RO         4181    .ARM.Collect$$_printf_percent$$0000000F  c_w.l(_printf_llu.o)
    0x080001be   0x080001be   0x00000006   Code   RO         4186    .ARM.Collect$$_printf_percent$$00000010  c_w.l(_printf_llo.o)
    0x080001c4   0x080001c4   0x00000006   Code   RO         4187    .ARM.Collect$$_printf_percent$$00000011  c_w.l(_printf_llx.o)
    0x080001ca   0x080001ca   0x0000000a   Code   RO         4183    .ARM.Collect$$_printf_percent$$00000012  c_w.l(_printf_l.o)
    0x080001d4   0x080001d4   0x00000006   Code   RO         4165    .ARM.Collect$$_printf_percent$$00000013  c_w.l(_printf_c.o)
    0x080001da   0x080001da   0x00000006   Code   RO         4166    .ARM.Collect$$_printf_percent$$00000014  c_w.l(_printf_s.o)
    0x080001e0   0x080001e0   0x00000006   Code   RO         4184    .ARM.Collect$$_printf_percent$$00000015  c_w.l(_printf_lc.o)
    0x080001e6   0x080001e6   0x00000006   Code   RO         4185    .ARM.Collect$$_printf_percent$$00000016  c_w.l(_printf_ls.o)
    0x080001ec   0x080001ec   0x00000004   Code   RO         4294    .ARM.Collect$$_printf_percent$$00000017  c_w.l(_printf_percent_end.o)
    0x080001f0   0x080001f0   0x00000002   Code   RO         4360    .ARM.Collect$$libinit$$00000000  c_w.l(libinit.o)
    0x080001f2   0x080001f2   0x00000000   Code   RO         4373    .ARM.Collect$$libinit$$00000002  c_w.l(libinit2.o)
    0x080001f2   0x080001f2   0x00000000   Code   RO         4375    .ARM.Collect$$libinit$$00000004  c_w.l(libinit2.o)
    0x080001f2   0x080001f2   0x00000000   Code   RO         4378    .ARM.Collect$$libinit$$0000000A  c_w.l(libinit2.o)
    0x080001f2   0x080001f2   0x00000000   Code   RO         4380    .ARM.Collect$$libinit$$0000000C  c_w.l(libinit2.o)
    0x080001f2   0x080001f2   0x00000000   Code   RO         4382    .ARM.Collect$$libinit$$0000000E  c_w.l(libinit2.o)
    0x080001f2   0x080001f2   0x00000006   Code   RO         4383    .ARM.Collect$$libinit$$0000000F  c_w.l(libinit2.o)
    0x080001f8   0x080001f8   0x00000000   Code   RO         4385    .ARM.Collect$$libinit$$00000011  c_w.l(libinit2.o)
    0x080001f8   0x080001f8   0x0000000c   Code   RO         4386    .ARM.Collect$$libinit$$00000012  c_w.l(libinit2.o)
    0x08000204   0x08000204   0x00000000   Code   RO         4387    .ARM.Collect$$libinit$$00000013  c_w.l(libinit2.o)
    0x08000204   0x08000204   0x00000000   Code   RO         4389    .ARM.Collect$$libinit$$00000015  c_w.l(libinit2.o)
    0x08000204   0x08000204   0x0000000a   Code   RO         4390    .ARM.Collect$$libinit$$00000016  c_w.l(libinit2.o)
    0x0800020e   0x0800020e   0x00000000   Code   RO         4391    .ARM.Collect$$libinit$$00000017  c_w.l(libinit2.o)
    0x0800020e   0x0800020e   0x00000000   Code   RO         4393    .ARM.Collect$$libinit$$00000019  c_w.l(libinit2.o)
    0x0800020e   0x0800020e   0x00000000   Code   RO         4395    .ARM.Collect$$libinit$$0000001B  c_w.l(libinit2.o)
    0x0800020e   0x0800020e   0x00000000   Code   RO         4397    .ARM.Collect$$libinit$$0000001D  c_w.l(libinit2.o)
    0x0800020e   0x0800020e   0x00000000   Code   RO         4399    .ARM.Collect$$libinit$$0000001F  c_w.l(libinit2.o)
    0x0800020e   0x0800020e   0x00000000   Code   RO         4401    .ARM.Collect$$libinit$$00000021  c_w.l(libinit2.o)
    0x0800020e   0x0800020e   0x00000000   Code   RO         4403    .ARM.Collect$$libinit$$00000023  c_w.l(libinit2.o)
    0x0800020e   0x0800020e   0x00000000   Code   RO         4405    .ARM.Collect$$libinit$$00000025  c_w.l(libinit2.o)
    0x0800020e   0x0800020e   0x00000000   Code   RO         4409    .ARM.Collect$$libinit$$0000002C  c_w.l(libinit2.o)
    0x0800020e   0x0800020e   0x00000000   Code   RO         4411    .ARM.Collect$$libinit$$0000002E  c_w.l(libinit2.o)
    0x0800020e   0x0800020e   0x00000000   Code   RO         4413    .ARM.Collect$$libinit$$00000030  c_w.l(libinit2.o)
    0x0800020e   0x0800020e   0x00000000   Code   RO         4415    .ARM.Collect$$libinit$$00000032  c_w.l(libinit2.o)
    0x0800020e   0x0800020e   0x00000002   Code   RO         4416    .ARM.Collect$$libinit$$00000033  c_w.l(libinit2.o)
    0x08000210   0x08000210   0x00000002   Code   RO         4438    .ARM.Collect$$libshutdown$$00000000  c_w.l(libshutdown.o)
    0x08000212   0x08000212   0x00000000   Code   RO         4451    .ARM.Collect$$libshutdown$$00000002  c_w.l(libshutdown2.o)
    0x08000212   0x08000212   0x00000000   Code   RO         4453    .ARM.Collect$$libshutdown$$00000004  c_w.l(libshutdown2.o)
    0x08000212   0x08000212   0x00000000   Code   RO         4456    .ARM.Collect$$libshutdown$$00000007  c_w.l(libshutdown2.o)
    0x08000212   0x08000212   0x00000000   Code   RO         4459    .ARM.Collect$$libshutdown$$0000000A  c_w.l(libshutdown2.o)
    0x08000212   0x08000212   0x00000000   Code   RO         4461    .ARM.Collect$$libshutdown$$0000000C  c_w.l(libshutdown2.o)
    0x08000212   0x08000212   0x00000000   Code   RO         4464    .ARM.Collect$$libshutdown$$0000000F  c_w.l(libshutdown2.o)
    0x08000212   0x08000212   0x00000002   Code   RO         4465    .ARM.Collect$$libshutdown$$00000010  c_w.l(libshutdown2.o)
    0x08000214   0x08000214   0x00000000   Code   RO         4094    .ARM.Collect$$rtentry$$00000000  c_w.l(__rtentry.o)
    0x08000214   0x08000214   0x00000000   Code   RO         4260    .ARM.Collect$$rtentry$$00000002  c_w.l(__rtentry2.o)
    0x08000214   0x08000214   0x00000006   Code   RO         4272    .ARM.Collect$$rtentry$$00000004  c_w.l(__rtentry4.o)
    0x0800021a   0x0800021a   0x00000000   Code   RO         4262    .ARM.Collect$$rtentry$$00000009  c_w.l(__rtentry2.o)
    0x0800021a   0x0800021a   0x00000004   Code   RO         4263    .ARM.Collect$$rtentry$$0000000A  c_w.l(__rtentry2.o)
    0x0800021e   0x0800021e   0x00000000   Code   RO         4265    .ARM.Collect$$rtentry$$0000000C  c_w.l(__rtentry2.o)
    0x0800021e   0x0800021e   0x00000008   Code   RO         4266    .ARM.Collect$$rtentry$$0000000D  c_w.l(__rtentry2.o)
    0x08000226   0x08000226   0x00000002   Code   RO         4365    .ARM.Collect$$rtexit$$00000000  c_w.l(rtexit.o)
    0x08000228   0x08000228   0x00000000   Code   RO         4420    .ARM.Collect$$rtexit$$00000002  c_w.l(rtexit2.o)
    0x08000228   0x08000228   0x00000004   Code   RO         4421    .ARM.Collect$$rtexit$$00000003  c_w.l(rtexit2.o)
    0x0800022c   0x0800022c   0x00000006   Code   RO         4422    .ARM.Collect$$rtexit$$00000004  c_w.l(rtexit2.o)
    0x08000232   0x08000232   0x00000002   PAD
    0x08000234   0x08000234   0x00000040   Code   RO            4    .text               startup_stm32f10x_md.o
    0x08000274   0x08000274   0x00000024   Code   RO         4002    .text               c_w.l(vsprintf.o)
    0x08000298   0x08000298   0x00000006   Code   RO         4004    .text               c_w.l(heapauxi.o)
    0x0800029e   0x0800029e   0x00000016   Code   RO         4095    .text               c_w.l(_rserrno.o)
    0x080002b4   0x080002b4   0x0000004e   Code   RO         4099    .text               c_w.l(_printf_pad.o)
    0x08000302   0x08000302   0x00000024   Code   RO         4101    .text               c_w.l(_printf_truncate.o)
    0x08000326   0x08000326   0x00000052   Code   RO         4103    .text               c_w.l(_printf_str.o)
    0x08000378   0x08000378   0x00000078   Code   RO         4105    .text               c_w.l(_printf_dec.o)
    0x080003f0   0x080003f0   0x00000028   Code   RO         4107    .text               c_w.l(_printf_charcount.o)
    0x08000418   0x08000418   0x00000030   Code   RO         4109    .text               c_w.l(_printf_char_common.o)
    0x08000448   0x08000448   0x0000000a   Code   RO         4111    .text               c_w.l(_sputc.o)
    0x08000452   0x08000452   0x00000002   PAD
    0x08000454   0x08000454   0x000000bc   Code   RO         4113    .text               c_w.l(_printf_wctomb.o)
    0x08000510   0x08000510   0x0000007c   Code   RO         4116    .text               c_w.l(_printf_longlong_dec.o)
    0x0800058c   0x0800058c   0x00000070   Code   RO         4122    .text               c_w.l(_printf_oct_int_ll.o)
    0x080005fc   0x080005fc   0x00000094   Code   RO         4142    .text               c_w.l(_printf_hex_int_ll_ptr.o)
    0x08000690   0x08000690   0x00000188   Code   RO         4162    .text               c_w.l(__printf_flags_ss_wp.o)
    0x08000818   0x08000818   0x00000008   Code   RO         4277    .text               c_w.l(rt_errno_addr_intlibspace.o)
    0x08000820   0x08000820   0x0000008a   Code   RO         4279    .text               c_w.l(lludiv10.o)
    0x080008aa   0x080008aa   0x000000b2   Code   RO         4281    .text               c_w.l(_printf_intcommon.o)
    0x0800095c   0x0800095c   0x0000041e   Code   RO         4283    .text               c_w.l(_printf_fp_dec.o)
    0x08000d7a   0x08000d7a   0x00000002   PAD
    0x08000d7c   0x08000d7c   0x000002fc   Code   RO         4285    .text               c_w.l(_printf_fp_hex.o)
    0x08001078   0x08001078   0x0000002c   Code   RO         4290    .text               c_w.l(_printf_char.o)
    0x080010a4   0x080010a4   0x0000002c   Code   RO         4292    .text               c_w.l(_printf_wchar.o)
    0x080010d0   0x080010d0   0x00000040   Code   RO         4295    .text               c_w.l(_wcrtomb.o)
    0x08001110   0x08001110   0x00000008   Code   RO         4311    .text               c_w.l(libspace.o)
    0x08001118   0x08001118   0x0000004a   Code   RO         4314    .text               c_w.l(sys_stackheap_outer.o)
    0x08001162   0x08001162   0x00000002   PAD
    0x08001164   0x08001164   0x00000010   Code   RO         4316    .text               c_w.l(rt_ctype_table.o)
    0x08001174   0x08001174   0x00000008   Code   RO         4321    .text               c_w.l(rt_locale_intlibspace.o)
    0x0800117c   0x0800117c   0x00000080   Code   RO         4323    .text               c_w.l(_printf_fp_infnan.o)
    0x080011fc   0x080011fc   0x000000e4   Code   RO         4325    .text               c_w.l(bigflt0.o)
    0x080012e0   0x080012e0   0x00000012   Code   RO         4353    .text               c_w.l(exit.o)
    0x080012f2   0x080012f2   0x00000002   PAD
    0x080012f4   0x080012f4   0x00000080   Code   RO         4370    .text               c_w.l(strcmpv7m.o)
    0x08001374   0x08001374   0x0000000c   Code   RO         4430    .text               c_w.l(sys_exit.o)
    0x08001380   0x08001380   0x00000002   Code   RO         4441    .text               c_w.l(use_no_semi.o)
    0x08001382   0x08001382   0x00000000   Code   RO         4443    .text               c_w.l(indicate_semi.o)
    0x08001382   0x08001382   0x0000003e   Code   RO         4328    CL$$btod_d2e        c_w.l(btod.o)
    0x080013c0   0x080013c0   0x00000046   Code   RO         4330    CL$$btod_d2e_denorm_low  c_w.l(btod.o)
    0x08001406   0x08001406   0x00000060   Code   RO         4329    CL$$btod_d2e_norm_op1  c_w.l(btod.o)
    0x08001466   0x08001466   0x00000338   Code   RO         4338    CL$$btod_div_common  c_w.l(btod.o)
    0x0800179e   0x0800179e   0x000000dc   Code   RO         4335    CL$$btod_e2e        c_w.l(btod.o)
    0x0800187a   0x0800187a   0x0000002a   Code   RO         4332    CL$$btod_ediv       c_w.l(btod.o)
    0x080018a4   0x080018a4   0x0000002a   Code   RO         4331    CL$$btod_emul       c_w.l(btod.o)
    0x080018ce   0x080018ce   0x00000244   Code   RO         4337    CL$$btod_mult_common  c_w.l(btod.o)
    0x08001b12   0x08001b12   0x00000004   Code   RO         3937    i.BusFault_Handler  stm32f10x_it.o
    0x08001b16   0x08001b16   0x00000002   PAD
    0x08001b18   0x08001b18   0x000000a8   Code   RO          507    i.CAN_ClearITPendingBit  stm32f10x_can.o
    0x08001bc0   0x08001bc0   0x000000f0   Code   RO         3480    i.CAN_Config        can.o
    0x08001cb0   0x08001cb0   0x00000108   Code   RO          511    i.CAN_FilterInit    stm32f10x_can.o
    0x08001db8   0x08001db8   0x00000120   Code   RO          513    i.CAN_GetITStatus   stm32f10x_can.o
    0x08001ed8   0x08001ed8   0x00000012   Code   RO          517    i.CAN_ITConfig      stm32f10x_can.o
    0x08001eea   0x08001eea   0x00000114   Code   RO          518    i.CAN_Init          stm32f10x_can.o
    0x08001ffe   0x08001ffe   0x000000f0   Code   RO          521    i.CAN_Receive       stm32f10x_can.o
    0x080020ee   0x080020ee   0x00000002   PAD
    0x080020f0   0x080020f0   0x00000040   Code   RO         3481    i.CAN_SendMessage   can.o
    0x08002130   0x08002130   0x00000126   Code   RO          526    i.CAN_Transmit      stm32f10x_can.o
    0x08002256   0x08002256   0x00000196   Code   RO         3561    i.CalCurveSPTA      pid.o
    0x080023ec   0x080023ec   0x00000012   Code   RO          529    i.CheckITStatus     stm32f10x_can.o
    0x080023fe   0x080023fe   0x0000001c   Code   RO         3562    i.CurveObject_Init  pid.o
    0x0800241a   0x0800241a   0x00000002   Code   RO         3938    i.DebugMon_Handler  stm32f10x_it.o
    0x0800241c   0x0800241c   0x00000018   Code   RO         3196    i.Delay_ms          delay.o
    0x08002434   0x08002434   0x0000002e   Code   RO         3198    i.Delay_us          delay.o
    0x08002462   0x08002462   0x00000002   PAD
    0x08002464   0x08002464   0x0000002c   Code   RO         3525    i.GPIO_Config       gpio.o
    0x08002490   0x08002490   0x00000116   Code   RO         1347    i.GPIO_Init         stm32f10x_gpio.o
    0x080025a6   0x080025a6   0x00000012   Code   RO         1351    i.GPIO_ReadInputDataBit  stm32f10x_gpio.o
    0x080025b8   0x080025b8   0x00000004   Code   RO         3939    i.HardFault_Handler  stm32f10x_it.o
    0x080025bc   0x080025bc   0x000000ac   Code   RO         3268    i.Key_GetNum        key.o
    0x08002668   0x08002668   0x00000054   Code   RO         3269    i.Key_Init          key.o
    0x080026bc   0x080026bc   0x00000012   Code   RO         3692    i.M3508_Init        m3508.o
    0x080026ce   0x080026ce   0x0000004a   Code   RO         3693    i.M3508_SetCurrent  m3508.o
    0x08002718   0x08002718   0x00000004   Code   RO         3940    i.MemManage_Handler  stm32f10x_it.o
    0x0800271c   0x0800271c   0x00000002   Code   RO         3941    i.NMI_Handler       stm32f10x_it.o
    0x0800271e   0x0800271e   0x00000002   PAD
    0x08002720   0x08002720   0x00000070   Code   RO          137    i.NVIC_Init         misc.o
    0x08002790   0x08002790   0x00000014   Code   RO          138    i.NVIC_PriorityGroupConfig  misc.o
    0x080027a4   0x080027a4   0x0000009c   Code   RO         3563    i.PID_Calculate     pid.o
    0x08002840   0x08002840   0x00000018   Code   RO         3564    i.PID_Init          pid.o
    0x08002858   0x08002858   0x00000002   Code   RO         3942    i.PendSV_Handler    stm32f10x_it.o
    0x0800285a   0x0800285a   0x00000002   PAD
    0x0800285c   0x0800285c   0x00000020   Code   RO         1775    i.RCC_APB1PeriphClockCmd  stm32f10x_rcc.o
    0x0800287c   0x0800287c   0x00000020   Code   RO         1777    i.RCC_APB2PeriphClockCmd  stm32f10x_rcc.o
    0x0800289c   0x0800289c   0x000000d4   Code   RO         1785    i.RCC_GetClocksFreq  stm32f10x_rcc.o
    0x08002970   0x08002970   0x0000000c   Code   RO         3565    i.ResetCurvePlanning  pid.o
    0x0800297c   0x0800297c   0x0000001c   Code   RO         3696    i.SCurve_Init       m3508.o
    0x08002998   0x08002998   0x00000002   Code   RO         3943    i.SVC_Handler       stm32f10x_it.o
    0x0800299a   0x0800299a   0x00000002   PAD
    0x0800299c   0x0800299c   0x000000bc   Code   RO         3748    i.Serial_Init       usart.o
    0x08002a58   0x08002a58   0x00000024   Code   RO         3749    i.Serial_Printf     usart.o
    0x08002a7c   0x08002a7c   0x00000020   Code   RO         3750    i.Serial_SendByte   usart.o
    0x08002a9c   0x08002a9c   0x0000001a   Code   RO         3751    i.Serial_SendString  usart.o
    0x08002ab6   0x08002ab6   0x00000008   Code   RO           24    i.SetSysClock       system_stm32f10x.o
    0x08002abe   0x08002abe   0x00000002   PAD
    0x08002ac0   0x08002ac0   0x000000e0   Code   RO           25    i.SetSysClockTo72   system_stm32f10x.o
    0x08002ba0   0x08002ba0   0x00000002   Code   RO         3944    i.SysTick_Handler   stm32f10x_it.o
    0x08002ba2   0x08002ba2   0x00000002   PAD
    0x08002ba4   0x08002ba4   0x00000060   Code   RO           27    i.SystemInit        system_stm32f10x.o
    0x08002c04   0x08002c04   0x00000024   Code   RO         3882    i.TIM2_IRQHandler   main.o
    0x08002c28   0x08002c28   0x0000005a   Code   RO         3540    i.TIM2_Init         timer.o
    0x08002c82   0x08002c82   0x00000002   PAD
    0x08002c84   0x08002c84   0x00000064   Code   RO         3541    i.TIM3_Config       timer.o
    0x08002ce8   0x08002ce8   0x0000005c   Code   RO         3883    i.TIM3_IRQHandler   main.o
    0x08002d44   0x08002d44   0x00000006   Code   RO         2416    i.TIM_ClearITPendingBit  stm32f10x_tim.o
    0x08002d4a   0x08002d4a   0x00000018   Code   RO         2421    i.TIM_Cmd           stm32f10x_tim.o
    0x08002d62   0x08002d62   0x00000022   Code   RO         2442    i.TIM_GetITStatus   stm32f10x_tim.o
    0x08002d84   0x08002d84   0x00000012   Code   RO         2446    i.TIM_ITConfig      stm32f10x_tim.o
    0x08002d96   0x08002d96   0x00000002   PAD
    0x08002d98   0x08002d98   0x000000a4   Code   RO         2492    i.TIM_TimeBaseInit  stm32f10x_tim.o
    0x08002e3c   0x08002e3c   0x00000018   Code   RO         2960    i.USART_Cmd         stm32f10x_usart.o
    0x08002e54   0x08002e54   0x0000001a   Code   RO         2963    i.USART_GetFlagStatus  stm32f10x_usart.o
    0x08002e6e   0x08002e6e   0x0000004a   Code   RO         2966    i.USART_ITConfig    stm32f10x_usart.o
    0x08002eb8   0x08002eb8   0x000000d8   Code   RO         2967    i.USART_Init        stm32f10x_usart.o
    0x08002f90   0x08002f90   0x00000008   Code   RO         2977    i.USART_SendData    stm32f10x_usart.o
    0x08002f98   0x08002f98   0x00000084   Code   RO         3482    i.USB_LP_CAN1_RX0_IRQHandler  can.o
    0x0800301c   0x0800301c   0x00000004   Code   RO         3945    i.UsageFault_Handler  stm32f10x_it.o
    0x08003020   0x08003020   0x00000028   Code   RO         4307    i.__ARM_fpclassify  m_ws.l(fpclassify.o)
    0x08003048   0x08003048   0x00000026   Code   RO         4232    i.__ARM_fpclassifyf  m_ws.l(fpclassifyf.o)
    0x0800306e   0x0800306e   0x00000002   PAD
    0x08003070   0x08003070   0x00000388   Code   RO         4248    i.__ieee754_rem_pio2  m_ws.l(rred.o)
    0x080033f8   0x080033f8   0x000000fc   Code   RO         4215    i.__kernel_cos      m_ws.l(cos_i.o)
    0x080034f4   0x080034f4   0x000000aa   Code   RO         4309    i.__kernel_poly     m_ws.l(poly.o)
    0x0800359e   0x0800359e   0x00000002   PAD
    0x080035a0   0x080035a0   0x000000ec   Code   RO         4253    i.__kernel_sin      m_ws.l(sin_i.o)
    0x0800368c   0x0800368c   0x00000006   Code   RO         4219    i.__mathlib_dbl_infnan  m_ws.l(dunder.o)
    0x08003692   0x08003692   0x0000000c   Code   RO         4221    i.__mathlib_dbl_invalid  m_ws.l(dunder.o)
    0x0800369e   0x0800369e   0x00000002   PAD
    0x080036a0   0x080036a0   0x00000010   Code   RO         4224    i.__mathlib_dbl_underflow  m_ws.l(dunder.o)
    0x080036b0   0x080036b0   0x00000006   Code   RO         4235    i.__mathlib_flt_infnan  m_ws.l(funder.o)
    0x080036b6   0x080036b6   0x0000000a   Code   RO         4238    i.__mathlib_flt_overflow  m_ws.l(funder.o)
    0x080036c0   0x080036c0   0x0000000a   Code   RO         4240    i.__mathlib_flt_underflow  m_ws.l(funder.o)
    0x080036ca   0x080036ca   0x0000000e   Code   RO         4155    i._is_digit         c_w.l(__printf_wp.o)
    0x080036d8   0x080036d8   0x0000006c   Code   RO         3483    i.candata_process   can.o
    0x08003744   0x08003744   0x0000009c   Code   RO         4065    i.cos               m_ws.l(cos.o)
    0x080037e0   0x080037e0   0x00000170   Code   RO         4073    i.expf              m_ws.l(expf.o)
    0x08003950   0x08003950   0x00000018   Code   RO         3826    i.float_abs         math.o
    0x08003968   0x08003968   0x00000028   Code   RO         3827    i.float_limit       math.o
    0x08003990   0x08003990   0x000002e0   Code   RO         3884    i.main              main.o
    0x08003c70   0x08003c70   0x000003e0   Code   RO         3807    i.omni              omni.o
    0x08004050   0x08004050   0x000000a0   Code   RO         4083    i.sin               m_ws.l(sin.o)
    0x080040f0   0x080040f0   0x0000002c   Code   RO         4351    locale$$code        c_w.l(lc_numeric_c.o)
    0x0800411c   0x0800411c   0x0000002c   Code   RO         4368    locale$$code        c_w.l(lc_ctype_c.o)
    0x08004148   0x08004148   0x00000062   Code   RO         4008    x$fpl$d2f           fz_ws.l(d2f.o)
    0x080041aa   0x080041aa   0x00000002   PAD
    0x080041ac   0x080041ac   0x00000150   Code   RO         4010    x$fpl$dadd          fz_ws.l(daddsub_clz.o)
    0x080042fc   0x080042fc   0x00000010   Code   RO         4361    x$fpl$dcheck1       fz_ws.l(dcheck1.o)
    0x0800430c   0x0800430c   0x00000018   Code   RO         4188    x$fpl$dcmpinf       fz_ws.l(dcmpi.o)
    0x08004324   0x08004324   0x000002b0   Code   RO         4017    x$fpl$ddiv          fz_ws.l(ddiv.o)
    0x080045d4   0x080045d4   0x0000005e   Code   RO         4020    x$fpl$dfix          fz_ws.l(dfix.o)
    0x08004632   0x08004632   0x0000002e   Code   RO         4298    x$fpl$dflt          fz_ws.l(dflt_clz.o)
    0x08004660   0x08004660   0x00000026   Code   RO         4297    x$fpl$dfltu         fz_ws.l(dflt_clz.o)
    0x08004686   0x08004686   0x00000002   PAD
    0x08004688   0x08004688   0x00000078   Code   RO         4024    x$fpl$dleqf         fz_ws.l(dleqf.o)
    0x08004700   0x08004700   0x00000154   Code   RO         4026    x$fpl$dmul          fz_ws.l(dmul.o)
    0x08004854   0x08004854   0x0000009c   Code   RO         4190    x$fpl$dnaninf       fz_ws.l(dnaninf.o)
    0x080048f0   0x080048f0   0x0000000c   Code   RO         4192    x$fpl$dretinf       fz_ws.l(dretinf.o)
    0x080048fc   0x080048fc   0x0000006c   Code   RO         4028    x$fpl$drleqf        fz_ws.l(drleqf.o)
    0x08004968   0x08004968   0x00000016   Code   RO         4011    x$fpl$drsb          fz_ws.l(daddsub_clz.o)
    0x0800497e   0x0800497e   0x00000002   PAD
    0x08004980   0x08004980   0x000001d4   Code   RO         4012    x$fpl$dsub          fz_ws.l(daddsub_clz.o)
    0x08004b54   0x08004b54   0x00000056   Code   RO         4030    x$fpl$f2d           fz_ws.l(f2d.o)
    0x08004baa   0x08004baa   0x00000002   PAD
    0x08004bac   0x08004bac   0x000000c4   Code   RO         4032    x$fpl$fadd          fz_ws.l(faddsub_clz.o)
    0x08004c70   0x08004c70   0x0000000c   Code   RO         4303    x$fpl$fcheck1       fz_ws.l(fcheck1.o)
    0x08004c7c   0x08004c7c   0x00000018   Code   RO         4194    x$fpl$fcmpinf       fz_ws.l(fcmpi.o)
    0x08004c94   0x08004c94   0x00000184   Code   RO         4039    x$fpl$fdiv          fz_ws.l(fdiv.o)
    0x08004e18   0x08004e18   0x00000068   Code   RO         4042    x$fpl$feqf          fz_ws.l(feqf.o)
    0x08004e80   0x08004e80   0x00000036   Code   RO         4044    x$fpl$ffix          fz_ws.l(ffix.o)
    0x08004eb6   0x08004eb6   0x00000002   PAD
    0x08004eb8   0x08004eb8   0x0000003e   Code   RO         4048    x$fpl$ffixu         fz_ws.l(ffixu.o)
    0x08004ef6   0x08004ef6   0x00000002   PAD
    0x08004ef8   0x08004ef8   0x00000030   Code   RO         4053    x$fpl$fflt          fz_ws.l(fflt_clz.o)
    0x08004f28   0x08004f28   0x00000026   Code   RO         4052    x$fpl$ffltu         fz_ws.l(fflt_clz.o)
    0x08004f4e   0x08004f4e   0x00000002   PAD
    0x08004f50   0x08004f50   0x00000068   Code   RO         4058    x$fpl$fleqf         fz_ws.l(fleqf.o)
    0x08004fb8   0x08004fb8   0x00000102   Code   RO         4060    x$fpl$fmul          fz_ws.l(fmul.o)
    0x080050ba   0x080050ba   0x0000008c   Code   RO         4196    x$fpl$fnaninf       fz_ws.l(fnaninf.o)
    0x08005146   0x08005146   0x0000000a   Code   RO         4198    x$fpl$fretinf       fz_ws.l(fretinf.o)
    0x08005150   0x08005150   0x00000062   Code   RO         4062    x$fpl$frleqf        fz_ws.l(frleqf.o)
    0x080051b2   0x080051b2   0x00000002   PAD
    0x080051b4   0x080051b4   0x00000060   Code   RO         4200    x$fpl$frnd          fz_ws.l(frnd.o)
    0x08005214   0x08005214   0x00000014   Code   RO         4033    x$fpl$frsb          fz_ws.l(faddsub_clz.o)
    0x08005228   0x08005228   0x000000ea   Code   RO         4034    x$fpl$fsub          fz_ws.l(faddsub_clz.o)
    0x08005312   0x08005312   0x00000004   Code   RO         4204    x$fpl$printf1       fz_ws.l(printf1.o)
    0x08005316   0x08005316   0x00000004   Code   RO         4206    x$fpl$printf2       fz_ws.l(printf2.o)
    0x0800531a   0x0800531a   0x00000064   Code   RO         4363    x$fpl$retnan        fz_ws.l(retnan.o)
    0x0800537e   0x0800537e   0x0000005c   Code   RO         4305    x$fpl$scalbn        fz_ws.l(scalbn.o)
    0x080053da   0x080053da   0x0000004c   Code   RO         4212    x$fpl$scalbnf       fz_ws.l(scalbnf.o)
    0x08005426   0x08005426   0x00000030   Code   RO         4417    x$fpl$trapveneer    fz_ws.l(trapv.o)
    0x08005456   0x08005456   0x00000000   Code   RO         4214    x$fpl$usenofp       fz_ws.l(usenofp.o)
    0x08005456   0x08005456   0x00000002   PAD
    0x08005458   0x08005458   0x00000030   Data   RO         4074    .constdata          m_ws.l(expf.o)
    0x08005488   0x08005488   0x00000008   Data   RO         4114    .constdata          c_w.l(_printf_wctomb.o)
    0x08005490   0x08005490   0x00000028   Data   RO         4143    .constdata          c_w.l(_printf_hex_int_ll_ptr.o)
    0x080054b8   0x080054b8   0x00000011   Data   RO         4163    .constdata          c_w.l(__printf_flags_ss_wp.o)
    0x080054c9   0x080054c9   0x00000007   PAD
    0x080054d0   0x080054d0   0x00000030   Data   RO         4216    .constdata          m_ws.l(cos_i.o)
    0x08005500   0x08005500   0x000000c8   Data   RO         4250    .constdata          m_ws.l(rred.o)
    0x080055c8   0x080055c8   0x00000028   Data   RO         4254    .constdata          m_ws.l(sin_i.o)
    0x080055f0   0x080055f0   0x00000026   Data   RO         4286    .constdata          c_w.l(_printf_fp_hex.o)
    0x08005616   0x08005616   0x00000002   PAD
    0x08005618   0x08005618   0x00000094   Data   RO         4326    .constdata          c_w.l(bigflt0.o)
    0x080056ac   0x080056ac   0x00000020   Data   RO         4496    Region$$Table       anon$$obj.o
    0x080056cc   0x080056cc   0x0000001c   Data   RO         4350    locale$$data        c_w.l(lc_numeric_c.o)
    0x080056e8   0x080056e8   0x00000110   Data   RO         4367    locale$$data        c_w.l(lc_ctype_c.o)


    Execution Region RW_IRAM1 (Exec base: 0x20000000, Load base: 0x080057f8, Size: 0x000008d0, Max: 0x00010000, ABSOLUTE)

    Exec Addr    Load Addr    Size         Type   Attr      Idx    E Section Name        Object

    0x20000000   0x080057f8   0x00000014   Data   RW         1805    .data               stm32f10x_rcc.o
    0x20000014   0x0800580c   0x00000008   Data   RW         3484    .data               can.o
    0x2000001c   0x08005814   0x00000010   Data   RW         3808    .data               omni.o
    0x2000002c   0x08005824   0x00000010   Data   RW         3886    .data               main.o
    0x2000003c        -       0x00000230   Zero   RW         3885    .bss                main.o
    0x2000026c        -       0x00000060   Zero   RW         4312    .bss                c_w.l(libspace.o)
    0x200002cc   0x08005834   0x00000004   PAD
    0x200002d0        -       0x00000200   Zero   RW            2    HEAP                startup_stm32f10x_md.o
    0x200004d0        -       0x00000400   Zero   RW            1    STACK               startup_stm32f10x_md.o


==============================================================================

Image component sizes


      Code (inc. data)   RO Data    RW Data    ZI Data      Debug   Object Name

       544         30          0          8          0       3905   can.o
         0          0          0          0          0       4500   core_cm3.o
        70          0          0          0          0        930   delay.o
        44          4          0          0          0        470   gpio.o
       256         18          0          0          0     242872   key.o
       120          6          0          0          0       2867   m3508.o
       864        180          0         16        560       4137   main.o
        64          0          0          0          0       1170   math.o
       132         22          0          0          0     206159   misc.o
       992         54          0         16          0       1923   omni.o
       626          0          0          0          0       4318   pid.o
        64         26        236          0       1536        820   startup_stm32f10x_md.o
      1566         16          0          0          0      14274   stm32f10x_can.o
       296          0          0          0          0      10804   stm32f10x_gpio.o
        26          0          0          0          0       3758   stm32f10x_it.o
       276         32          0         20          0      12974   stm32f10x_rcc.o
       246         42          0          0          0      23658   stm32f10x_tim.o
       348          6          0          0          0      10653   stm32f10x_usart.o
       328         28          0          0          0      24909   system_stm32f10x.o
       190         10          0          0          0       1170   timer.o
       282         14          0          0          0     206140   usart.o

    ----------------------------------------------------------------------
      7354        488        268         60       2096     782411   Object Totals
         0          0         32          0          0          0   (incl. Generated)
        20          0          0          0          0          0   (incl. Padding)

    ----------------------------------------------------------------------

      Code (inc. data)   RO Data    RW Data    ZI Data      Debug   Library Member Name

         8          0          0          0          0         68   __main.o
       392          4         17          0          0         92   __printf_flags_ss_wp.o
        14          0          0          0          0         68   __printf_wp.o
         0          0          0          0          0          0   __rtentry.o
        12          0          0          0          0          0   __rtentry2.o
         6          0          0          0          0          0   __rtentry4.o
        52          8          0          0          0          0   __scatter.o
        26          0          0          0          0          0   __scatter_copy.o
        28          0          0          0          0          0   __scatter_zi.o
         6          0          0          0          0          0   _printf_a.o
         6          0          0          0          0          0   _printf_c.o
        44          0          0          0          0        108   _printf_char.o
        48          6          0          0          0         96   _printf_char_common.o
        40          0          0          0          0         68   _printf_charcount.o
         6          0          0          0          0          0   _printf_d.o
       120         16          0          0          0         92   _printf_dec.o
         6          0          0          0          0          0   _printf_e.o
         6          0          0          0          0          0   _printf_f.o
      1054          0          0          0          0        216   _printf_fp_dec.o
       764          8         38          0          0        100   _printf_fp_hex.o
       128         16          0          0          0         84   _printf_fp_infnan.o
         6          0          0          0          0          0   _printf_g.o
       148          4         40          0          0        160   _printf_hex_int_ll_ptr.o
         6          0          0          0          0          0   _printf_i.o
       178          0          0          0          0         88   _printf_intcommon.o
        10          0          0          0          0          0   _printf_l.o
         6          0          0          0          0          0   _printf_lc.o
        10          0          0          0          0          0   _printf_ll.o
         6          0          0          0          0          0   _printf_lld.o
         6          0          0          0          0          0   _printf_lli.o
         6          0          0          0          0          0   _printf_llo.o
         6          0          0          0          0          0   _printf_llu.o
         6          0          0          0          0          0   _printf_llx.o
       124         16          0          0          0         92   _printf_longlong_dec.o
         6          0          0          0          0          0   _printf_ls.o
         6          0          0          0          0          0   _printf_n.o
         6          0          0          0          0          0   _printf_o.o
       112         10          0          0          0        124   _printf_oct_int_ll.o
         6          0          0          0          0          0   _printf_p.o
        78          0          0          0          0        108   _printf_pad.o
         0          0          0          0          0          0   _printf_percent.o
         4          0          0          0          0          0   _printf_percent_end.o
         6          0          0          0          0          0   _printf_s.o
        82          0          0          0          0         80   _printf_str.o
        36          0          0          0          0         84   _printf_truncate.o
         6          0          0          0          0          0   _printf_u.o
        44          0          0          0          0        108   _printf_wchar.o
       188          6          8          0          0         92   _printf_wctomb.o
         6          0          0          0          0          0   _printf_x.o
        22          0          0          0          0        100   _rserrno.o
        10          0          0          0          0         68   _sputc.o
        64          0          0          0          0         92   _wcrtomb.o
       228          4        148          0          0         96   bigflt0.o
      1936        128          0          0          0        672   btod.o
        18          0          0          0          0         80   exit.o
         6          0          0          0          0        152   heapauxi.o
         0          0          0          0          0          0   indicate_semi.o
        44         10        272          0          0         76   lc_ctype_c.o
        44         10         28          0          0         76   lc_numeric_c.o
         2          0          0          0          0          0   libinit.o
        30          0          0          0          0          0   libinit2.o
         2          0          0          0          0          0   libshutdown.o
         2          0          0          0          0          0   libshutdown2.o
         8          4          0          0         96         68   libspace.o
       138          0          0          0          0         80   lludiv10.o
        16          4          0          0          0         76   rt_ctype_table.o
         8          4          0          0          0         68   rt_errno_addr_intlibspace.o
         8          4          0          0          0         68   rt_locale_intlibspace.o
         2          0          0          0          0          0   rtexit.o
        10          0          0          0          0          0   rtexit2.o
       128          0          0          0          0         68   strcmpv7m.o
        12          4          0          0          0         68   sys_exit.o
        74          0          0          0          0         80   sys_stackheap_outer.o
         2          0          0          0          0         68   use_no_semi.o
        36          4          0          0          0         76   vsprintf.o
        98          4          0          0          0         92   d2f.o
       826         16          0          0          0        348   daddsub_clz.o
        16          4          0          0          0         68   dcheck1.o
        24          0          0          0          0         68   dcmpi.o
       688        140          0          0          0        208   ddiv.o
        94          4          0          0          0         92   dfix.o
        84          0          0          0          0        136   dflt_clz.o
       120          4          0          0          0         92   dleqf.o
       340         12          0          0          0        104   dmul.o
       156          4          0          0          0         92   dnaninf.o
        12          0          0          0          0         68   dretinf.o
       108          0          0          0          0         80   drleqf.o
        86          4          0          0          0         84   f2d.o
       450          8          0          0          0        236   faddsub_clz.o
        12          4          0          0          0         68   fcheck1.o
        24          0          0          0          0         68   fcmpi.o
       388         76          0          0          0         96   fdiv.o
       104          4          0          0          0         84   feqf.o
        54          4          0          0          0         84   ffix.o
        62          4          0          0          0         84   ffixu.o
        86          0          0          0          0        136   fflt_clz.o
       104          4          0          0          0         84   fleqf.o
       258          4          0          0          0         84   fmul.o
       140          4          0          0          0         84   fnaninf.o
        10          0          0          0          0         68   fretinf.o
        98          0          0          0          0         68   frleqf.o
        96          4          0          0          0         76   frnd.o
         4          0          0          0          0         68   printf1.o
         4          0          0          0          0         68   printf2.o
       100          0          0          0          0         68   retnan.o
        92          0          0          0          0         68   scalbn.o
        76          0          0          0          0         68   scalbnf.o
        48          0          0          0          0         68   trapv.o
         0          0          0          0          0          0   usenofp.o
       156          8          0          0          0        104   cos.o
       252         22         48          0          0        124   cos_i.o
        34          6          0          0          0        204   dunder.o
       368         46         48          0          0        156   expf.o
        40          0          0          0          0         68   fpclassify.o
        38          0          0          0          0         68   fpclassifyf.o
        26          0          0          0          0        204   funder.o
       170          0          0          0          0         96   poly.o
       904         76        200          0          0        140   rred.o
       160         10          0          0          0        108   sin.o
       236         12         40          0          0        128   sin_i.o

    ----------------------------------------------------------------------
     14002        758        896          0        100       8720   Library Totals
        36          0          9          0          4          0   (incl. Padding)

    ----------------------------------------------------------------------

      Code (inc. data)   RO Data    RW Data    ZI Data      Debug   Library Name

      6720        270        551          0         96       4060   c_w.l
      4862        308          0          0          0       3260   fz_ws.l
      2384        180        336          0          0       1400   m_ws.l

    ----------------------------------------------------------------------
     14002        758        896          0        100       8720   Library Totals

    ----------------------------------------------------------------------

==============================================================================


      Code (inc. data)   RO Data    RW Data    ZI Data      Debug   

     21356       1246       1164         60       2196     782911   Grand Totals
     21356       1246       1164         60       2196     782911   ELF Image Totals
     21356       1246       1164         60          0          0   ROM Totals

==============================================================================

    Total RO  Size (Code + RO Data)                22520 (  21.99kB)
    Total RW  Size (RW Data + ZI Data)              2256 (   2.20kB)
    Total ROM Size (Code + RO Data + RW Data)      22580 (  22.05kB)

==============================================================================

